Archive member included to satisfy reference by file (symbol)

/usr/lib/gcc/arm-none-eabi/12.2.1/thumb/v6-m/nofp/libgcc.a(_dvmd_tls.o)
                              CMakeFiles/flash_nuke.dir/home/vboxuser/pico/pico-sdk/src/rp2_common/pico_divider/divider.S.obj (__aeabi_idiv0)
/usr/lib/gcc/arm-none-eabi/12.2.1/../../../arm-none-eabi/lib/thumb/v6-m/nofp/libc.a(lib_a-calloc.o)
                              CMakeFiles/flash_nuke.dir/home/vboxuser/pico/pico-sdk/src/rp2_common/pico_malloc/pico_malloc.c.obj (calloc)
/usr/lib/gcc/arm-none-eabi/12.2.1/../../../arm-none-eabi/lib/thumb/v6-m/nofp/libc.a(lib_a-callocr.o)
                              /usr/lib/gcc/arm-none-eabi/12.2.1/../../../arm-none-eabi/lib/thumb/v6-m/nofp/libc.a(lib_a-calloc.o) (_calloc_r)
/usr/lib/gcc/arm-none-eabi/12.2.1/../../../arm-none-eabi/lib/thumb/v6-m/nofp/libc.a(lib_a-impure.o)
                              /usr/lib/gcc/arm-none-eabi/12.2.1/../../../arm-none-eabi/lib/thumb/v6-m/nofp/libc.a(lib_a-calloc.o) (_impure_ptr)
/usr/lib/gcc/arm-none-eabi/12.2.1/../../../arm-none-eabi/lib/thumb/v6-m/nofp/libc.a(lib_a-malloc.o)
                              CMakeFiles/flash_nuke.dir/home/vboxuser/pico/pico-sdk/src/rp2_common/pico_malloc/pico_malloc.c.obj (malloc)
/usr/lib/gcc/arm-none-eabi/12.2.1/../../../arm-none-eabi/lib/thumb/v6-m/nofp/libc.a(lib_a-mallocr.o)
                              /usr/lib/gcc/arm-none-eabi/12.2.1/../../../arm-none-eabi/lib/thumb/v6-m/nofp/libc.a(lib_a-callocr.o) (_malloc_r)
/usr/lib/gcc/arm-none-eabi/12.2.1/../../../arm-none-eabi/lib/thumb/v6-m/nofp/libc.a(lib_a-mlock.o)
                              /usr/lib/gcc/arm-none-eabi/12.2.1/../../../arm-none-eabi/lib/thumb/v6-m/nofp/libc.a(lib_a-mallocr.o) (__malloc_lock)
/usr/lib/gcc/arm-none-eabi/12.2.1/../../../arm-none-eabi/lib/thumb/v6-m/nofp/libc.a(lib_a-realloc.o)
                              CMakeFiles/flash_nuke.dir/home/vboxuser/pico/pico-sdk/src/rp2_common/pico_malloc/pico_malloc.c.obj (realloc)
/usr/lib/gcc/arm-none-eabi/12.2.1/../../../arm-none-eabi/lib/thumb/v6-m/nofp/libc.a(lib_a-reallocr.o)
                              /usr/lib/gcc/arm-none-eabi/12.2.1/../../../arm-none-eabi/lib/thumb/v6-m/nofp/libc.a(lib_a-realloc.o) (_realloc_r)
/usr/lib/gcc/arm-none-eabi/12.2.1/../../../arm-none-eabi/lib/thumb/v6-m/nofp/libc.a(lib_a-sbrkr.o)
                              /usr/lib/gcc/arm-none-eabi/12.2.1/../../../arm-none-eabi/lib/thumb/v6-m/nofp/libc.a(lib_a-mallocr.o) (_sbrk_r)
/usr/lib/gcc/arm-none-eabi/12.2.1/../../../arm-none-eabi/lib/thumb/v6-m/nofp/libc.a(lib_a-strlen-stub.o)
                              CMakeFiles/flash_nuke.dir/home/vboxuser/pico/pico-sdk/src/rp2_common/pico_stdio/stdio.c.obj (strlen)
/usr/lib/gcc/arm-none-eabi/12.2.1/../../../arm-none-eabi/lib/thumb/v6-m/nofp/libc.a(lib_a-freer.o)
                              /usr/lib/gcc/arm-none-eabi/12.2.1/../../../arm-none-eabi/lib/thumb/v6-m/nofp/libc.a(lib_a-malloc.o) (_free_r)
/usr/lib/gcc/arm-none-eabi/12.2.1/../../../arm-none-eabi/lib/thumb/v6-m/nofp/libc.a(lib_a-memmove.o)
                              /usr/lib/gcc/arm-none-eabi/12.2.1/../../../arm-none-eabi/lib/thumb/v6-m/nofp/libc.a(lib_a-reallocr.o) (memmove)
/usr/lib/gcc/arm-none-eabi/12.2.1/../../../arm-none-eabi/lib/thumb/v6-m/nofp/libc.a(lib_a-reent.o)
                              /usr/lib/gcc/arm-none-eabi/12.2.1/../../../arm-none-eabi/lib/thumb/v6-m/nofp/libc.a(lib_a-sbrkr.o) (errno)

Discarded input sections

 .text          0x00000000        0x0 CMakeFiles/flash_nuke.dir/nuke.c.obj
 .data          0x00000000        0x0 CMakeFiles/flash_nuke.dir/nuke.c.obj
 .bss           0x00000000        0x0 CMakeFiles/flash_nuke.dir/nuke.c.obj
 .text          0x00000000        0x0 CMakeFiles/flash_nuke.dir/home/vboxuser/pico/pico-sdk/src/rp2_common/pico_stdlib/stdlib.c.obj
 .data          0x00000000        0x0 CMakeFiles/flash_nuke.dir/home/vboxuser/pico/pico-sdk/src/rp2_common/pico_stdlib/stdlib.c.obj
 .bss           0x00000000        0x0 CMakeFiles/flash_nuke.dir/home/vboxuser/pico/pico-sdk/src/rp2_common/pico_stdlib/stdlib.c.obj
 .text.set_sys_clock_48mhz
                0x00000000       0x40 CMakeFiles/flash_nuke.dir/home/vboxuser/pico/pico-sdk/src/rp2_common/pico_stdlib/stdlib.c.obj
 .text.set_sys_clock_pll
                0x00000000       0x78 CMakeFiles/flash_nuke.dir/home/vboxuser/pico/pico-sdk/src/rp2_common/pico_stdlib/stdlib.c.obj
 .text.check_sys_clock_khz
                0x00000000      0x210 CMakeFiles/flash_nuke.dir/home/vboxuser/pico/pico-sdk/src/rp2_common/pico_stdlib/stdlib.c.obj
 .text.setup_default_uart
                0x00000000        0x8 CMakeFiles/flash_nuke.dir/home/vboxuser/pico/pico-sdk/src/rp2_common/pico_stdlib/stdlib.c.obj
 .comment       0x00000000       0x27 CMakeFiles/flash_nuke.dir/home/vboxuser/pico/pico-sdk/src/rp2_common/pico_stdlib/stdlib.c.obj
 .ARM.attributes
                0x00000000       0x2c CMakeFiles/flash_nuke.dir/home/vboxuser/pico/pico-sdk/src/rp2_common/pico_stdlib/stdlib.c.obj
[...]
Memory Configuration

Name             Origin             Length             Attributes
RAM              0x20000000         0x00040000         xrw
SCRATCH_X        0x20040000         0x00001000         xrw
SCRATCH_Y        0x20041000         0x00001000         xrw
*default*        0x00000000         0xffffffff

Linker script and memory map


.text           0x20000000     0x1da8
                0x20000000                        __logical_binary_start = .
                0x20000000                        __reset_start = .
 *(.reset)
 .reset         0x20000000       0x8c CMakeFiles/flash_nuke.dir/home/vboxuser/pico/pico-sdk/src/rp2_common/pico_standard_link/crt0.S.obj
                0x20000000                _entry_point
 .reset         0x2000008c       0x24 CMakeFiles/flash_nuke.dir/home/vboxuser/pico/pico-sdk/src/rp2_common/pico_standard_link/binary_info.c.obj
                0x200000b0                        __reset_end = .
 *(.binary_info_header)
 .binary_info_header
                0x200000b0       0x14 CMakeFiles/flash_nuke.dir/home/vboxuser/pico/pico-sdk/src/rp2_common/pico_standard_link/crt0.S.obj
                0x200000c4                        __binary_info_header_end = .
                0x20000100                        . = ALIGN (0x100)
 *fill*         0x200000c4       0x3c 
 *(.vectors)
 .vectors       0x20000100       0xd4 CMakeFiles/flash_nuke.dir/home/vboxuser/pico/pico-sdk/src/rp2_common/pico_standard_link/crt0.S.obj
                0x20000100                __vectors
                0x20000100                __VECTOR_TABLE
                0x200001c0                isr_invalid
                0x200001c0                __default_isrs_start
                0x200001c2                isr_nmi
                0x200001c4                isr_hardfault
                0x200001c6                isr_svcall
                0x200001c8                isr_pendsv
                0x200001ca                isr_systick
                0x200001cc                isr_irq30
                0x200001cc                __unhandled_user_irq
                0x200001cc                isr_irq13
                0x200001cc                isr_irq27
                0x200001cc                isr_irq31
                0x200001cc                isr_irq5
                0x200001cc                isr_irq11
                0x200001cc                isr_irq23
                0x200001cc                isr_irq18
                0x200001cc                isr_irq28
                0x200001cc                isr_irq19
                0x200001cc                isr_irq0
                0x200001cc                isr_irq6
                0x200001cc                isr_irq22
                0x200001cc                isr_irq17
                0x200001cc                isr_irq14
                0x200001cc                isr_irq2
                0x200001cc                isr_irq10
                0x200001cc                isr_irq8
                0x200001cc                isr_irq24
                0x200001cc                isr_irq1
                0x200001cc                isr_irq7
                0x200001cc                isr_irq21
                0x200001cc                isr_irq20
                0x200001cc                isr_irq15
                0x200001cc                isr_irq25
                0x200001cc                isr_irq4
                0x200001cc                isr_irq16
                0x200001cc                isr_irq29
                0x200001cc                isr_irq26
                0x200001cc                __default_isrs_end
                0x200001cc                isr_irq3
                0x200001cc                isr_irq12
                0x200001cc                isr_irq9
                0x200001d2                unhandled_user_irq_num_in_r0
 *(.time_critical*)
 .time_critical.mutex_try_enter_block_until
                0x200001d4       0x9c CMakeFiles/flash_nuke.dir/home/vboxuser/pico/pico-sdk/src/common/pico_sync/mutex.c.obj
                0x200001d4                mutex_try_enter_block_until
 .time_critical.mutex_exit
                0x20000270       0x28 CMakeFiles/flash_nuke.dir/home/vboxuser/pico/pico-sdk/src/common/pico_sync/mutex.c.obj
                0x20000270                mutex_exit
 .time_critical.flash_enable_xip_via_boot2
                0x20000298       0x18 CMakeFiles/flash_nuke.dir/home/vboxuser/pico/pico-sdk/src/rp2_common/hardware_flash/flash.c.obj
 .time_critical.flash_range_erase
                0x200002b0       0x7c CMakeFiles/flash_nuke.dir/home/vboxuser/pico/pico-sdk/src/rp2_common/hardware_flash/flash.c.obj
                0x200002b0                flash_range_erase
 .time_critical.flash_range_program
                0x2000032c       0x7c CMakeFiles/flash_nuke.dir/home/vboxuser/pico/pico-sdk/src/rp2_common/hardware_flash/flash.c.obj
                0x2000032c                flash_range_program
 *(.text*)
 .text.startup.main
                0x200003a8       0x30 CMakeFiles/flash_nuke.dir/nuke.c.obj
                0x200003a8                main
 .text.running_on_fpga
                0x200003d8       0x10 CMakeFiles/flash_nuke.dir/home/vboxuser/pico/pico-sdk/src/rp2_common/pico_platform/platform.c.obj
                0x200003d8                running_on_fpga
 .text.hw_claim_or_assert
                0x200003e8       0x44 CMakeFiles/flash_nuke.dir/home/vboxuser/pico/pico-sdk/src/rp2_common/hardware_claim/claim.c.obj
                0x200003e8                hw_claim_or_assert
 .text.spin_locks_reset
                0x2000042c       0x1c CMakeFiles/flash_nuke.dir/home/vboxuser/pico/pico-sdk/src/rp2_common/hardware_sync/sync.c.obj
                0x2000042c                spin_locks_reset
 .text.next_striped_spin_lock_num
                0x20000448       0x18 CMakeFiles/flash_nuke.dir/home/vboxuser/pico/pico-sdk/src/rp2_common/hardware_sync/sync.c.obj
                0x20000448                next_striped_spin_lock_num
 .text.irq_set_enabled
                0x20000460       0x24 CMakeFiles/flash_nuke.dir/home/vboxuser/pico/pico-sdk/src/rp2_common/hardware_irq/irq.c.obj
                0x20000460                irq_set_enabled
 .text.irq_get_vtable_handler
                0x20000484       0x10 CMakeFiles/flash_nuke.dir/home/vboxuser/pico/pico-sdk/src/rp2_common/hardware_irq/irq.c.obj
                0x20000484                irq_get_vtable_handler
 .text.irq_set_exclusive_handler
                0x20000494       0x54 CMakeFiles/flash_nuke.dir/home/vboxuser/pico/pico-sdk/src/rp2_common/hardware_irq/irq.c.obj
                0x20000494                irq_set_exclusive_handler
 .text.irq_remove_handler
                0x200004e8      0x1c4 CMakeFiles/flash_nuke.dir/home/vboxuser/pico/pico-sdk/src/rp2_common/hardware_irq/irq.c.obj
                0x200004e8                irq_remove_handler
 .text.irq_add_tail_to_free_list
                0x200006ac       0xb4 CMakeFiles/flash_nuke.dir/home/vboxuser/pico/pico-sdk/src/rp2_common/hardware_irq/irq.c.obj
                0x200006ac                irq_add_tail_to_free_list
 .text.irq_init_priorities
                0x20000760       0x24 CMakeFiles/flash_nuke.dir/home/vboxuser/pico/pico-sdk/src/rp2_common/hardware_irq/irq.c.obj
                0x20000760                irq_init_priorities
 .text.lock_init
                0x20000784       0x10 CMakeFiles/flash_nuke.dir/home/vboxuser/pico/pico-sdk/src/common/pico_sync/lock_core.c.obj
                0x20000784                lock_init
 .text.mutex_init
                0x20000794       0x1c CMakeFiles/flash_nuke.dir/home/vboxuser/pico/pico-sdk/src/common/pico_sync/mutex.c.obj
                0x20000794                mutex_init
 .text.recursive_mutex_init
                0x200007b0       0x1c CMakeFiles/flash_nuke.dir/home/vboxuser/pico/pico-sdk/src/common/pico_sync/mutex.c.obj
                0x200007b0                recursive_mutex_init
 .text.timer_pool_entry_comparator
                0x200007cc       0x34 CMakeFiles/flash_nuke.dir/home/vboxuser/pico/pico-sdk/src/common/pico_time/time.c.obj
                0x200007cc                timer_pool_entry_comparator
 .text.sleep_until_callback
                0x20000800       0x30 CMakeFiles/flash_nuke.dir/home/vboxuser/pico/pico-sdk/src/common/pico_time/time.c.obj
 .text.add_alarm_under_lock.isra.0
                0x20000830      0x100 CMakeFiles/flash_nuke.dir/home/vboxuser/pico/pico-sdk/src/common/pico_time/time.c.obj
 .text.alarm_pool_alarm_callback
                0x20000930      0x1c0 CMakeFiles/flash_nuke.dir/home/vboxuser/pico/pico-sdk/src/common/pico_time/time.c.obj
 .text.alarm_pool_init_default
                0x20000af0       0x6c CMakeFiles/flash_nuke.dir/home/vboxuser/pico/pico-sdk/src/common/pico_time/time.c.obj
                0x20000af0                alarm_pool_init_default
 .text.alarm_pool_add_alarm_at
                0x20000b5c      0x188 CMakeFiles/flash_nuke.dir/home/vboxuser/pico/pico-sdk/src/common/pico_time/time.c.obj
                0x20000b5c                alarm_pool_add_alarm_at
 .text.best_effort_wfe_or_timeout
                0x20000ce4       0xec CMakeFiles/flash_nuke.dir/home/vboxuser/pico/pico-sdk/src/common/pico_time/time.c.obj
                0x20000ce4                best_effort_wfe_or_timeout
 .text.hardware_alarm_irq_handler
                0x20000dd0       0xbc CMakeFiles/flash_nuke.dir/home/vboxuser/pico/pico-sdk/src/rp2_common/hardware_timer/timer.c.obj
 .text.hardware_alarm_claim
                0x20000e8c       0x18 CMakeFiles/flash_nuke.dir/home/vboxuser/pico/pico-sdk/src/rp2_common/hardware_timer/timer.c.obj
                0x20000e8c                hardware_alarm_claim
 .text.time_us_64
                0x20000ea4       0x14 CMakeFiles/flash_nuke.dir/home/vboxuser/pico/pico-sdk/src/rp2_common/hardware_timer/timer.c.obj
                0x20000ea4                time_us_64
 .text.hardware_alarm_set_callback
                0x20000eb8       0x8c CMakeFiles/flash_nuke.dir/home/vboxuser/pico/pico-sdk/src/rp2_common/hardware_timer/timer.c.obj
                0x20000eb8                hardware_alarm_set_callback
 .text.hardware_alarm_set_target
                0x20000f44       0xd0 CMakeFiles/flash_nuke.dir/home/vboxuser/pico/pico-sdk/src/rp2_common/hardware_timer/timer.c.obj
                0x20000f44                hardware_alarm_set_target
 .text.hardware_alarm_cancel
                0x20001014       0x3c CMakeFiles/flash_nuke.dir/home/vboxuser/pico/pico-sdk/src/rp2_common/hardware_timer/timer.c.obj
                0x20001014                hardware_alarm_cancel
 .text.ph_merge_nodes
                0x20001050       0x64 CMakeFiles/flash_nuke.dir/home/vboxuser/pico/pico-sdk/src/common/pico_util/pheap.c.obj
 .text.ph_post_alloc_init
                0x200010b4       0x3c CMakeFiles/flash_nuke.dir/home/vboxuser/pico/pico-sdk/src/common/pico_util/pheap.c.obj
                0x200010b4                ph_post_alloc_init
 .text.ph_merge_two_pass
                0x200010f0       0x98 CMakeFiles/flash_nuke.dir/home/vboxuser/pico/pico-sdk/src/common/pico_util/pheap.c.obj
                0x200010f0                ph_merge_two_pass
 .text.ph_remove_any_head
                0x20001188      0x100 CMakeFiles/flash_nuke.dir/home/vboxuser/pico/pico-sdk/src/common/pico_util/pheap.c.obj
 .text.ph_remove_head
                0x20001288      0x104 CMakeFiles/flash_nuke.dir/home/vboxuser/pico/pico-sdk/src/common/pico_util/pheap.c.obj
                0x20001288                ph_remove_head
 .text.ph_remove_and_free_node
                0x2000138c       0x78 CMakeFiles/flash_nuke.dir/home/vboxuser/pico/pico-sdk/src/common/pico_util/pheap.c.obj
                0x2000138c                ph_remove_and_free_node
 .text.clocks_init
                0x20001404      0x2c8 CMakeFiles/flash_nuke.dir/home/vboxuser/pico/pico-sdk/src/rp2_common/hardware_clocks/clocks.c.obj
                0x20001404                clocks_init
 .text.pll_init
                0x200016cc       0xa0 CMakeFiles/flash_nuke.dir/home/vboxuser/pico/pico-sdk/src/rp2_common/hardware_pll/pll.c.obj
                0x200016cc                pll_init
 .text.watchdog_start_tick
                0x2000176c       0x10 CMakeFiles/flash_nuke.dir/home/vboxuser/pico/pico-sdk/src/rp2_common/hardware_watchdog/watchdog.c.obj
                0x2000176c                watchdog_start_tick
 .text.xosc_init
                0x2000177c       0x28 CMakeFiles/flash_nuke.dir/home/vboxuser/pico/pico-sdk/src/rp2_common/hardware_xosc/xosc.c.obj
                0x2000177c                xosc_init
 .text.runtime_init
                0x200017a4       0xd8 CMakeFiles/flash_nuke.dir/home/vboxuser/pico/pico-sdk/src/rp2_common/pico_runtime/runtime.c.obj
                0x200017a4                runtime_init
 .text._exit    0x2000187c        0x4 CMakeFiles/flash_nuke.dir/home/vboxuser/pico/pico-sdk/src/rp2_common/pico_runtime/runtime.c.obj
                0x2000187c                _exit
 .text.exit     0x20001880        0x8 CMakeFiles/flash_nuke.dir/home/vboxuser/pico/pico-sdk/src/rp2_common/pico_runtime/runtime.c.obj
                0x20001880                exit
 .text.panic    0x20001888       0x30 CMakeFiles/flash_nuke.dir/home/vboxuser/pico/pico-sdk/src/rp2_common/pico_runtime/runtime.c.obj
                0x20001888                panic
 .text.hard_assertion_failure
                0x200018b8        0xc CMakeFiles/flash_nuke.dir/home/vboxuser/pico/pico-sdk/src/rp2_common/pico_runtime/runtime.c.obj
                0x200018b8                hard_assertion_failure
 .text._out_char
                0x200018c4       0x10 CMakeFiles/flash_nuke.dir/home/vboxuser/pico/pico-sdk/src/rp2_common/pico_printf/printf.c.obj
 .text.weak_raw_vprintf
                0x200018d4       0x30 CMakeFiles/flash_nuke.dir/home/vboxuser/pico/pico-sdk/src/rp2_common/pico_printf/printf.c.obj
                0x200018d4                weak_raw_vprintf
 .text          0x20001904       0x10 CMakeFiles/flash_nuke.dir/home/vboxuser/pico/pico-sdk/src/rp2_common/pico_bit_ops/bit_ops_aeabi.S.obj
 .text.rom_func_lookup
                0x20001914       0x10 CMakeFiles/flash_nuke.dir/home/vboxuser/pico/pico-sdk/src/rp2_common/pico_bootrom/bootrom.c.obj
                0x20001914                rom_func_lookup
 .text.rom_data_lookup
                0x20001924       0x10 CMakeFiles/flash_nuke.dir/home/vboxuser/pico/pico-sdk/src/rp2_common/pico_bootrom/bootrom.c.obj
                0x20001924                rom_data_lookup
 .text.rom_funcs_lookup
                0x20001934       0x44 CMakeFiles/flash_nuke.dir/home/vboxuser/pico/pico-sdk/src/rp2_common/pico_bootrom/bootrom.c.obj
                0x20001934                rom_funcs_lookup
 .text.__wrap___aeabi_uidiv
                0x20001978       0x4c CMakeFiles/flash_nuke.dir/home/vboxuser/pico/pico-sdk/src/rp2_common/pico_divider/divider.S.obj
                0x20001978                __wrap___aeabi_uidiv
                0x20001978                __wrap___aeabi_uidivmod
                0x20001978                div_u32u32
                0x20001978                divmod_u32u32
                0x20001980                divmod_u32u32_unsafe
                0x200019a8                divmod_u32u32_savestate
 .text.missing_double_func_shim
                0x200019c4        0xc CMakeFiles/flash_nuke.dir/home/vboxuser/pico/pico-sdk/src/rp2_common/pico_double/double_init_rom.c.obj
 .text.__aeabi_double_init
                0x200019d0       0x94 CMakeFiles/flash_nuke.dir/home/vboxuser/pico/pico-sdk/src/rp2_common/pico_double/double_init_rom.c.obj
                0x200019d0                __aeabi_double_init
 .text.double_table_shim_on_use_helper
                0x20001a64       0x2c CMakeFiles/flash_nuke.dir/home/vboxuser/pico/pico-sdk/src/rp2_common/pico_double/double_v1_rom_shim.S.obj
                0x20001a64                double_table_shim_on_use_helper
 .text.missing_float_func_shim
                0x20001a90        0xc CMakeFiles/flash_nuke.dir/home/vboxuser/pico/pico-sdk/src/rp2_common/pico_float/float_init_rom.c.obj
 .text.__aeabi_float_init
                0x20001a9c       0x5c CMakeFiles/flash_nuke.dir/home/vboxuser/pico/pico-sdk/src/rp2_common/pico_float/float_init_rom.c.obj
                0x20001a9c                __aeabi_float_init
 .text          0x20001af8       0x10 CMakeFiles/flash_nuke.dir/home/vboxuser/pico/pico-sdk/src/rp2_common/pico_mem_ops/mem_ops_aeabi.S.obj
                0x20001af8                __aeabi_mem_init
 .text.memcpy   0x20001b08        0xc CMakeFiles/flash_nuke.dir/home/vboxuser/pico/pico-sdk/src/rp2_common/pico_mem_ops/mem_ops_aeabi.S.obj
                0x20001b08                __wrap___aeabi_memcpy
                0x20001b08                __wrap_memcpy
 .text.stdio_out_chars_crlf
                0x20001b14       0xbc CMakeFiles/flash_nuke.dir/home/vboxuser/pico/pico-sdk/src/rp2_common/pico_stdio/stdio.c.obj
 .text.__wrap_putchar
                0x20001bd0       0x98 CMakeFiles/flash_nuke.dir/home/vboxuser/pico/pico-sdk/src/rp2_common/pico_stdio/stdio.c.obj
                0x20001bd0                __wrap_putchar
 .text.__wrap_puts
                0x20001c68       0xe0 CMakeFiles/flash_nuke.dir/home/vboxuser/pico/pico-sdk/src/rp2_common/pico_stdio/stdio.c.obj
                0x20001c68                __wrap_puts
 .text          0x20001d48        0x4 /usr/lib/gcc/arm-none-eabi/12.2.1/thumb/v6-m/nofp/libgcc.a(_dvmd_tls.o)
                0x20001d48                __aeabi_ldiv0
                0x20001d48                __aeabi_idiv0
 .text          0x20001d4c       0x5c /usr/lib/gcc/arm-none-eabi/12.2.1/../../../arm-none-eabi/lib/thumb/v6-m/nofp/libc.a(lib_a-strlen-stub.o)
                0x20001d4c                strlen
                0x20001da8                        . = ALIGN (0x4)
 *(.init)
 *(.fini)
 *crtbegin.o(.ctors)
 *crtbegin?.o(.ctors)
 *(EXCLUDE_FILE(*crtend.o *crtend?.o) .ctors)
 *(SORT_BY_NAME(.ctors.*))
 *(.ctors)
 *crtbegin.o(.dtors)
 *crtbegin?.o(.dtors)
 *(EXCLUDE_FILE(*crtend.o *crtend?.o) .dtors)
 *(SORT_BY_NAME(.dtors.*))
 *(.dtors)
 *(.eh_frame*)

.glue_7         0x20001da8        0x0
 .glue_7        0x20001da8        0x0 linker stubs

.glue_7t        0x20001da8        0x0
 .glue_7t       0x20001da8        0x0 linker stubs

.vfp11_veneer   0x20001da8        0x0
 .vfp11_veneer  0x20001da8        0x0 linker stubs

.v4_bx          0x20001da8        0x0
 .v4_bx         0x20001da8        0x0 linker stubs

.iplt           0x20001da8        0x0
 .iplt          0x20001da8        0x0 CMakeFiles/flash_nuke.dir/nuke.c.obj

.rodata         0x20001da8      0x204
 *(.rodata*)
 .rodata.eyecatcher.0
                0x20001da8      0x100 CMakeFiles/flash_nuke.dir/nuke.c.obj
 .rodata.hardware_alarm_claim.str1.4
                0x20001ea8       0x22 CMakeFiles/flash_nuke.dir/home/vboxuser/pico/pico-sdk/src/rp2_common/hardware_timer/timer.c.obj
 *fill*         0x20001eca        0x2 
 .rodata.panic.str1.4
                0x20001ecc       0x12 CMakeFiles/flash_nuke.dir/home/vboxuser/pico/pico-sdk/src/rp2_common/pico_runtime/runtime.c.obj
 *fill*         0x20001ede        0x2 
 .rodata.hard_assertion_failure.str1.4
                0x20001ee0        0xc CMakeFiles/flash_nuke.dir/home/vboxuser/pico/pico-sdk/src/rp2_common/pico_runtime/runtime.c.obj
 .rodata.missing_double_func_shim.str1.4
                0x20001eec       0x18 CMakeFiles/flash_nuke.dir/home/vboxuser/pico/pico-sdk/src/rp2_common/pico_double/double_init_rom.c.obj
 .rodata.missing_float_func_shim.str1.4
                0x20001f04        0x1 CMakeFiles/flash_nuke.dir/home/vboxuser/pico/pico-sdk/src/rp2_common/pico_float/float_init_rom.c.obj
 *fill*         0x20001f05        0x3 
 .rodata.str1.4
                0x20001f08       0x7c CMakeFiles/flash_nuke.dir/home/vboxuser/pico/pico-sdk/src/rp2_common/pico_standard_link/binary_info.c.obj
 .rodata.__bi_81
                0x20001f84        0xc CMakeFiles/flash_nuke.dir/home/vboxuser/pico/pico-sdk/src/rp2_common/pico_standard_link/binary_info.c.obj
 .rodata.__bi_69
                0x20001f90        0xc CMakeFiles/flash_nuke.dir/home/vboxuser/pico/pico-sdk/src/rp2_common/pico_standard_link/binary_info.c.obj
 .rodata.__bi_44
                0x20001f9c        0xc CMakeFiles/flash_nuke.dir/home/vboxuser/pico/pico-sdk/src/rp2_common/pico_standard_link/binary_info.c.obj
 .rodata.crlf_str.0
                0x20001fa8        0x2 CMakeFiles/flash_nuke.dir/home/vboxuser/pico/pico-sdk/src/rp2_common/pico_stdio/stdio.c.obj
                0x20001fac                        . = ALIGN (0x4)
 *fill*         0x20001faa        0x2 
 *(SORT_BY_ALIGNMENT(SORT_BY_NAME(.flashdata*)))
                0x20001fac                        . = ALIGN (0x4)

.ARM.extab
 *(.ARM.extab* .gnu.linkonce.armextab.*)
                0x20001fac                        __exidx_start = .

.ARM.exidx
 *(.ARM.exidx* .gnu.linkonce.armexidx.*)
                0x20001fac                        __exidx_end = .
                0x20001fac                        . = ALIGN (0x4)
                0x20001fac                        __binary_info_start = .

.binary_info    0x20001fac       0x18
 *(.binary_info.keep.*)
 .binary_info.keep.__bi_ptr81
                0x20001fac        0x4 CMakeFiles/flash_nuke.dir/home/vboxuser/pico/pico-sdk/src/rp2_common/pico_standard_link/binary_info.c.obj
 .binary_info.keep.__bi_ptr69
                0x20001fb0        0x4 CMakeFiles/flash_nuke.dir/home/vboxuser/pico/pico-sdk/src/rp2_common/pico_standard_link/binary_info.c.obj
 .binary_info.keep.__bi_ptr50
                0x20001fb4        0x4 CMakeFiles/flash_nuke.dir/home/vboxuser/pico/pico-sdk/src/rp2_common/pico_standard_link/binary_info.c.obj
 .binary_info.keep.__bi_ptr44
                0x20001fb8        0x4 CMakeFiles/flash_nuke.dir/home/vboxuser/pico/pico-sdk/src/rp2_common/pico_standard_link/binary_info.c.obj
 .binary_info.keep.__bi_ptr38
                0x20001fbc        0x4 CMakeFiles/flash_nuke.dir/home/vboxuser/pico/pico-sdk/src/rp2_common/pico_standard_link/binary_info.c.obj
 .binary_info.keep.__bi_ptr30
                0x20001fc0        0x4 CMakeFiles/flash_nuke.dir/home/vboxuser/pico/pico-sdk/src/rp2_common/pico_standard_link/binary_info.c.obj
 *(.binary_info.*)
                0x20001fc4                        __binary_info_end = .

.rel.dyn        0x20001fc4        0x0
 .rel.iplt      0x20001fc4        0x0 CMakeFiles/flash_nuke.dir/nuke.c.obj
                0x20001fc4                        . = ALIGN (0x4)

.data           0x20001fd0       0xb8
                0x20001fd0                        __data_start__ = .
 *(vtable)
 *(.data*)
 .data.striped_spin_lock_num
                0x20001fd0        0x1 CMakeFiles/flash_nuke.dir/home/vboxuser/pico/pico-sdk/src/rp2_common/hardware_sync/sync.c.obj
 *fill*         0x20001fd1        0x3 
 .data          0x20001fd4       0x48 CMakeFiles/flash_nuke.dir/home/vboxuser/pico/pico-sdk/src/rp2_common/hardware_irq/irq_handler_chain.S.obj
                0x20001fd4                irq_handler_chain_slots
                0x20002004                irq_handler_chain_first_slot
                0x2000200e                irq_handler_chain_remove_tail
 .data.default_alarm_pool
                0x2000201c       0x18 CMakeFiles/flash_nuke.dir/home/vboxuser/pico/pico-sdk/src/common/pico_time/time.c.obj
 .data.default_alarm_pool_heap
                0x20002034       0x10 CMakeFiles/flash_nuke.dir/home/vboxuser/pico/pico-sdk/src/common/pico_time/time.c.obj
 *fill*         0x20002044        0xc 
 .data.aeabi_bits_funcs
                0x20002050       0x10 CMakeFiles/flash_nuke.dir/home/vboxuser/pico/pico-sdk/src/rp2_common/pico_bit_ops/bit_ops_aeabi.S.obj
                0x20002050                aeabi_bits_funcs
                0x20002060                aeabi_bits_funcs_end
 .data.aeabi_mem_funcs
                0x20002060       0x10 CMakeFiles/flash_nuke.dir/home/vboxuser/pico/pico-sdk/src/rp2_common/pico_mem_ops/mem_ops_aeabi.S.obj
                0x20002060                aeabi_mem_funcs
                0x20002070                aeabi_mem_funcs_end
                0x20002070                        . = ALIGN (0x4)
 *(.after_data.*)
                0x20002070                        . = ALIGN (0x4)
                0x20002070                        PROVIDE (__mutex_array_start = .)
 *(SORT_BY_NAME(.mutex_array.*))
 *(.mutex_array)
 .mutex_array   0x20002070        0x8 CMakeFiles/flash_nuke.dir/home/vboxuser/pico/pico-sdk/src/rp2_common/pico_stdio/stdio.c.obj
                0x20002078                        PROVIDE (__mutex_array_end = .)
                0x20002078                        . = ALIGN (0x4)
                0x20002078                        PROVIDE (__preinit_array_start = .)
 *(SORT_BY_NAME(.preinit_array.*))
 .preinit_array.00001
                0x20002078        0x4 CMakeFiles/flash_nuke.dir/home/vboxuser/pico/pico-sdk/src/rp2_common/pico_mem_ops/mem_ops_aeabi.S.obj
 .preinit_array.00010
                0x2000207c        0x4 CMakeFiles/flash_nuke.dir/home/vboxuser/pico/pico-sdk/src/rp2_common/pico_bit_ops/bit_ops_aeabi.S.obj
 .preinit_array.00020
                0x20002080        0x4 CMakeFiles/flash_nuke.dir/home/vboxuser/pico/pico-sdk/src/rp2_common/pico_double/double_aeabi.S.obj
 .preinit_array.00020
                0x20002084        0x4 CMakeFiles/flash_nuke.dir/home/vboxuser/pico/pico-sdk/src/rp2_common/pico_float/float_aeabi.S.obj
 *(.preinit_array)
                0x20002088                        PROVIDE (__preinit_array_end = .)
                0x20002088                        . = ALIGN (0x4)
                0x20002088                        PROVIDE (__init_array_start = .)
 *(SORT_BY_NAME(.init_array.*))
 *(.init_array)
                0x20002088                        PROVIDE (__init_array_end = .)
                0x20002088                        . = ALIGN (0x4)
                [!provide]                        PROVIDE (__fini_array_start = .)
 *(SORT_BY_NAME(.fini_array.*))
 *(.fini_array)
                [!provide]                        PROVIDE (__fini_array_end = .)
 *(.jcr)
                0x20002088                        . = ALIGN (0x4)
                0x20002088                        __data_end__ = .

.igot.plt       0x20002088        0x0
 .igot.plt      0x20002088        0x0 CMakeFiles/flash_nuke.dir/nuke.c.obj

.uninitialized_data
                0x20002088        0x0
                0x20002088                        . = ALIGN (0x4)
 *(.uninitialized_data*)
                0x20001fd0                        __etext = LOADADDR (.data)

.scratch_x      0x20040000        0x0
                0x20040000                        __scratch_x_start__ = .
 *(.scratch_x.*)
                0x20040000                        . = ALIGN (0x4)
                0x20040000                        __scratch_x_end__ = .
                0x20040000                        __scratch_x_source__ = LOADADDR (.scratch_x)

.scratch_y      0x20041000        0x0
                0x20041000                        __scratch_y_start__ = .
 *(.scratch_y.*)
                0x20041000                        . = ALIGN (0x4)
                0x20041000                        __scratch_y_end__ = .
                0x20041000                        __scratch_y_source__ = LOADADDR (.scratch_y)

.bss            0x20002088      0x3b0
                0x20002088                        . = ALIGN (0x4)
                0x20002088                        __bss_start__ = .
 *(SORT_BY_ALIGNMENT(SORT_BY_NAME(.bss*)))
 .bss.configured_freq
                0x20002088       0x28 CMakeFiles/flash_nuke.dir/home/vboxuser/pico/pico-sdk/src/rp2_common/hardware_clocks/clocks.c.obj
 .bss.default_alarm_pool_entries
                0x200020b0      0x100 CMakeFiles/flash_nuke.dir/home/vboxuser/pico/pico-sdk/src/common/pico_time/time.c.obj
 .bss.sd_table  0x200021b0      0x100 CMakeFiles/flash_nuke.dir/home/vboxuser/pico/pico-sdk/src/rp2_common/pico_double/double_init_rom.c.obj
                0x200021b0                sd_table
 .bss.alarm_callbacks
                0x200022b0       0x10 CMakeFiles/flash_nuke.dir/home/vboxuser/pico/pico-sdk/src/rp2_common/hardware_timer/timer.c.obj
 .bss.default_alarm_pool_entry_ids_high
                0x200022c0       0x10 CMakeFiles/flash_nuke.dir/home/vboxuser/pico/pico-sdk/src/common/pico_time/time.c.obj
 .bss.default_alarm_pool_heap_nodes
                0x200022d0       0x30 CMakeFiles/flash_nuke.dir/home/vboxuser/pico/pico-sdk/src/common/pico_time/time.c.obj
 .bss.drivers   0x20002300        0x4 CMakeFiles/flash_nuke.dir/home/vboxuser/pico/pico-sdk/src/rp2_common/pico_stdio/stdio.c.obj
 .bss.filter    0x20002304        0x4 CMakeFiles/flash_nuke.dir/home/vboxuser/pico/pico-sdk/src/rp2_common/pico_stdio/stdio.c.obj
 .bss.lazy_vsnprintf
                0x20002308        0x4 CMakeFiles/flash_nuke.dir/home/vboxuser/pico/pico-sdk/src/rp2_common/pico_printf/printf.c.obj
 .bss.pools     0x2000230c       0x10 CMakeFiles/flash_nuke.dir/home/vboxuser/pico/pico-sdk/src/common/pico_time/time.c.obj
 .bss.sf_clz_func
                0x2000231c        0x4 CMakeFiles/flash_nuke.dir/home/vboxuser/pico/pico-sdk/src/rp2_common/pico_double/double_init_rom.c.obj
                0x2000231c                sf_clz_func
 .bss.sf_table  0x20002320      0x100 CMakeFiles/flash_nuke.dir/home/vboxuser/pico/pico-sdk/src/rp2_common/pico_float/float_init_rom.c.obj
                0x20002320                sf_table
 .bss.sleep_notifier
                0x20002420        0x4 CMakeFiles/flash_nuke.dir/home/vboxuser/pico/pico-sdk/src/common/pico_time/time.c.obj
 .bss.target_hi
                0x20002424       0x10 CMakeFiles/flash_nuke.dir/home/vboxuser/pico/pico-sdk/src/rp2_common/hardware_timer/timer.c.obj
 .bss.claimed   0x20002434        0x1 CMakeFiles/flash_nuke.dir/home/vboxuser/pico/pico-sdk/src/rp2_common/hardware_timer/timer.c.obj
 .bss.irq_hander_chain_free_slot_head
                0x20002435        0x1 CMakeFiles/flash_nuke.dir/home/vboxuser/pico/pico-sdk/src/rp2_common/hardware_irq/irq.c.obj
 .bss.timer_callbacks_pending
                0x20002436        0x1 CMakeFiles/flash_nuke.dir/home/vboxuser/pico/pico-sdk/src/rp2_common/hardware_timer/timer.c.obj
 *(COMMON)
                0x20002438                        . = ALIGN (0x4)
 *fill*         0x20002437        0x1 
                0x20002438                        __bss_end__ = .

.heap           0x20002438      0x800
                0x20002438                        __end__ = .
                0x20002438                        end = __end__
 *(.heap*)
 .heap          0x20002438      0x800 CMakeFiles/flash_nuke.dir/home/vboxuser/pico/pico-sdk/src/rp2_common/pico_standard_link/crt0.S.obj
                0x20002c38                        __HeapLimit = .

.stack1_dummy
 *(.stack1*)

.stack_dummy    0x20041000      0x800
 *(.stack*)
 .stack         0x20041000      0x800 CMakeFiles/flash_nuke.dir/home/vboxuser/pico/pico-sdk/src/rp2_common/pico_standard_link/crt0.S.obj
                0x20040000                        __StackLimit = (ORIGIN (RAM) + LENGTH (RAM))
                0x20041000                        __StackOneTop = (ORIGIN (SCRATCH_X) + LENGTH (SCRATCH_X))
                0x20042000                        __StackTop = (ORIGIN (SCRATCH_Y) + LENGTH (SCRATCH_Y))
                0x20041000                        __StackOneBottom = (__StackOneTop - SIZEOF (.stack1_dummy))
                0x20041800                        __StackBottom = (__StackTop - SIZEOF (.stack_dummy))
                [!provide]                        PROVIDE (__stack = __StackTop)
                0x00000001                        ASSERT ((__StackLimit >= __HeapLimit), region RAM overflowed)
                0x00000001                        ASSERT (((__binary_info_header_end - __logical_binary_start) <= 0x100), Binary info must be in first 256 bytes of the binary)
LOAD CMakeFiles/flash_nuke.dir/nuke.c.obj
LOAD CMakeFiles/flash_nuke.dir/home/vboxuser/pico/pico-sdk/src/rp2_common/pico_stdlib/stdlib.c.obj
LOAD CMakeFiles/flash_nuke.dir/home/vboxuser/pico/pico-sdk/src/rp2_common/hardware_gpio/gpio.c.obj
LOAD CMakeFiles/flash_nuke.dir/home/vboxuser/pico/pico-sdk/src/rp2_common/pico_platform/platform.c.obj
LOAD CMakeFiles/flash_nuke.dir/home/vboxuser/pico/pico-sdk/src/rp2_common/hardware_claim/claim.c.obj
LOAD CMakeFiles/flash_nuke.dir/home/vboxuser/pico/pico-sdk/src/rp2_common/hardware_sync/sync.c.obj
LOAD CMakeFiles/flash_nuke.dir/home/vboxuser/pico/pico-sdk/src/rp2_common/hardware_irq/irq.c.obj
LOAD CMakeFiles/flash_nuke.dir/home/vboxuser/pico/pico-sdk/src/rp2_common/hardware_irq/irq_handler_chain.S.obj
LOAD CMakeFiles/flash_nuke.dir/home/vboxuser/pico/pico-sdk/src/common/pico_sync/sem.c.obj
LOAD CMakeFiles/flash_nuke.dir/home/vboxuser/pico/pico-sdk/src/common/pico_sync/lock_core.c.obj
LOAD CMakeFiles/flash_nuke.dir/home/vboxuser/pico/pico-sdk/src/common/pico_sync/mutex.c.obj
LOAD CMakeFiles/flash_nuke.dir/home/vboxuser/pico/pico-sdk/src/common/pico_sync/critical_section.c.obj
LOAD CMakeFiles/flash_nuke.dir/home/vboxuser/pico/pico-sdk/src/common/pico_time/time.c.obj
LOAD CMakeFiles/flash_nuke.dir/home/vboxuser/pico/pico-sdk/src/common/pico_time/timeout_helper.c.obj
LOAD CMakeFiles/flash_nuke.dir/home/vboxuser/pico/pico-sdk/src/rp2_common/hardware_timer/timer.c.obj
LOAD CMakeFiles/flash_nuke.dir/home/vboxuser/pico/pico-sdk/src/common/pico_util/datetime.c.obj
LOAD CMakeFiles/flash_nuke.dir/home/vboxuser/pico/pico-sdk/src/common/pico_util/pheap.c.obj
LOAD CMakeFiles/flash_nuke.dir/home/vboxuser/pico/pico-sdk/src/common/pico_util/queue.c.obj
LOAD CMakeFiles/flash_nuke.dir/home/vboxuser/pico/pico-sdk/src/rp2_common/hardware_uart/uart.c.obj
LOAD CMakeFiles/flash_nuke.dir/home/vboxuser/pico/pico-sdk/src/rp2_common/hardware_clocks/clocks.c.obj
LOAD CMakeFiles/flash_nuke.dir/home/vboxuser/pico/pico-sdk/src/rp2_common/hardware_pll/pll.c.obj
LOAD CMakeFiles/flash_nuke.dir/home/vboxuser/pico/pico-sdk/src/rp2_common/hardware_vreg/vreg.c.obj
LOAD CMakeFiles/flash_nuke.dir/home/vboxuser/pico/pico-sdk/src/rp2_common/hardware_watchdog/watchdog.c.obj
LOAD CMakeFiles/flash_nuke.dir/home/vboxuser/pico/pico-sdk/src/rp2_common/hardware_xosc/xosc.c.obj
LOAD CMakeFiles/flash_nuke.dir/home/vboxuser/pico/pico-sdk/src/rp2_common/hardware_divider/divider.S.obj
LOAD CMakeFiles/flash_nuke.dir/home/vboxuser/pico/pico-sdk/src/rp2_common/pico_runtime/runtime.c.obj
LOAD CMakeFiles/flash_nuke.dir/home/vboxuser/pico/pico-sdk/src/rp2_common/pico_printf/printf.c.obj
LOAD CMakeFiles/flash_nuke.dir/home/vboxuser/pico/pico-sdk/src/rp2_common/pico_bit_ops/bit_ops_aeabi.S.obj
LOAD CMakeFiles/flash_nuke.dir/home/vboxuser/pico/pico-sdk/src/rp2_common/pico_bootrom/bootrom.c.obj
LOAD CMakeFiles/flash_nuke.dir/home/vboxuser/pico/pico-sdk/src/rp2_common/pico_divider/divider.S.obj
LOAD CMakeFiles/flash_nuke.dir/home/vboxuser/pico/pico-sdk/src/rp2_common/pico_double/double_aeabi.S.obj
LOAD CMakeFiles/flash_nuke.dir/home/vboxuser/pico/pico-sdk/src/rp2_common/pico_double/double_init_rom.c.obj
LOAD CMakeFiles/flash_nuke.dir/home/vboxuser/pico/pico-sdk/src/rp2_common/pico_double/double_math.c.obj
LOAD CMakeFiles/flash_nuke.dir/home/vboxuser/pico/pico-sdk/src/rp2_common/pico_double/double_v1_rom_shim.S.obj
LOAD CMakeFiles/flash_nuke.dir/home/vboxuser/pico/pico-sdk/src/rp2_common/pico_int64_ops/pico_int64_ops_aeabi.S.obj
LOAD CMakeFiles/flash_nuke.dir/home/vboxuser/pico/pico-sdk/src/rp2_common/pico_float/float_aeabi.S.obj
LOAD CMakeFiles/flash_nuke.dir/home/vboxuser/pico/pico-sdk/src/rp2_common/pico_float/float_init_rom.c.obj
LOAD CMakeFiles/flash_nuke.dir/home/vboxuser/pico/pico-sdk/src/rp2_common/pico_float/float_math.c.obj
LOAD CMakeFiles/flash_nuke.dir/home/vboxuser/pico/pico-sdk/src/rp2_common/pico_float/float_v1_rom_shim.S.obj
LOAD CMakeFiles/flash_nuke.dir/home/vboxuser/pico/pico-sdk/src/rp2_common/pico_malloc/pico_malloc.c.obj
LOAD CMakeFiles/flash_nuke.dir/home/vboxuser/pico/pico-sdk/src/rp2_common/pico_mem_ops/mem_ops_aeabi.S.obj
LOAD CMakeFiles/flash_nuke.dir/home/vboxuser/pico/pico-sdk/src/rp2_common/pico_standard_link/crt0.S.obj
LOAD CMakeFiles/flash_nuke.dir/home/vboxuser/pico/pico-sdk/src/rp2_common/pico_standard_link/new_delete.cpp.obj
LOAD CMakeFiles/flash_nuke.dir/home/vboxuser/pico/pico-sdk/src/rp2_common/pico_standard_link/binary_info.c.obj
LOAD CMakeFiles/flash_nuke.dir/home/vboxuser/pico/pico-sdk/src/rp2_common/pico_stdio/stdio.c.obj
LOAD CMakeFiles/flash_nuke.dir/home/vboxuser/pico/pico-sdk/src/rp2_common/pico_stdio_uart/stdio_uart.c.obj
LOAD CMakeFiles/flash_nuke.dir/home/vboxuser/pico/pico-sdk/src/rp2_common/hardware_flash/flash.c.obj
LOAD /usr/lib/gcc/arm-none-eabi/12.2.1/../../../arm-none-eabi/lib/thumb/v6-m/nofp/libstdc++.a
LOAD /usr/lib/gcc/arm-none-eabi/12.2.1/../../../arm-none-eabi/lib/thumb/v6-m/nofp/libm.a
START GROUP
LOAD /usr/lib/gcc/arm-none-eabi/12.2.1/thumb/v6-m/nofp/libgcc.a
LOAD /usr/lib/gcc/arm-none-eabi/12.2.1/../../../arm-none-eabi/lib/thumb/v6-m/nofp/libc.a
END GROUP
START GROUP
LOAD /usr/lib/gcc/arm-none-eabi/12.2.1/thumb/v6-m/nofp/libgcc.a
LOAD /usr/lib/gcc/arm-none-eabi/12.2.1/../../../arm-none-eabi/lib/thumb/v6-m/nofp/libc.a
LOAD /usr/lib/gcc/arm-none-eabi/12.2.1/../../../arm-none-eabi/lib/thumb/v6-m/nofp/libnosys.a
END GROUP
OUTPUT(flash_nuke.elf elf32-littlearm)
LOAD linker stubs

.comment        0x00000000       0x59
 .comment       0x00000000       0x26 CMakeFiles/flash_nuke.dir/nuke.c.obj
                                 0x27 (size before relaxing)
 .comment       0x00000026       0x27 CMakeFiles/flash_nuke.dir/home/vboxuser/pico/pico-sdk/src/rp2_common/pico_platform/platform.c.obj
 .comment       0x00000026       0x27 CMakeFiles/flash_nuke.dir/home/vboxuser/pico/pico-sdk/src/rp2_common/hardware_claim/claim.c.obj
 .comment       0x00000026       0x27 CMakeFiles/flash_nuke.dir/home/vboxuser/pico/pico-sdk/src/rp2_common/hardware_sync/sync.c.obj
 .comment       0x00000026       0x27 CMakeFiles/flash_nuke.dir/home/vboxuser/pico/pico-sdk/src/rp2_common/hardware_irq/irq.c.obj
 .comment       0x00000026       0x27 CMakeFiles/flash_nuke.dir/home/vboxuser/pico/pico-sdk/src/common/pico_sync/lock_core.c.obj
 .comment       0x00000026       0x27 CMakeFiles/flash_nuke.dir/home/vboxuser/pico/pico-sdk/src/common/pico_sync/mutex.c.obj
 .comment       0x00000026       0x27 CMakeFiles/flash_nuke.dir/home/vboxuser/pico/pico-sdk/src/common/pico_time/time.c.obj
 .comment       0x00000026       0x27 CMakeFiles/flash_nuke.dir/home/vboxuser/pico/pico-sdk/src/rp2_common/hardware_timer/timer.c.obj
 .comment       0x00000026       0x27 CMakeFiles/flash_nuke.dir/home/vboxuser/pico/pico-sdk/src/common/pico_util/pheap.c.obj
 .comment       0x00000026       0x27 CMakeFiles/flash_nuke.dir/home/vboxuser/pico/pico-sdk/src/rp2_common/hardware_clocks/clocks.c.obj
 .comment       0x00000026       0x27 CMakeFiles/flash_nuke.dir/home/vboxuser/pico/pico-sdk/src/rp2_common/hardware_pll/pll.c.obj
 .comment       0x00000026       0x27 CMakeFiles/flash_nuke.dir/home/vboxuser/pico/pico-sdk/src/rp2_common/hardware_watchdog/watchdog.c.obj
 .comment       0x00000026       0x27 CMakeFiles/flash_nuke.dir/home/vboxuser/pico/pico-sdk/src/rp2_common/hardware_xosc/xosc.c.obj
 .comment       0x00000026       0x27 CMakeFiles/flash_nuke.dir/home/vboxuser/pico/pico-sdk/src/rp2_common/pico_runtime/runtime.c.obj
 .comment       0x00000026       0x27 CMakeFiles/flash_nuke.dir/home/vboxuser/pico/pico-sdk/src/rp2_common/pico_printf/printf.c.obj
 .comment       0x00000026       0x27 CMakeFiles/flash_nuke.dir/home/vboxuser/pico/pico-sdk/src/rp2_common/pico_bootrom/bootrom.c.obj
 .comment       0x00000026       0x27 CMakeFiles/flash_nuke.dir/home/vboxuser/pico/pico-sdk/src/rp2_common/pico_double/double_init_rom.c.obj
 .comment       0x00000026       0x27 CMakeFiles/flash_nuke.dir/home/vboxuser/pico/pico-sdk/src/rp2_common/pico_float/float_init_rom.c.obj
 .comment       0x00000026       0x27 CMakeFiles/flash_nuke.dir/home/vboxuser/pico/pico-sdk/src/rp2_common/pico_standard_link/binary_info.c.obj
 .comment       0x00000026       0x27 CMakeFiles/flash_nuke.dir/home/vboxuser/pico/pico-sdk/src/rp2_common/pico_stdio/stdio.c.obj
 .comment       0x00000026       0x27 CMakeFiles/flash_nuke.dir/home/vboxuser/pico/pico-sdk/src/rp2_common/hardware_flash/flash.c.obj
 .comment       0x00000026       0x33 /usr/lib/gcc/arm-none-eabi/12.2.1/../../../arm-none-eabi/lib/thumb/v6-m/nofp/libc.a(lib_a-strlen-stub.o)
                                 0x34 (size before relaxing)

.ARM.attributes
                0x00000000       0x2a
 .ARM.attributes
                0x00000000       0x2c CMakeFiles/flash_nuke.dir/nuke.c.obj
 .ARM.attributes
                0x0000002c       0x2c CMakeFiles/flash_nuke.dir/home/vboxuser/pico/pico-sdk/src/rp2_common/pico_platform/platform.c.obj
 .ARM.attributes
                0x00000058       0x2c CMakeFiles/flash_nuke.dir/home/vboxuser/pico/pico-sdk/src/rp2_common/hardware_claim/claim.c.obj
 .ARM.attributes
                0x00000084       0x2c CMakeFiles/flash_nuke.dir/home/vboxuser/pico/pico-sdk/src/rp2_common/hardware_sync/sync.c.obj
 .ARM.attributes
                0x000000b0       0x2c CMakeFiles/flash_nuke.dir/home/vboxuser/pico/pico-sdk/src/rp2_common/hardware_irq/irq.c.obj
 .ARM.attributes
                0x000000dc       0x22 CMakeFiles/flash_nuke.dir/home/vboxuser/pico/pico-sdk/src/rp2_common/hardware_irq/irq_handler_chain.S.obj
 .ARM.attributes
                0x000000fe       0x2c CMakeFiles/flash_nuke.dir/home/vboxuser/pico/pico-sdk/src/common/pico_sync/lock_core.c.obj
 .ARM.attributes
                0x0000012a       0x2c CMakeFiles/flash_nuke.dir/home/vboxuser/pico/pico-sdk/src/common/pico_sync/mutex.c.obj
 .ARM.attributes
                0x00000156       0x2c CMakeFiles/flash_nuke.dir/home/vboxuser/pico/pico-sdk/src/common/pico_time/time.c.obj
 .ARM.attributes
                0x00000182       0x2c CMakeFiles/flash_nuke.dir/home/vboxuser/pico/pico-sdk/src/rp2_common/hardware_timer/timer.c.obj
 .ARM.attributes
                0x000001ae       0x2c CMakeFiles/flash_nuke.dir/home/vboxuser/pico/pico-sdk/src/common/pico_util/pheap.c.obj
 .ARM.attributes
                0x000001da       0x2c CMakeFiles/flash_nuke.dir/home/vboxuser/pico/pico-sdk/src/rp2_common/hardware_clocks/clocks.c.obj
 .ARM.attributes
                0x00000206       0x2c CMakeFiles/flash_nuke.dir/home/vboxuser/pico/pico-sdk/src/rp2_common/hardware_pll/pll.c.obj
 .ARM.attributes
                0x00000232       0x2c CMakeFiles/flash_nuke.dir/home/vboxuser/pico/pico-sdk/src/rp2_common/hardware_watchdog/watchdog.c.obj
 .ARM.attributes
                0x0000025e       0x2c CMakeFiles/flash_nuke.dir/home/vboxuser/pico/pico-sdk/src/rp2_common/hardware_xosc/xosc.c.obj
 .ARM.attributes
                0x0000028a       0x2c CMakeFiles/flash_nuke.dir/home/vboxuser/pico/pico-sdk/src/rp2_common/pico_runtime/runtime.c.obj
 .ARM.attributes
                0x000002b6       0x2c CMakeFiles/flash_nuke.dir/home/vboxuser/pico/pico-sdk/src/rp2_common/pico_printf/printf.c.obj
 .ARM.attributes
                0x000002e2       0x22 CMakeFiles/flash_nuke.dir/home/vboxuser/pico/pico-sdk/src/rp2_common/pico_bit_ops/bit_ops_aeabi.S.obj
 .ARM.attributes
                0x00000304       0x2c CMakeFiles/flash_nuke.dir/home/vboxuser/pico/pico-sdk/src/rp2_common/pico_bootrom/bootrom.c.obj
 .ARM.attributes
                0x00000330       0x22 CMakeFiles/flash_nuke.dir/home/vboxuser/pico/pico-sdk/src/rp2_common/pico_divider/divider.S.obj
 .ARM.attributes
                0x00000352       0x22 CMakeFiles/flash_nuke.dir/home/vboxuser/pico/pico-sdk/src/rp2_common/pico_double/double_aeabi.S.obj
 .ARM.attributes
                0x00000374       0x2c CMakeFiles/flash_nuke.dir/home/vboxuser/pico/pico-sdk/src/rp2_common/pico_double/double_init_rom.c.obj
 .ARM.attributes
                0x000003a0       0x22 CMakeFiles/flash_nuke.dir/home/vboxuser/pico/pico-sdk/src/rp2_common/pico_double/double_v1_rom_shim.S.obj
 .ARM.attributes
                0x000003c2       0x22 CMakeFiles/flash_nuke.dir/home/vboxuser/pico/pico-sdk/src/rp2_common/pico_float/float_aeabi.S.obj
 .ARM.attributes
                0x000003e4       0x2c CMakeFiles/flash_nuke.dir/home/vboxuser/pico/pico-sdk/src/rp2_common/pico_float/float_init_rom.c.obj
 .ARM.attributes
                0x00000410       0x22 CMakeFiles/flash_nuke.dir/home/vboxuser/pico/pico-sdk/src/rp2_common/pico_mem_ops/mem_ops_aeabi.S.obj
 .ARM.attributes
                0x00000432       0x22 CMakeFiles/flash_nuke.dir/home/vboxuser/pico/pico-sdk/src/rp2_common/pico_standard_link/crt0.S.obj
 .ARM.attributes
                0x00000454       0x2c CMakeFiles/flash_nuke.dir/home/vboxuser/pico/pico-sdk/src/rp2_common/pico_standard_link/binary_info.c.obj
 .ARM.attributes
                0x00000480       0x2c CMakeFiles/flash_nuke.dir/home/vboxuser/pico/pico-sdk/src/rp2_common/pico_stdio/stdio.c.obj
 .ARM.attributes
                0x000004ac       0x2c CMakeFiles/flash_nuke.dir/home/vboxuser/pico/pico-sdk/src/rp2_common/hardware_flash/flash.c.obj
 .ARM.attributes
                0x000004d8       0x1e /usr/lib/gcc/arm-none-eabi/12.2.1/thumb/v6-m/nofp/libgcc.a(_dvmd_tls.o)
 .ARM.attributes
                0x000004f6       0x2c /usr/lib/gcc/arm-none-eabi/12.2.1/../../../arm-none-eabi/lib/thumb/v6-m/nofp/libc.a(lib_a-strlen-stub.o)

.debug_line     0x00000000      0x1bc
 .debug_line    0x00000000       0x4a /usr/lib/gcc/arm-none-eabi/12.2.1/thumb/v6-m/nofp/libgcc.a(_dvmd_tls.o)
 .debug_line    0x0000004a      0x172 /usr/lib/gcc/arm-none-eabi/12.2.1/../../../arm-none-eabi/lib/thumb/v6-m/nofp/libc.a(lib_a-strlen-stub.o)

.debug_line_str
                0x00000000       0x97
 .debug_line_str
                0x00000000       0x97 /usr/lib/gcc/arm-none-eabi/12.2.1/thumb/v6-m/nofp/libgcc.a(_dvmd_tls.o)

.debug_info     0x00000000      0x127
 .debug_info    0x00000000       0x39 /usr/lib/gcc/arm-none-eabi/12.2.1/thumb/v6-m/nofp/libgcc.a(_dvmd_tls.o)
 .debug_info    0x00000039       0xee /usr/lib/gcc/arm-none-eabi/12.2.1/../../../arm-none-eabi/lib/thumb/v6-m/nofp/libc.a(lib_a-strlen-stub.o)

.debug_abbrev   0x00000000       0xae
 .debug_abbrev  0x00000000       0x1f /usr/lib/gcc/arm-none-eabi/12.2.1/thumb/v6-m/nofp/libgcc.a(_dvmd_tls.o)
 .debug_abbrev  0x0000001f       0x8f /usr/lib/gcc/arm-none-eabi/12.2.1/../../../arm-none-eabi/lib/thumb/v6-m/nofp/libc.a(lib_a-strlen-stub.o)

.debug_aranges  0x00000000       0x40
 .debug_aranges
                0x00000000       0x20 /usr/lib/gcc/arm-none-eabi/12.2.1/thumb/v6-m/nofp/libgcc.a(_dvmd_tls.o)
 .debug_aranges
                0x00000020       0x20 /usr/lib/gcc/arm-none-eabi/12.2.1/../../../arm-none-eabi/lib/thumb/v6-m/nofp/libc.a(lib_a-strlen-stub.o)

.debug_str      0x00000000      0x24b
 .debug_str     0x00000000       0xbf /usr/lib/gcc/arm-none-eabi/12.2.1/thumb/v6-m/nofp/libgcc.a(_dvmd_tls.o)
 .debug_str     0x000000bf      0x18c /usr/lib/gcc/arm-none-eabi/12.2.1/../../../arm-none-eabi/lib/thumb/v6-m/nofp/libc.a(lib_a-strlen-stub.o)
                                0x1c5 (size before relaxing)

.debug_loc      0x00000000       0x90
 .debug_loc     0x00000000       0x90 /usr/lib/gcc/arm-none-eabi/12.2.1/../../../arm-none-eabi/lib/thumb/v6-m/nofp/libc.a(lib_a-strlen-stub.o)

.debug_frame    0x00000000       0x28
 .debug_frame   0x00000000       0x28 /usr/lib/gcc/arm-none-eabi/12.2.1/../../../arm-none-eabi/lib/thumb/v6-m/nofp/libc.a(lib_a-strlen-stub.o)
