Archive member included to satisfy reference by file (symbol)

/usr/lib/gcc/arm-none-eabi/12.2.1/thumb/v6-m/nofp/libgcc.a(_dvmd_tls.o)
                              CMakeFiles/tinyusb_host_msc_file_explorer.dir/home/vboxuser/pico/pico-sdk/src/rp2_common/pico_divider/divider.S.obj (__aeabi_idiv0)
/usr/lib/gcc/arm-none-eabi/12.2.1/../../../arm-none-eabi/lib/thumb/v6-m/nofp/libc.a(lib_a-atexit.o)
                              /usr/lib/gcc/arm-none-eabi/12.2.1/../../../arm-none-eabi/lib/thumb/v6-m/nofp/crt0.o (atexit)
/usr/lib/gcc/arm-none-eabi/12.2.1/../../../arm-none-eabi/lib/thumb/v6-m/nofp/libc.a(lib_a-calloc.o)
                              CMakeFiles/tinyusb_host_msc_file_explorer.dir/home/vboxuser/pico/pico-sdk/src/rp2_common/pico_malloc/pico_malloc.c.obj (calloc)
/usr/lib/gcc/arm-none-eabi/12.2.1/../../../arm-none-eabi/lib/thumb/v6-m/nofp/libc.a(lib_a-callocr.o)
                              /usr/lib/gcc/arm-none-eabi/12.2.1/../../../arm-none-eabi/lib/thumb/v6-m/nofp/libc.a(lib_a-calloc.o) (_calloc_r)
/usr/lib/gcc/arm-none-eabi/12.2.1/../../../arm-none-eabi/lib/thumb/v6-m/nofp/libc.a(lib_a-ctype_.o)
                              CMakeFiles/tinyusb_host_msc_file_explorer.dir/src/msc_app.c.obj (_ctype_)
/usr/lib/gcc/arm-none-eabi/12.2.1/../../../arm-none-eabi/lib/thumb/v6-m/nofp/libc.a(lib_a-fini.o)
                              /usr/lib/gcc/arm-none-eabi/12.2.1/../../../arm-none-eabi/lib/thumb/v6-m/nofp/crt0.o (__libc_fini_array)
/usr/lib/gcc/arm-none-eabi/12.2.1/../../../arm-none-eabi/lib/thumb/v6-m/nofp/libc.a(lib_a-impure.o)
                              CMakeFiles/tinyusb_host_msc_file_explorer.dir/src/msc_app.c.obj (_impure_ptr)
/usr/lib/gcc/arm-none-eabi/12.2.1/../../../arm-none-eabi/lib/thumb/v6-m/nofp/libc.a(lib_a-init.o)
                              /usr/lib/gcc/arm-none-eabi/12.2.1/../../../arm-none-eabi/lib/thumb/v6-m/nofp/crt0.o (__libc_init_array)
/usr/lib/gcc/arm-none-eabi/12.2.1/../../../arm-none-eabi/lib/thumb/v6-m/nofp/libc.a(lib_a-malloc.o)
                              CMakeFiles/tinyusb_host_msc_file_explorer.dir/home/vboxuser/pico/pico-sdk/src/rp2_common/pico_malloc/pico_malloc.c.obj (malloc)
/usr/lib/gcc/arm-none-eabi/12.2.1/../../../arm-none-eabi/lib/thumb/v6-m/nofp/libc.a(lib_a-mallocr.o)
                              /usr/lib/gcc/arm-none-eabi/12.2.1/../../../arm-none-eabi/lib/thumb/v6-m/nofp/libc.a(lib_a-callocr.o) (_malloc_r)
/usr/lib/gcc/arm-none-eabi/12.2.1/../../../arm-none-eabi/lib/thumb/v6-m/nofp/libc.a(lib_a-memcmp.o)
                              CMakeFiles/tinyusb_host_msc_file_explorer.dir/home/vboxuser/pico/pico-sdk/lib/tinyusb/lib/fatfs/source/ff.c.obj (memcmp)
/usr/lib/gcc/arm-none-eabi/12.2.1/../../../arm-none-eabi/lib/thumb/v6-m/nofp/libc.a(lib_a-memmove.o)
                              CMakeFiles/tinyusb_host_msc_file_explorer.dir/src/msc_app.c.obj (memmove)
/usr/lib/gcc/arm-none-eabi/12.2.1/../../../arm-none-eabi/lib/thumb/v6-m/nofp/libc.a(lib_a-mlock.o)
                              /usr/lib/gcc/arm-none-eabi/12.2.1/../../../arm-none-eabi/lib/thumb/v6-m/nofp/libc.a(lib_a-mallocr.o) (__malloc_lock)
/usr/lib/gcc/arm-none-eabi/12.2.1/../../../arm-none-eabi/lib/thumb/v6-m/nofp/libc.a(lib_a-realloc.o)
                              CMakeFiles/tinyusb_host_msc_file_explorer.dir/home/vboxuser/pico/pico-sdk/src/rp2_common/pico_malloc/pico_malloc.c.obj (realloc)
/usr/lib/gcc/arm-none-eabi/12.2.1/../../../arm-none-eabi/lib/thumb/v6-m/nofp/libc.a(lib_a-reallocr.o)
                              /usr/lib/gcc/arm-none-eabi/12.2.1/../../../arm-none-eabi/lib/thumb/v6-m/nofp/libc.a(lib_a-realloc.o) (_realloc_r)
/usr/lib/gcc/arm-none-eabi/12.2.1/../../../arm-none-eabi/lib/thumb/v6-m/nofp/libc.a(lib_a-sbrkr.o)
                              /usr/lib/gcc/arm-none-eabi/12.2.1/../../../arm-none-eabi/lib/thumb/v6-m/nofp/libc.a(lib_a-mallocr.o) (_sbrk_r)
/usr/lib/gcc/arm-none-eabi/12.2.1/../../../arm-none-eabi/lib/thumb/v6-m/nofp/libc.a(lib_a-setbuf.o)
                              CMakeFiles/tinyusb_host_msc_file_explorer.dir/src/msc_app.c.obj (setbuf)
/usr/lib/gcc/arm-none-eabi/12.2.1/../../../arm-none-eabi/lib/thumb/v6-m/nofp/libc.a(lib_a-setvbuf.o)
                              /usr/lib/gcc/arm-none-eabi/12.2.1/../../../arm-none-eabi/lib/thumb/v6-m/nofp/libc.a(lib_a-setbuf.o) (setvbuf)
/usr/lib/gcc/arm-none-eabi/12.2.1/../../../arm-none-eabi/lib/thumb/v6-m/nofp/libc.a(lib_a-strchr.o)
                              CMakeFiles/tinyusb_host_msc_file_explorer.dir/src/msc_app.c.obj (strchr)
/usr/lib/gcc/arm-none-eabi/12.2.1/../../../arm-none-eabi/lib/thumb/v6-m/nofp/libc.a(lib_a-strcmp.o)
                              CMakeFiles/tinyusb_host_msc_file_explorer.dir/src/msc_app.c.obj (strcmp)
/usr/lib/gcc/arm-none-eabi/12.2.1/../../../arm-none-eabi/lib/thumb/v6-m/nofp/libc.a(lib_a-strlen-stub.o)
                              CMakeFiles/tinyusb_host_msc_file_explorer.dir/src/msc_app.c.obj (strlen)
[...]
Memory Configuration

Name             Origin             Length             Attributes
FLASH            0x10000000         0x00200000         xr
RAM              0x20000000         0x00040000         xrw
SCRATCH_X        0x20040000         0x00001000         xrw
SCRATCH_Y        0x20041000         0x00001000         xrw
*default*        0x00000000         0xffffffff

Linker script and memory map

LOAD /usr/lib/gcc/arm-none-eabi/12.2.1/thumb/v6-m/nofp/crti.o
LOAD /usr/lib/gcc/arm-none-eabi/12.2.1/thumb/v6-m/nofp/crtbegin.o
LOAD /usr/lib/gcc/arm-none-eabi/12.2.1/../../../arm-none-eabi/lib/thumb/v6-m/nofp/crt0.o

.flash_begin    0x10000000        0x0
                0x10000000                        __flash_binary_start = .

.boot2          0x10000000      0x100
                0x10000000                        __boot2_start__ = .
 *(.boot2)
 .boot2         0x10000000      0x100 /tmp/ccWnmnop.o
                0x10000100                        __boot2_end__ = .
                0x00000001                        ASSERT (((__boot2_end__ - __boot2_start__) == 0x100), ERROR: Pico second stage bootloader must be 256 bytes in size)

.text           0x10000100     0xdb48
                0x10000100                        __logical_binary_start = .
 *(.vectors)
 .vectors       0x10000100       0xd4 CMakeFiles/tinyusb_host_msc_file_explorer.dir/home/vboxuser/pico/pico-sdk/src/rp2_common/pico_standard_link/crt0.S.obj
                0x10000100                __vectors
                0x10000100                __VECTOR_TABLE
                0x100001c0                isr_invalid
                0x100001c0                __default_isrs_start
                0x100001c2                isr_nmi
                0x100001c4                isr_hardfault
                0x100001c6                isr_svcall
                0x100001c8                isr_pendsv
                0x100001ca                isr_systick
                0x100001cc                isr_irq30
                0x100001cc                __unhandled_user_irq
                0x100001cc                isr_irq13
                0x100001cc                isr_irq27
                0x100001cc                isr_irq31
                0x100001cc                isr_irq5
                0x100001cc                isr_irq11
                0x100001cc                isr_irq23
                0x100001cc                isr_irq18
                0x100001cc                isr_irq28
                0x100001cc                isr_irq19
                0x100001cc                isr_irq0
                0x100001cc                isr_irq6
                0x100001cc                isr_irq22
                0x100001cc                isr_irq17
                0x100001cc                isr_irq14
                0x100001cc                isr_irq2
                0x100001cc                isr_irq10
                0x100001cc                isr_irq8
                0x100001cc                isr_irq24
                0x100001cc                isr_irq1
                0x100001cc                isr_irq7
                0x100001cc                isr_irq21
                0x100001cc                isr_irq20
                0x100001cc                isr_irq15
                0x100001cc                isr_irq25
                0x100001cc                isr_irq4
                0x100001cc                isr_irq16
                0x100001cc                isr_irq29
                0x100001cc                isr_irq26
                0x100001cc                __default_isrs_end
                0x100001cc                isr_irq3
                0x100001cc                isr_irq12
                0x100001cc                isr_irq9
                0x100001d2                unhandled_user_irq_num_in_r0
 *(.binary_info_header)
 .binary_info_header
                0x100001d4       0x14 CMakeFiles/tinyusb_host_msc_file_explorer.dir/home/vboxuser/pico/pico-sdk/src/rp2_common/pico_standard_link/crt0.S.obj
                0x100001e8                        __binary_info_header_end = .
 *(.reset)
 .reset         0x100001e8       0xa0 CMakeFiles/tinyusb_host_msc_file_explorer.dir/home/vboxuser/pico/pico-sdk/src/rp2_common/pico_standard_link/crt0.S.obj
                0x100001e8                _entry_point
 .reset         0x10000288       0x30 CMakeFiles/tinyusb_host_msc_file_explorer.dir/home/vboxuser/pico/pico-sdk/src/rp2_common/pico_standard_link/binary_info.c.obj
 *(.init)
 .init          0x100002b8        0x4 /usr/lib/gcc/arm-none-eabi/12.2.1/thumb/v6-m/nofp/crti.o
                0x100002b8                _init
 *(EXCLUDE_FILE(*libm.a: *libc.a:*lib_a-mem*.o *libgcc.a:) .text*)
 .text          0x100002bc       0x98 /usr/lib/gcc/arm-none-eabi/12.2.1/thumb/v6-m/nofp/crtbegin.o
 .text.startup.main
                0x10000354       0x7c CMakeFiles/tinyusb_host_msc_file_explorer.dir/src/main.c.obj
                0x10000354                main
 .text.tuh_mount_cb
                0x100003d0        0x4 CMakeFiles/tinyusb_host_msc_file_explorer.dir/src/main.c.obj
                0x100003d0                tuh_mount_cb
 .text.tuh_umount_cb
                0x100003d4        0x4 CMakeFiles/tinyusb_host_msc_file_explorer.dir/src/main.c.obj
                0x100003d4                tuh_umount_cb
 .text.disk_io_complete
                0x100003d8       0x10 CMakeFiles/tinyusb_host_msc_file_explorer.dir/src/msc_app.c.obj
 .text.inquiry_complete_cb
                0x100003e8       0xb8 CMakeFiles/tinyusb_host_msc_file_explorer.dir/src/msc_app.c.obj
                0x100003e8                inquiry_complete_cb
 .text.cli_write_char
                0x100004a0        0xc CMakeFiles/tinyusb_host_msc_file_explorer.dir/src/msc_app.c.obj
                0x100004a0                cli_write_char
 .text.embeddedCliTokenizeArgs.part.0
                0x100004ac       0x9c CMakeFiles/tinyusb_host_msc_file_explorer.dir/src/msc_app.c.obj
 .text.getAutocompletedCommand.isra.0
                0x10000548      0x128 CMakeFiles/tinyusb_host_msc_file_explorer.dir/src/msc_app.c.obj
 .text.cli_cmd_cd
                0x10000670       0x4c CMakeFiles/tinyusb_host_msc_file_explorer.dir/src/msc_app.c.obj
                0x10000670                cli_cmd_cd
 .text.cli_cmd_mkdir
                0x100006bc       0x4c CMakeFiles/tinyusb_host_msc_file_explorer.dir/src/msc_app.c.obj
                0x100006bc                cli_cmd_mkdir
 .text.cli_cmd_pwd
                0x10000708       0x58 CMakeFiles/tinyusb_host_msc_file_explorer.dir/src/msc_app.c.obj
                0x10000708                cli_cmd_pwd
 .text.cli_cmd_rm
                0x10000760       0xb4 CMakeFiles/tinyusb_host_msc_file_explorer.dir/src/msc_app.c.obj
                0x10000760                cli_cmd_rm
 .text.cli_cmd_ls
                0x10000814       0xd8 CMakeFiles/tinyusb_host_msc_file_explorer.dir/src/msc_app.c.obj
                0x10000814                cli_cmd_ls
 .text.cli_cmd_cat
                0x100008ec      0x130 CMakeFiles/tinyusb_host_msc_file_explorer.dir/src/msc_app.c.obj
                0x100008ec                cli_cmd_cat
 .text.cli_cmd_mv
                0x10000a1c       0x88 CMakeFiles/tinyusb_host_msc_file_explorer.dir/src/msc_app.c.obj
                0x10000a1c                cli_cmd_mv
 .text.printLiveAutocompletion
                0x10000aa4       0xb8 CMakeFiles/tinyusb_host_msc_file_explorer.dir/src/msc_app.c.obj
 .text.cli_cmd_cp
                0x10000b5c      0x104 CMakeFiles/tinyusb_host_msc_file_explorer.dir/src/msc_app.c.obj
                0x10000b5c                cli_cmd_cp
 .text.onAutocompleteRequest
                0x10000c60      0x150 CMakeFiles/tinyusb_host_msc_file_explorer.dir/src/msc_app.c.obj
 .text.onHelp   0x10000db0      0x260 CMakeFiles/tinyusb_host_msc_file_explorer.dir/src/msc_app.c.obj
 .text.embeddedCliNew
                0x10001010      0x124 CMakeFiles/tinyusb_host_msc_file_explorer.dir/src/msc_app.c.obj
                0x10001010                embeddedCliNew
 .text.embeddedCliProcess
                0x10001134      0x728 CMakeFiles/tinyusb_host_msc_file_explorer.dir/src/msc_app.c.obj
                0x10001134                embeddedCliProcess
 .text.msc_app_task
                0x1000185c       0x74 CMakeFiles/tinyusb_host_msc_file_explorer.dir/src/msc_app.c.obj
                0x1000185c                msc_app_task
 .text.tuh_msc_mount_cb
                0x100018d0       0x2c CMakeFiles/tinyusb_host_msc_file_explorer.dir/src/msc_app.c.obj
                0x100018d0                tuh_msc_mount_cb
 .text.tuh_msc_umount_cb
                0x100018fc       0x30 CMakeFiles/tinyusb_host_msc_file_explorer.dir/src/msc_app.c.obj
                0x100018fc                tuh_msc_umount_cb
 .text.disk_status
                0x1000192c       0x14 CMakeFiles/tinyusb_host_msc_file_explorer.dir/src/msc_app.c.obj
                0x1000192c                disk_status
 .text.disk_initialize
                0x10001940        0x4 CMakeFiles/tinyusb_host_msc_file_explorer.dir/src/msc_app.c.obj
                0x10001940                disk_initialize
 .text.disk_read
                0x10001944       0x4c CMakeFiles/tinyusb_host_msc_file_explorer.dir/src/msc_app.c.obj
                0x10001944                disk_read
 .text.disk_write
                0x10001990       0x4c CMakeFiles/tinyusb_host_msc_file_explorer.dir/src/msc_app.c.obj
                0x10001990                disk_write
 .text.disk_ioctl
                0x100019dc       0x3c CMakeFiles/tinyusb_host_msc_file_explorer.dir/src/msc_app.c.obj
                0x100019dc                disk_ioctl
 .text.cli_init
                0x10001a18      0x278 CMakeFiles/tinyusb_host_msc_file_explorer.dir/src/msc_app.c.obj
                0x10001a18                cli_init
 .text.msc_app_init
                0x10001c90       0x2c CMakeFiles/tinyusb_host_msc_file_explorer.dir/src/msc_app.c.obj
                0x10001c90                msc_app_init
 .text.get_fileinfo
                0x10001cbc      0x27c CMakeFiles/tinyusb_host_msc_file_explorer.dir/home/vboxuser/pico/pico-sdk/lib/tinyusb/lib/fatfs/source/ff.c.obj
 .text.sync_fs  0x10001f38      0x11c CMakeFiles/tinyusb_host_msc_file_explorer.dir/home/vboxuser/pico/pico-sdk/lib/tinyusb/lib/fatfs/source/ff.c.obj
 .text.move_window
                0x10002054       0x68 CMakeFiles/tinyusb_host_msc_file_explorer.dir/home/vboxuser/pico/pico-sdk/lib/tinyusb/lib/fatfs/source/ff.c.obj
 .text.put_fat.part.0
                0x100020bc      0x124 CMakeFiles/tinyusb_host_msc_file_explorer.dir/home/vboxuser/pico/pico-sdk/lib/tinyusb/lib/fatfs/source/ff.c.obj
 .text.get_fat.isra.0
                0x100021e0       0xe4 CMakeFiles/tinyusb_host_msc_file_explorer.dir/home/vboxuser/pico/pico-sdk/lib/tinyusb/lib/fatfs/source/ff.c.obj
 .text.dir_next.constprop.0
                0x100022c4       0xa0 CMakeFiles/tinyusb_host_msc_file_explorer.dir/home/vboxuser/pico/pico-sdk/lib/tinyusb/lib/fatfs/source/ff.c.obj
 .text.check_fs
                0x10002364      0x144 CMakeFiles/tinyusb_host_msc_file_explorer.dir/home/vboxuser/pico/pico-sdk/lib/tinyusb/lib/fatfs/source/ff.c.obj
 .text.mount_volume
                0x100024a8      0x440 CMakeFiles/tinyusb_host_msc_file_explorer.dir/home/vboxuser/pico/pico-sdk/lib/tinyusb/lib/fatfs/source/ff.c.obj
 .text.dir_read.constprop.0
                0x100028e8      0x494 CMakeFiles/tinyusb_host_msc_file_explorer.dir/home/vboxuser/pico/pico-sdk/lib/tinyusb/lib/fatfs/source/ff.c.obj
 .text.dir_sdi.constprop.0
                0x10002d7c      0x160 CMakeFiles/tinyusb_host_msc_file_explorer.dir/home/vboxuser/pico/pico-sdk/lib/tinyusb/lib/fatfs/source/ff.c.obj
 .text.dir_find
                0x10002edc      0x308 CMakeFiles/tinyusb_host_msc_file_explorer.dir/home/vboxuser/pico/pico-sdk/lib/tinyusb/lib/fatfs/source/ff.c.obj
 .text.follow_path
                0x100031e4      0x414 CMakeFiles/tinyusb_host_msc_file_explorer.dir/home/vboxuser/pico/pico-sdk/lib/tinyusb/lib/fatfs/source/ff.c.obj
 .text.dir_sdi  0x100035f8      0x1a8 CMakeFiles/tinyusb_host_msc_file_explorer.dir/home/vboxuser/pico/pico-sdk/lib/tinyusb/lib/fatfs/source/ff.c.obj
 .text.dir_remove
                0x100037a0      0x148 CMakeFiles/tinyusb_host_msc_file_explorer.dir/home/vboxuser/pico/pico-sdk/lib/tinyusb/lib/fatfs/source/ff.c.obj
 .text.create_chain
                0x100038e8      0x24c CMakeFiles/tinyusb_host_msc_file_explorer.dir/home/vboxuser/pico/pico-sdk/lib/tinyusb/lib/fatfs/source/ff.c.obj
 .text.dir_register
                0x10003b34      0x990 CMakeFiles/tinyusb_host_msc_file_explorer.dir/home/vboxuser/pico/pico-sdk/lib/tinyusb/lib/fatfs/source/ff.c.obj
 .text.remove_chain
                0x100044c4      0x280 CMakeFiles/tinyusb_host_msc_file_explorer.dir/home/vboxuser/pico/pico-sdk/lib/tinyusb/lib/fatfs/source/ff.c.obj
 .text.f_mount  0x10004744       0x7c CMakeFiles/tinyusb_host_msc_file_explorer.dir/home/vboxuser/pico/pico-sdk/lib/tinyusb/lib/fatfs/source/ff.c.obj
                0x10004744                f_mount
 .text.f_open   0x100047c0      0x244 CMakeFiles/tinyusb_host_msc_file_explorer.dir/home/vboxuser/pico/pico-sdk/lib/tinyusb/lib/fatfs/source/ff.c.obj
                0x100047c0                f_open
 .text.f_read   0x10004a04      0x1d0 CMakeFiles/tinyusb_host_msc_file_explorer.dir/home/vboxuser/pico/pico-sdk/lib/tinyusb/lib/fatfs/source/ff.c.obj
                0x10004a04                f_read
 .text.f_write  0x10004bd4      0x200 CMakeFiles/tinyusb_host_msc_file_explorer.dir/home/vboxuser/pico/pico-sdk/lib/tinyusb/lib/fatfs/source/ff.c.obj
                0x10004bd4                f_write
 .text.f_close  0x10004dd4       0xe8 CMakeFiles/tinyusb_host_msc_file_explorer.dir/home/vboxuser/pico/pico-sdk/lib/tinyusb/lib/fatfs/source/ff.c.obj
                0x10004dd4                f_close
 .text.f_chdir  0x10004ebc       0x74 CMakeFiles/tinyusb_host_msc_file_explorer.dir/home/vboxuser/pico/pico-sdk/lib/tinyusb/lib/fatfs/source/ff.c.obj
                0x10004ebc                f_chdir
 .text.f_getcwd
                0x10004f30      0x290 CMakeFiles/tinyusb_host_msc_file_explorer.dir/home/vboxuser/pico/pico-sdk/lib/tinyusb/lib/fatfs/source/ff.c.obj
                0x10004f30                f_getcwd
 .text.f_opendir
                0x100051c0       0x80 CMakeFiles/tinyusb_host_msc_file_explorer.dir/home/vboxuser/pico/pico-sdk/lib/tinyusb/lib/fatfs/source/ff.c.obj
                0x100051c0                f_opendir
 .text.f_closedir
                0x10005240       0x34 CMakeFiles/tinyusb_host_msc_file_explorer.dir/home/vboxuser/pico/pico-sdk/lib/tinyusb/lib/fatfs/source/ff.c.obj
                0x10005240                f_closedir
 .text.f_readdir
                0x10005274       0x5c CMakeFiles/tinyusb_host_msc_file_explorer.dir/home/vboxuser/pico/pico-sdk/lib/tinyusb/lib/fatfs/source/ff.c.obj
                0x10005274                f_readdir
 .text.f_unlink
                0x100052d0       0xb8 CMakeFiles/tinyusb_host_msc_file_explorer.dir/home/vboxuser/pico/pico-sdk/lib/tinyusb/lib/fatfs/source/ff.c.obj
                0x100052d0                f_unlink
 .text.f_mkdir  0x10005388      0x210 CMakeFiles/tinyusb_host_msc_file_explorer.dir/home/vboxuser/pico/pico-sdk/lib/tinyusb/lib/fatfs/source/ff.c.obj
                0x10005388                f_mkdir
 .text.f_rename
                0x10005598      0x168 CMakeFiles/tinyusb_host_msc_file_explorer.dir/home/vboxuser/pico/pico-sdk/lib/tinyusb/lib/fatfs/source/ff.c.obj
                0x10005598                f_rename
 .text.ff_uni2oem
                0x10005700       0x40 CMakeFiles/tinyusb_host_msc_file_explorer.dir/home/vboxuser/pico/pico-sdk/lib/tinyusb/lib/fatfs/source/ffunicode.c.obj
                0x10005700                ff_uni2oem
 .text.ff_oem2uni
                0x10005740       0x2c CMakeFiles/tinyusb_host_msc_file_explorer.dir/home/vboxuser/pico/pico-sdk/lib/tinyusb/lib/fatfs/source/ffunicode.c.obj
                0x10005740                ff_oem2uni
 .text.ff_wtoupper
                0x1000576c       0xb8 CMakeFiles/tinyusb_host_msc_file_explorer.dir/home/vboxuser/pico/pico-sdk/lib/tinyusb/lib/fatfs/source/ffunicode.c.obj
                0x1000576c                ff_wtoupper
 .text.gpio_set_function
                0x10005824       0x30 CMakeFiles/tinyusb_host_msc_file_explorer.dir/home/vboxuser/pico/pico-sdk/src/rp2_common/hardware_gpio/gpio.c.obj
                0x10005824                gpio_set_function
 .text.running_on_fpga
                0x10005854       0x10 CMakeFiles/tinyusb_host_msc_file_explorer.dir/home/vboxuser/pico/pico-sdk/src/rp2_common/pico_platform/platform.c.obj
                0x10005854                running_on_fpga
 .text.hw_claim_or_assert
                0x10005864       0x44 CMakeFiles/tinyusb_host_msc_file_explorer.dir/home/vboxuser/pico/pico-sdk/src/rp2_common/hardware_claim/claim.c.obj
                0x10005864                hw_claim_or_assert
 .text.hw_claim_unused_from_range
                0x100058a8       0x9c CMakeFiles/tinyusb_host_msc_file_explorer.dir/home/vboxuser/pico/pico-sdk/src/rp2_common/hardware_claim/claim.c.obj
                0x100058a8                hw_claim_unused_from_range
 .text.spin_locks_reset
                0x10005944       0x1c CMakeFiles/tinyusb_host_msc_file_explorer.dir/home/vboxuser/pico/pico-sdk/src/rp2_common/hardware_sync/sync.c.obj
                0x10005944                spin_locks_reset
 .text.next_striped_spin_lock_num
                0x10005960       0x18 CMakeFiles/tinyusb_host_msc_file_explorer.dir/home/vboxuser/pico/pico-sdk/src/rp2_common/hardware_sync/sync.c.obj
                0x10005960                next_striped_spin_lock_num
 .text.spin_lock_claim_unused
                0x10005978       0x24 CMakeFiles/tinyusb_host_msc_file_explorer.dir/home/vboxuser/pico/pico-sdk/src/rp2_common/hardware_sync/sync.c.obj
                0x10005978                spin_lock_claim_unused
 .text.irq_set_enabled
                0x1000599c       0x24 CMakeFiles/tinyusb_host_msc_file_explorer.dir/home/vboxuser/pico/pico-sdk/src/rp2_common/hardware_irq/irq.c.obj
                0x1000599c                irq_set_enabled
 .text.irq_get_vtable_handler
                0x100059c0       0x10 CMakeFiles/tinyusb_host_msc_file_explorer.dir/home/vboxuser/pico/pico-sdk/src/rp2_common/hardware_irq/irq.c.obj
                0x100059c0                irq_get_vtable_handler
 .text.irq_set_exclusive_handler
                0x100059d0       0x54 CMakeFiles/tinyusb_host_msc_file_explorer.dir/home/vboxuser/pico/pico-sdk/src/rp2_common/hardware_irq/irq.c.obj
                0x100059d0                irq_set_exclusive_handler
 .text.irq_add_shared_handler
                0x10005a24      0x1f4 CMakeFiles/tinyusb_host_msc_file_explorer.dir/home/vboxuser/pico/pico-sdk/src/rp2_common/hardware_irq/irq.c.obj
                0x10005a24                irq_add_shared_handler
 .text.irq_remove_handler
                0x10005c18      0x1c4 CMakeFiles/tinyusb_host_msc_file_explorer.dir/home/vboxuser/pico/pico-sdk/src/rp2_common/hardware_irq/irq.c.obj
                0x10005c18                irq_remove_handler
 .text.irq_add_tail_to_free_list
                0x10005ddc       0xb4 CMakeFiles/tinyusb_host_msc_file_explorer.dir/home/vboxuser/pico/pico-sdk/src/rp2_common/hardware_irq/irq.c.obj
                0x10005ddc                irq_add_tail_to_free_list
 .text.irq_init_priorities
                0x10005e90       0x24 CMakeFiles/tinyusb_host_msc_file_explorer.dir/home/vboxuser/pico/pico-sdk/src/rp2_common/hardware_irq/irq.c.obj
                0x10005e90                irq_init_priorities
 .text.lock_init
                0x10005eb4       0x10 CMakeFiles/tinyusb_host_msc_file_explorer.dir/home/vboxuser/pico/pico-sdk/src/common/pico_sync/lock_core.c.obj
                0x10005eb4                lock_init
 .text.mutex_init
                0x10005ec4       0x1c CMakeFiles/tinyusb_host_msc_file_explorer.dir/home/vboxuser/pico/pico-sdk/src/common/pico_sync/mutex.c.obj
                0x10005ec4                mutex_init
 .text.recursive_mutex_init
                0x10005ee0       0x1c CMakeFiles/tinyusb_host_msc_file_explorer.dir/home/vboxuser/pico/pico-sdk/src/common/pico_sync/mutex.c.obj
                0x10005ee0                recursive_mutex_init
 .text.critical_section_init
                0x10005efc       0x1c CMakeFiles/tinyusb_host_msc_file_explorer.dir/home/vboxuser/pico/pico-sdk/src/common/pico_sync/critical_section.c.obj
                0x10005efc                critical_section_init
 .text.timer_pool_entry_comparator
                0x10005f18       0x34 CMakeFiles/tinyusb_host_msc_file_explorer.dir/home/vboxuser/pico/pico-sdk/src/common/pico_time/time.c.obj
                0x10005f18                timer_pool_entry_comparator
 .text.sleep_until_callback
                0x10005f4c       0x30 CMakeFiles/tinyusb_host_msc_file_explorer.dir/home/vboxuser/pico/pico-sdk/src/common/pico_time/time.c.obj
 .text.add_alarm_under_lock.isra.0
                0x10005f7c      0x100 CMakeFiles/tinyusb_host_msc_file_explorer.dir/home/vboxuser/pico/pico-sdk/src/common/pico_time/time.c.obj
 .text.alarm_pool_alarm_callback
                0x1000607c      0x1c0 CMakeFiles/tinyusb_host_msc_file_explorer.dir/home/vboxuser/pico/pico-sdk/src/common/pico_time/time.c.obj
 .text.alarm_pool_init_default
                0x1000623c       0x6c CMakeFiles/tinyusb_host_msc_file_explorer.dir/home/vboxuser/pico/pico-sdk/src/common/pico_time/time.c.obj
                0x1000623c                alarm_pool_init_default
 .text.alarm_pool_add_alarm_at
                0x100062a8      0x188 CMakeFiles/tinyusb_host_msc_file_explorer.dir/home/vboxuser/pico/pico-sdk/src/common/pico_time/time.c.obj
                0x100062a8                alarm_pool_add_alarm_at
 .text.sleep_until
                0x10006430       0xc4 CMakeFiles/tinyusb_host_msc_file_explorer.dir/home/vboxuser/pico/pico-sdk/src/common/pico_time/time.c.obj
                0x10006430                sleep_until
 .text.sleep_ms
                0x100064f4       0x38 CMakeFiles/tinyusb_host_msc_file_explorer.dir/home/vboxuser/pico/pico-sdk/src/common/pico_time/time.c.obj
                0x100064f4                sleep_ms
 .text.best_effort_wfe_or_timeout
                0x1000652c       0xec CMakeFiles/tinyusb_host_msc_file_explorer.dir/home/vboxuser/pico/pico-sdk/src/common/pico_time/time.c.obj
                0x1000652c                best_effort_wfe_or_timeout
 .text.hardware_alarm_irq_handler
                0x10006618       0xbc CMakeFiles/tinyusb_host_msc_file_explorer.dir/home/vboxuser/pico/pico-sdk/src/rp2_common/hardware_timer/timer.c.obj
 .text.hardware_alarm_claim
                0x100066d4       0x18 CMakeFiles/tinyusb_host_msc_file_explorer.dir/home/vboxuser/pico/pico-sdk/src/rp2_common/hardware_timer/timer.c.obj
                0x100066d4                hardware_alarm_claim
 .text.time_us_64
                0x100066ec       0x14 CMakeFiles/tinyusb_host_msc_file_explorer.dir/home/vboxuser/pico/pico-sdk/src/rp2_common/hardware_timer/timer.c.obj
                0x100066ec                time_us_64
 .text.busy_wait_us
                0x10006700       0x68 CMakeFiles/tinyusb_host_msc_file_explorer.dir/home/vboxuser/pico/pico-sdk/src/rp2_common/hardware_timer/timer.c.obj
                0x10006700                busy_wait_us
 .text.busy_wait_until
                0x10006768       0x20 CMakeFiles/tinyusb_host_msc_file_explorer.dir/home/vboxuser/pico/pico-sdk/src/rp2_common/hardware_timer/timer.c.obj
                0x10006768                busy_wait_until
 .text.hardware_alarm_set_callback
                0x10006788       0x8c CMakeFiles/tinyusb_host_msc_file_explorer.dir/home/vboxuser/pico/pico-sdk/src/rp2_common/hardware_timer/timer.c.obj
                0x10006788                hardware_alarm_set_callback
 .text.hardware_alarm_set_target
                0x10006814       0xd0 CMakeFiles/tinyusb_host_msc_file_explorer.dir/home/vboxuser/pico/pico-sdk/src/rp2_common/hardware_timer/timer.c.obj
                0x10006814                hardware_alarm_set_target
 .text.hardware_alarm_cancel
                0x100068e4       0x3c CMakeFiles/tinyusb_host_msc_file_explorer.dir/home/vboxuser/pico/pico-sdk/src/rp2_common/hardware_timer/timer.c.obj
                0x100068e4                hardware_alarm_cancel
 .text.ph_merge_nodes
                0x10006920       0x64 CMakeFiles/tinyusb_host_msc_file_explorer.dir/home/vboxuser/pico/pico-sdk/src/common/pico_util/pheap.c.obj
 .text.ph_post_alloc_init
                0x10006984       0x3c CMakeFiles/tinyusb_host_msc_file_explorer.dir/home/vboxuser/pico/pico-sdk/src/common/pico_util/pheap.c.obj
                0x10006984                ph_post_alloc_init
 .text.ph_merge_two_pass
                0x100069c0       0x98 CMakeFiles/tinyusb_host_msc_file_explorer.dir/home/vboxuser/pico/pico-sdk/src/common/pico_util/pheap.c.obj
                0x100069c0                ph_merge_two_pass
 .text.ph_remove_any_head
                0x10006a58      0x100 CMakeFiles/tinyusb_host_msc_file_explorer.dir/home/vboxuser/pico/pico-sdk/src/common/pico_util/pheap.c.obj
 .text.ph_remove_head
                0x10006b58      0x104 CMakeFiles/tinyusb_host_msc_file_explorer.dir/home/vboxuser/pico/pico-sdk/src/common/pico_util/pheap.c.obj
                0x10006b58                ph_remove_head
 .text.ph_remove_and_free_node
                0x10006c5c       0x78 CMakeFiles/tinyusb_host_msc_file_explorer.dir/home/vboxuser/pico/pico-sdk/src/common/pico_util/pheap.c.obj
                0x10006c5c                ph_remove_and_free_node
 .text.uart_init
                0x10006cd4      0x188 CMakeFiles/tinyusb_host_msc_file_explorer.dir/home/vboxuser/pico/pico-sdk/src/rp2_common/hardware_uart/uart.c.obj
                0x10006cd4                uart_init
 .text.clocks_init
                0x10006e5c      0x2c8 CMakeFiles/tinyusb_host_msc_file_explorer.dir/home/vboxuser/pico/pico-sdk/src/rp2_common/hardware_clocks/clocks.c.obj
                0x10006e5c                clocks_init
 .text.clock_get_hz
                0x10007124        0xc CMakeFiles/tinyusb_host_msc_file_explorer.dir/home/vboxuser/pico/pico-sdk/src/rp2_common/hardware_clocks/clocks.c.obj
                0x10007124                clock_get_hz
 .text.pll_init
                0x10007130       0xa0 CMakeFiles/tinyusb_host_msc_file_explorer.dir/home/vboxuser/pico/pico-sdk/src/rp2_common/hardware_pll/pll.c.obj
                0x10007130                pll_init
 .text.watchdog_start_tick
                0x100071d0       0x10 CMakeFiles/tinyusb_host_msc_file_explorer.dir/home/vboxuser/pico/pico-sdk/src/rp2_common/hardware_watchdog/watchdog.c.obj
                0x100071d0                watchdog_start_tick
 .text.xosc_init
                0x100071e0       0x28 CMakeFiles/tinyusb_host_msc_file_explorer.dir/home/vboxuser/pico/pico-sdk/src/rp2_common/hardware_xosc/xosc.c.obj
                0x100071e0                xosc_init
 .text.runtime_init
                0x10007208       0xf0 CMakeFiles/tinyusb_host_msc_file_explorer.dir/home/vboxuser/pico/pico-sdk/src/rp2_common/pico_runtime/runtime.c.obj
                0x10007208                runtime_init
 .text._exit    0x100072f8        0x4 CMakeFiles/tinyusb_host_msc_file_explorer.dir/home/vboxuser/pico/pico-sdk/src/rp2_common/pico_runtime/runtime.c.obj
                0x100072f8                _exit
 .text._sbrk    0x100072fc       0x34 CMakeFiles/tinyusb_host_msc_file_explorer.dir/home/vboxuser/pico/pico-sdk/src/rp2_common/pico_runtime/runtime.c.obj
                0x100072fc                _sbrk
 .text.exit     0x10007330        0x8 CMakeFiles/tinyusb_host_msc_file_explorer.dir/home/vboxuser/pico/pico-sdk/src/rp2_common/pico_runtime/runtime.c.obj
                0x10007330                exit
 .text.panic    0x10007338       0x30 CMakeFiles/tinyusb_host_msc_file_explorer.dir/home/vboxuser/pico/pico-sdk/src/rp2_common/pico_runtime/runtime.c.obj
                0x10007338                panic
 .text.hard_assertion_failure
                0x10007368        0xc CMakeFiles/tinyusb_host_msc_file_explorer.dir/home/vboxuser/pico/pico-sdk/src/rp2_common/pico_runtime/runtime.c.obj
                0x10007368                hard_assertion_failure
 .text._out_null
                0x10007374        0x4 CMakeFiles/tinyusb_host_msc_file_explorer.dir/home/vboxuser/pico/pico-sdk/src/rp2_common/pico_printf/printf.c.obj
 .text._out_rev
                0x10007378       0x90 CMakeFiles/tinyusb_host_msc_file_explorer.dir/home/vboxuser/pico/pico-sdk/src/rp2_common/pico_printf/printf.c.obj
 .text._ntoa_format
                0x10007408      0x1f4 CMakeFiles/tinyusb_host_msc_file_explorer.dir/home/vboxuser/pico/pico-sdk/src/rp2_common/pico_printf/printf.c.obj
 .text._out_char
                0x100075fc       0x10 CMakeFiles/tinyusb_host_msc_file_explorer.dir/home/vboxuser/pico/pico-sdk/src/rp2_common/pico_printf/printf.c.obj
 .text._out_fct
                0x1000760c       0x10 CMakeFiles/tinyusb_host_msc_file_explorer.dir/home/vboxuser/pico/pico-sdk/src/rp2_common/pico_printf/printf.c.obj
 .text._etoa    0x1000761c      0x454 CMakeFiles/tinyusb_host_msc_file_explorer.dir/home/vboxuser/pico/pico-sdk/src/rp2_common/pico_printf/printf.c.obj
 .text._ftoa    0x10007a70      0x3c4 CMakeFiles/tinyusb_host_msc_file_explorer.dir/home/vboxuser/pico/pico-sdk/src/rp2_common/pico_printf/printf.c.obj
 .text._vsnprintf
                0x10007e34      0xb24 CMakeFiles/tinyusb_host_msc_file_explorer.dir/home/vboxuser/pico/pico-sdk/src/rp2_common/pico_printf/printf.c.obj
 .text.vfctprintf
                0x10008958       0x20 CMakeFiles/tinyusb_host_msc_file_explorer.dir/home/vboxuser/pico/pico-sdk/src/rp2_common/pico_printf/printf.c.obj
                0x10008958                vfctprintf
 .text.weak_raw_vprintf
                0x10008978       0x30 CMakeFiles/tinyusb_host_msc_file_explorer.dir/home/vboxuser/pico/pico-sdk/src/rp2_common/pico_printf/printf.c.obj
                0x10008978                weak_raw_vprintf
 .text          0x100089a8       0x10 CMakeFiles/tinyusb_host_msc_file_explorer.dir/home/vboxuser/pico/pico-sdk/src/rp2_common/pico_bit_ops/bit_ops_aeabi.S.obj
 .text.rom_func_lookup
                0x100089b8       0x10 CMakeFiles/tinyusb_host_msc_file_explorer.dir/home/vboxuser/pico/pico-sdk/src/rp2_common/pico_bootrom/bootrom.c.obj
                0x100089b8                rom_func_lookup
 .text.rom_data_lookup
                0x100089c8       0x10 CMakeFiles/tinyusb_host_msc_file_explorer.dir/home/vboxuser/pico/pico-sdk/src/rp2_common/pico_bootrom/bootrom.c.obj
                0x100089c8                rom_data_lookup
 .text.rom_funcs_lookup
                0x100089d8       0x44 CMakeFiles/tinyusb_host_msc_file_explorer.dir/home/vboxuser/pico/pico-sdk/src/rp2_common/pico_bootrom/bootrom.c.obj
                0x100089d8                rom_funcs_lookup
 .text.__wrap___aeabi_idiv
                0x10008a1c       0x50 CMakeFiles/tinyusb_host_msc_file_explorer.dir/home/vboxuser/pico/pico-sdk/src/rp2_common/pico_divider/divider.S.obj
                0x10008a1c                __wrap___aeabi_idivmod
                0x10008a1c                divmod_s32s32
                0x10008a1c                div_s32s32
                0x10008a1c                __wrap___aeabi_idiv
                0x10008a24                divmod_s32s32_unsafe
                0x10008a50                divmod_s32s32_savestate
 .text.__wrap___aeabi_uidiv
                0x10008a6c       0x4c CMakeFiles/tinyusb_host_msc_file_explorer.dir/home/vboxuser/pico/pico-sdk/src/rp2_common/pico_divider/divider.S.obj
                0x10008a6c                __wrap___aeabi_uidiv
                0x10008a6c                __wrap___aeabi_uidivmod
                0x10008a6c                div_u32u32
                0x10008a6c                divmod_u32u32
                0x10008a74                divmod_u32u32_unsafe
                0x10008a9c                divmod_u32u32_savestate
 .text.__wrap___aeabi_ldiv
                0x10008ab8      0x424 CMakeFiles/tinyusb_host_msc_file_explorer.dir/home/vboxuser/pico/pico-sdk/src/rp2_common/pico_divider/divider.S.obj
                0x10008ab8                div_s64s64
                0x10008ab8                divmod_s64s64
                0x10008ab8                __wrap___aeabi_ldivmod
                0x10008ae8                div_u64u64
                0x10008ae8                divmod_u64u64
                0x10008ae8                __wrap___aeabi_uldivmod
                0x10008af8                divmod_u64u64_savestate
                0x10008b18                divmod_s64s64_unsafe
                0x10008ba0                divmod_u64u64_unsafe
 .text.__wrap___aeabi_darithmetic
                0x10008edc       0x60 CMakeFiles/tinyusb_host_msc_file_explorer.dir/home/vboxuser/pico/pico-sdk/src/rp2_common/pico_double/double_aeabi.S.obj
                0x10008edc                __wrap___aeabi_drsub
                0x10008ee2                __wrap___aeabi_dsub
                0x10008eec                __wrap___aeabi_dadd
                0x10008ef6                __wrap___aeabi_ddiv
                0x10008f2a                __wrap___aeabi_dmul
 .text.__wrap___aeabi_cdcmple
                0x10008f3c       0x6c CMakeFiles/tinyusb_host_msc_file_explorer.dir/home/vboxuser/pico/pico-sdk/src/rp2_common/pico_double/double_aeabi.S.obj
                0x10008f3c                __wrap___aeabi_cdrcmple
                0x10008f4c                __wrap___aeabi_cdcmple
                0x10008f4c                __wrap___aeabi_cdcmpeq
 .text.__wrap___aeabi_dcmplt
                0x10008fa8        0xc CMakeFiles/tinyusb_host_msc_file_explorer.dir/home/vboxuser/pico/pico-sdk/src/rp2_common/pico_double/double_aeabi.S.obj
                0x10008fa8                __wrap___aeabi_dcmplt
 .text.__wrap___aeabi_dcmpge
                0x10008fb4       0x10 CMakeFiles/tinyusb_host_msc_file_explorer.dir/home/vboxuser/pico/pico-sdk/src/rp2_common/pico_double/double_aeabi.S.obj
                0x10008fb4                __wrap___aeabi_dcmpge
 .text.__wrap___aeabi_dcmpgt
                0x10008fc4        0xa CMakeFiles/tinyusb_host_msc_file_explorer.dir/home/vboxuser/pico/pico-sdk/src/rp2_common/pico_double/double_aeabi.S.obj
                0x10008fc4                __wrap___aeabi_dcmpgt
 .text.__wrap___aeabi_dcmpun
                0x10008fce       0x1c CMakeFiles/tinyusb_host_msc_file_explorer.dir/home/vboxuser/pico/pico-sdk/src/rp2_common/pico_double/double_aeabi.S.obj
                0x10008fce                __wrap___aeabi_dcmpun
 *fill*         0x10008fea        0x2 
 .text.__wrap___aeabi_i2d
                0x10008fec       0x38 CMakeFiles/tinyusb_host_msc_file_explorer.dir/home/vboxuser/pico/pico-sdk/src/rp2_common/pico_double/double_aeabi.S.obj
                0x10008fec                __wrap___aeabi_ui2d
                0x10008ff4                __wrap___aeabi_i2d
 .text.__wrap___aeabi_d2iz
                0x10009024       0x48 CMakeFiles/tinyusb_host_msc_file_explorer.dir/home/vboxuser/pico/pico-sdk/src/rp2_common/pico_double/double_aeabi.S.obj
                0x10009024                __wrap___aeabi_d2iz
                0x10009024                double2int_z
 .text.__wrap___aeabi_d2uiz
                0x1000906c       0x10 CMakeFiles/tinyusb_host_msc_file_explorer.dir/home/vboxuser/pico/pico-sdk/src/rp2_common/pico_double/double_aeabi.S.obj
                0x1000906c                double2uint
                0x1000906c                __wrap___aeabi_d2uiz
 .text.missing_double_func_shim
                0x1000907c        0xc CMakeFiles/tinyusb_host_msc_file_explorer.dir/home/vboxuser/pico/pico-sdk/src/rp2_common/pico_double/double_init_rom.c.obj
 .text.__aeabi_double_init
                0x10009088       0x94 CMakeFiles/tinyusb_host_msc_file_explorer.dir/home/vboxuser/pico/pico-sdk/src/rp2_common/pico_double/double_init_rom.c.obj
                0x10009088                __aeabi_double_init
 .text.double_table_shim_on_use_helper
                0x1000911c       0x2c CMakeFiles/tinyusb_host_msc_file_explorer.dir/home/vboxuser/pico/pico-sdk/src/rp2_common/pico_double/double_v1_rom_shim.S.obj
                0x1000911c                double_table_shim_on_use_helper
 .text.__aeabi_lmul
                0x10009148       0x32 CMakeFiles/tinyusb_host_msc_file_explorer.dir/home/vboxuser/pico/pico-sdk/src/rp2_common/pico_int64_ops/pico_int64_ops_aeabi.S.obj
                0x10009148                __wrap___aeabi_lmul
 *fill*         0x1000917a        0x2 
 .text.missing_float_func_shim
                0x1000917c        0xc CMakeFiles/tinyusb_host_msc_file_explorer.dir/home/vboxuser/pico/pico-sdk/src/rp2_common/pico_float/float_init_rom.c.obj
 .text.__aeabi_float_init
                0x10009188       0x5c CMakeFiles/tinyusb_host_msc_file_explorer.dir/home/vboxuser/pico/pico-sdk/src/rp2_common/pico_float/float_init_rom.c.obj
                0x10009188                __aeabi_float_init
 .text.__wrap_malloc
                0x100091e4       0x24 CMakeFiles/tinyusb_host_msc_file_explorer.dir/home/vboxuser/pico/pico-sdk/src/rp2_common/pico_malloc/pico_malloc.c.obj
                0x100091e4                __wrap_malloc
 .text          0x10009208       0x10 CMakeFiles/tinyusb_host_msc_file_explorer.dir/home/vboxuser/pico/pico-sdk/src/rp2_common/pico_mem_ops/mem_ops_aeabi.S.obj
                0x10009208                __aeabi_mem_init
 .text.memset   0x10009218        0xc CMakeFiles/tinyusb_host_msc_file_explorer.dir/home/vboxuser/pico/pico-sdk/src/rp2_common/pico_mem_ops/mem_ops_aeabi.S.obj
                0x10009218                __wrap_memset
 .text.memcpy   0x10009224        0xc CMakeFiles/tinyusb_host_msc_file_explorer.dir/home/vboxuser/pico/pico-sdk/src/rp2_common/pico_mem_ops/mem_ops_aeabi.S.obj
                0x10009224                __wrap___aeabi_memcpy
                0x10009224                __wrap_memcpy
 .text.stdio_out_chars_crlf
                0x10009230       0xbc CMakeFiles/tinyusb_host_msc_file_explorer.dir/home/vboxuser/pico/pico-sdk/src/rp2_common/pico_stdio/stdio.c.obj
 .text.stdio_buffered_printer
                0x100092ec       0x64 CMakeFiles/tinyusb_host_msc_file_explorer.dir/home/vboxuser/pico/pico-sdk/src/rp2_common/pico_stdio/stdio.c.obj
 .text.__wrap_putchar
                0x10009350       0x98 CMakeFiles/tinyusb_host_msc_file_explorer.dir/home/vboxuser/pico/pico-sdk/src/rp2_common/pico_stdio/stdio.c.obj
                0x10009350                __wrap_putchar
 .text.__wrap_puts
                0x100093e8       0xe0 CMakeFiles/tinyusb_host_msc_file_explorer.dir/home/vboxuser/pico/pico-sdk/src/rp2_common/pico_stdio/stdio.c.obj
                0x100093e8                __wrap_puts
 .text._read    0x100094c8       0x94 CMakeFiles/tinyusb_host_msc_file_explorer.dir/home/vboxuser/pico/pico-sdk/src/rp2_common/pico_stdio/stdio.c.obj
                0x100094c8                _read
 .text._write   0x1000955c       0xb4 CMakeFiles/tinyusb_host_msc_file_explorer.dir/home/vboxuser/pico/pico-sdk/src/rp2_common/pico_stdio/stdio.c.obj
                0x1000955c                _write
 .text._close   0x10009610        0x8 CMakeFiles/tinyusb_host_msc_file_explorer.dir/home/vboxuser/pico/pico-sdk/src/rp2_common/pico_stdio/stdio.c.obj
                0x10009610                _close
 .text._lseek   0x10009618        0x8 CMakeFiles/tinyusb_host_msc_file_explorer.dir/home/vboxuser/pico/pico-sdk/src/rp2_common/pico_stdio/stdio.c.obj
                0x10009618                _lseek
 .text._fstat   0x10009620        0x8 CMakeFiles/tinyusb_host_msc_file_explorer.dir/home/vboxuser/pico/pico-sdk/src/rp2_common/pico_stdio/stdio.c.obj
                0x10009620                _fstat
 .text._isatty  0x10009628        0xc CMakeFiles/tinyusb_host_msc_file_explorer.dir/home/vboxuser/pico/pico-sdk/src/rp2_common/pico_stdio/stdio.c.obj
                0x10009628                _isatty
 .text.stdio_set_driver_enabled
                0x10009634       0x30 CMakeFiles/tinyusb_host_msc_file_explorer.dir/home/vboxuser/pico/pico-sdk/src/rp2_common/pico_stdio/stdio.c.obj
                0x10009634                stdio_set_driver_enabled
 .text.__wrap_vprintf
                0x10009664       0xd4 CMakeFiles/tinyusb_host_msc_file_explorer.dir/home/vboxuser/pico/pico-sdk/src/rp2_common/pico_stdio/stdio.c.obj
                0x10009664                __wrap_vprintf
 .text.__wrap_printf
                0x10009738       0x18 CMakeFiles/tinyusb_host_msc_file_explorer.dir/home/vboxuser/pico/pico-sdk/src/rp2_common/pico_stdio/stdio.c.obj
                0x10009738                __wrap_printf
 .text.getchar_timeout_us
                0x10009750       0x98 CMakeFiles/tinyusb_host_msc_file_explorer.dir/home/vboxuser/pico/pico-sdk/src/rp2_common/pico_stdio/stdio.c.obj
                0x10009750                getchar_timeout_us
 .text.stdio_uart_out_chars
                0x100097e8       0x4c CMakeFiles/tinyusb_host_msc_file_explorer.dir/home/vboxuser/pico/pico-sdk/src/rp2_common/pico_stdio_uart/stdio_uart.c.obj
 .text.stdio_uart_in_chars
                0x10009834       0x98 CMakeFiles/tinyusb_host_msc_file_explorer.dir/home/vboxuser/pico/pico-sdk/src/rp2_common/pico_stdio_uart/stdio_uart.c.obj
                0x10009834                stdio_uart_in_chars
 .text.on_uart_rx
                0x100098cc       0x28 CMakeFiles/tinyusb_host_msc_file_explorer.dir/home/vboxuser/pico/pico-sdk/src/rp2_common/pico_stdio_uart/stdio_uart.c.obj
 .text.stdio_uart_set_chars_available_callback
                0x100098f4       0x8c CMakeFiles/tinyusb_host_msc_file_explorer.dir/home/vboxuser/pico/pico-sdk/src/rp2_common/pico_stdio_uart/stdio_uart.c.obj
 .text.stdio_uart_init_full
                0x10009980       0x3c CMakeFiles/tinyusb_host_msc_file_explorer.dir/home/vboxuser/pico/pico-sdk/src/rp2_common/pico_stdio_uart/stdio_uart.c.obj
                0x10009980                stdio_uart_init_full
 .text.startup.boot_double_tap_check
                0x100099bc       0x60 CMakeFiles/tinyusb_host_msc_file_explorer.dir/home/vboxuser/pico/pico-sdk/src/rp2_common/pico_bootsel_via_double_reset/pico_bootsel_via_double_reset.c.obj
 .text.board_init
                0x10009a1c       0x20 CMakeFiles/tinyusb_host_msc_file_explorer.dir/home/vboxuser/pico/pico-sdk/lib/tinyusb/hw/bsp/rp2040/family.c.obj
                0x10009a1c                board_init
 .text.board_led_write
                0x10009a3c        0x4 CMakeFiles/tinyusb_host_msc_file_explorer.dir/home/vboxuser/pico/pico-sdk/lib/tinyusb/hw/bsp/rp2040/family.c.obj
                0x10009a3c                board_led_write
 .text.board_getchar
                0x10009a40        0xc CMakeFiles/tinyusb_host_msc_file_explorer.dir/home/vboxuser/pico/pico-sdk/lib/tinyusb/hw/bsp/rp2040/family.c.obj
                0x10009a40                board_getchar
 .text.hcd_init
                0x10009a4c       0x54 CMakeFiles/tinyusb_host_msc_file_explorer.dir/home/vboxuser/pico/pico-sdk/lib/tinyusb/src/portable/raspberrypi/rp2040/hcd_rp2040.c.obj
                0x10009a4c                hcd_init
 .text.hcd_port_reset
                0x10009aa0        0x4 CMakeFiles/tinyusb_host_msc_file_explorer.dir/home/vboxuser/pico/pico-sdk/lib/tinyusb/src/portable/raspberrypi/rp2040/hcd_rp2040.c.obj
                0x10009aa0                hcd_port_reset
 .text.hcd_port_reset_end
                0x10009aa4        0x4 CMakeFiles/tinyusb_host_msc_file_explorer.dir/home/vboxuser/pico/pico-sdk/lib/tinyusb/src/portable/raspberrypi/rp2040/hcd_rp2040.c.obj
                0x10009aa4                hcd_port_reset_end
 .text.hcd_port_connect_status
                0x10009aa8       0x18 CMakeFiles/tinyusb_host_msc_file_explorer.dir/home/vboxuser/pico/pico-sdk/lib/tinyusb/src/portable/raspberrypi/rp2040/hcd_rp2040.c.obj
                0x10009aa8                hcd_port_connect_status
 .text.hcd_port_speed_get
                0x10009ac0       0x24 CMakeFiles/tinyusb_host_msc_file_explorer.dir/home/vboxuser/pico/pico-sdk/lib/tinyusb/src/portable/raspberrypi/rp2040/hcd_rp2040.c.obj
                0x10009ac0                hcd_port_speed_get
 .text.hcd_device_close
                0x10009ae4      0x470 CMakeFiles/tinyusb_host_msc_file_explorer.dir/home/vboxuser/pico/pico-sdk/lib/tinyusb/src/portable/raspberrypi/rp2040/hcd_rp2040.c.obj
                0x10009ae4                hcd_device_close
 .text.hcd_int_enable
                0x10009f54        0xc CMakeFiles/tinyusb_host_msc_file_explorer.dir/home/vboxuser/pico/pico-sdk/lib/tinyusb/src/portable/raspberrypi/rp2040/hcd_rp2040.c.obj
                0x10009f54                hcd_int_enable
 .text.hcd_edpt_open
                0x10009f60      0x234 CMakeFiles/tinyusb_host_msc_file_explorer.dir/home/vboxuser/pico/pico-sdk/lib/tinyusb/src/portable/raspberrypi/rp2040/hcd_rp2040.c.obj
                0x10009f60                hcd_edpt_open
 .text.hcd_edpt_xfer
                0x1000a194      0x340 CMakeFiles/tinyusb_host_msc_file_explorer.dir/home/vboxuser/pico/pico-sdk/lib/tinyusb/src/portable/raspberrypi/rp2040/hcd_rp2040.c.obj
                0x1000a194                hcd_edpt_xfer
 .text.hcd_setup_send
                0x1000a4d4       0xac CMakeFiles/tinyusb_host_msc_file_explorer.dir/home/vboxuser/pico/pico-sdk/lib/tinyusb/src/portable/raspberrypi/rp2040/hcd_rp2040.c.obj
                0x1000a4d4                hcd_setup_send
 .text.rp2040_usb_init
                0x1000a580       0x4c CMakeFiles/tinyusb_host_msc_file_explorer.dir/home/vboxuser/pico/pico-sdk/lib/tinyusb/src/portable/raspberrypi/rp2040/rp2040_usb.c.obj
                0x1000a580                rp2040_usb_init
 .text.hw_endpoint_xfer_start
                0x1000a5cc       0x40 CMakeFiles/tinyusb_host_msc_file_explorer.dir/home/vboxuser/pico/pico-sdk/lib/tinyusb/src/portable/raspberrypi/rp2040/rp2040_usb.c.obj
                0x1000a5cc                hw_endpoint_xfer_start
 .text._control_blocking_complete_cb
                0x1000a60c        0x8 CMakeFiles/tinyusb_host_msc_file_explorer.dir/home/vboxuser/pico/pico-sdk/lib/tinyusb/src/host/usbh.c.obj
 .text.process_device_unplugged
                0x1000a614      0x3c8 CMakeFiles/tinyusb_host_msc_file_explorer.dir/home/vboxuser/pico/pico-sdk/lib/tinyusb/src/host/usbh.c.obj
 .text.usbh_control_xfer_cb.constprop.0.isra.0
                0x1000a9dc      0x150 CMakeFiles/tinyusb_host_msc_file_explorer.dir/home/vboxuser/pico/pico-sdk/lib/tinyusb/src/host/usbh.c.obj
 .text._get_descriptor
                0x1000ab2c      0x114 CMakeFiles/tinyusb_host_msc_file_explorer.dir/home/vboxuser/pico/pico-sdk/lib/tinyusb/src/host/usbh.c.obj
 .text.tuh_task_ext.part.0
                0x1000ac40      0x1c8 CMakeFiles/tinyusb_host_msc_file_explorer.dir/home/vboxuser/pico/pico-sdk/lib/tinyusb/src/host/usbh.c.obj
 .text.tuh_speed_get
                0x1000ae08       0x24 CMakeFiles/tinyusb_host_msc_file_explorer.dir/home/vboxuser/pico/pico-sdk/lib/tinyusb/src/host/usbh.c.obj
                0x1000ae08                tuh_speed_get
 .text.tuh_inited
                0x1000ae2c       0x14 CMakeFiles/tinyusb_host_msc_file_explorer.dir/home/vboxuser/pico/pico-sdk/lib/tinyusb/src/host/usbh.c.obj
                0x1000ae2c                tuh_inited
 .text.tuh_init
                0x1000ae40       0xbc CMakeFiles/tinyusb_host_msc_file_explorer.dir/home/vboxuser/pico/pico-sdk/lib/tinyusb/src/host/usbh.c.obj
                0x1000ae40                tuh_init
 .text.tuh_task_ext
                0x1000aefc       0x10 CMakeFiles/tinyusb_host_msc_file_explorer.dir/home/vboxuser/pico/pico-sdk/lib/tinyusb/src/host/usbh.c.obj
                0x1000aefc                tuh_task_ext
 .text.tuh_control_xfer
                0x1000af0c       0xec CMakeFiles/tinyusb_host_msc_file_explorer.dir/home/vboxuser/pico/pico-sdk/lib/tinyusb/src/host/usbh.c.obj
                0x1000af0c                tuh_control_xfer
 .text.process_enumeration
                0x1000aff8      0x424 CMakeFiles/tinyusb_host_msc_file_explorer.dir/home/vboxuser/pico/pico-sdk/lib/tinyusb/src/host/usbh.c.obj
 .text.usbh_get_rhport
                0x1000b41c       0x24 CMakeFiles/tinyusb_host_msc_file_explorer.dir/home/vboxuser/pico/pico-sdk/lib/tinyusb/src/host/usbh.c.obj
                0x1000b41c                usbh_get_rhport
 .text.usbh_edpt_xfer_with_callback
                0x1000b440       0x74 CMakeFiles/tinyusb_host_msc_file_explorer.dir/home/vboxuser/pico/pico-sdk/lib/tinyusb/src/host/usbh.c.obj
                0x1000b440                usbh_edpt_xfer_with_callback
 .text.tuh_edpt_open
                0x1000b4b4       0x50 CMakeFiles/tinyusb_host_msc_file_explorer.dir/home/vboxuser/pico/pico-sdk/lib/tinyusb/src/host/usbh.c.obj
                0x1000b4b4                tuh_edpt_open
 .text.usbh_driver_set_config_complete
                0x1000b504       0xe0 CMakeFiles/tinyusb_host_msc_file_explorer.dir/home/vboxuser/pico/pico-sdk/lib/tinyusb/src/host/usbh.c.obj
                0x1000b504                usbh_driver_set_config_complete
 .text.connection_port_reset_complete
                0x1000b5e4       0x34 CMakeFiles/tinyusb_host_msc_file_explorer.dir/home/vboxuser/pico/pico-sdk/lib/tinyusb/src/host/hub.c.obj
 .text.hub_clear_feature_complete_stub
                0x1000b618       0x30 CMakeFiles/tinyusb_host_msc_file_explorer.dir/home/vboxuser/pico/pico-sdk/lib/tinyusb/src/host/hub.c.obj
 .text.config_set_port_power
                0x1000b648       0x58 CMakeFiles/tinyusb_host_msc_file_explorer.dir/home/vboxuser/pico/pico-sdk/lib/tinyusb/src/host/hub.c.obj
 .text.config_port_power_complete
                0x1000b6a0       0x90 CMakeFiles/tinyusb_host_msc_file_explorer.dir/home/vboxuser/pico/pico-sdk/lib/tinyusb/src/host/hub.c.obj
 .text.connection_clear_conn_change_complete
                0x1000b730       0x98 CMakeFiles/tinyusb_host_msc_file_explorer.dir/home/vboxuser/pico/pico-sdk/lib/tinyusb/src/host/hub.c.obj
 .text.hub_get_status_complete
                0x1000b7c8       0x90 CMakeFiles/tinyusb_host_msc_file_explorer.dir/home/vboxuser/pico/pico-sdk/lib/tinyusb/src/host/hub.c.obj
 .text.hub_port_get_status_complete
                0x1000b858      0x19c CMakeFiles/tinyusb_host_msc_file_explorer.dir/home/vboxuser/pico/pico-sdk/lib/tinyusb/src/host/hub.c.obj
 .text.hub_port_clear_feature
                0x1000b9f4       0x48 CMakeFiles/tinyusb_host_msc_file_explorer.dir/home/vboxuser/pico/pico-sdk/lib/tinyusb/src/host/hub.c.obj
                0x1000b9f4                hub_port_clear_feature
 .text.hub_port_get_status
                0x1000ba3c       0x4c CMakeFiles/tinyusb_host_msc_file_explorer.dir/home/vboxuser/pico/pico-sdk/lib/tinyusb/src/host/hub.c.obj
                0x1000ba3c                hub_port_get_status
 .text.hub_init
                0x1000ba88       0x14 CMakeFiles/tinyusb_host_msc_file_explorer.dir/home/vboxuser/pico/pico-sdk/lib/tinyusb/src/host/hub.c.obj
                0x1000ba88                hub_init
 .text.hub_open
                0x1000ba9c       0x58 CMakeFiles/tinyusb_host_msc_file_explorer.dir/home/vboxuser/pico/pico-sdk/lib/tinyusb/src/host/hub.c.obj
                0x1000ba9c                hub_open
 .text.hub_close
                0x1000baf4       0x28 CMakeFiles/tinyusb_host_msc_file_explorer.dir/home/vboxuser/pico/pico-sdk/lib/tinyusb/src/host/hub.c.obj
                0x1000baf4                hub_close
 .text.hub_edpt_status_xfer
                0x1000bb1c       0x2c CMakeFiles/tinyusb_host_msc_file_explorer.dir/home/vboxuser/pico/pico-sdk/lib/tinyusb/src/host/hub.c.obj
                0x1000bb1c                hub_edpt_status_xfer
 .text.hub_set_config
                0x1000bb48       0x58 CMakeFiles/tinyusb_host_msc_file_explorer.dir/home/vboxuser/pico/pico-sdk/lib/tinyusb/src/host/hub.c.obj
                0x1000bb48                hub_set_config
 .text.hub_xfer_cb
                0x1000bba0      0x130 CMakeFiles/tinyusb_host_msc_file_explorer.dir/home/vboxuser/pico/pico-sdk/lib/tinyusb/src/host/hub.c.obj
                0x1000bba0                hub_xfer_cb
 .text.config_read_capacity_complete
                0x1000bcd0       0x6c CMakeFiles/tinyusb_host_msc_file_explorer.dir/home/vboxuser/pico/pico-sdk/lib/tinyusb/src/class/msc/msc_host.c.obj
 .text.config_get_maxlun_complete
                0x1000bd3c       0xb0 CMakeFiles/tinyusb_host_msc_file_explorer.dir/home/vboxuser/pico/pico-sdk/lib/tinyusb/src/class/msc/msc_host.c.obj
 .text.config_request_sense_complete
                0x1000bdec       0xc0 CMakeFiles/tinyusb_host_msc_file_explorer.dir/home/vboxuser/pico/pico-sdk/lib/tinyusb/src/class/msc/msc_host.c.obj
 .text.config_test_unit_ready_complete
                0x1000beac      0x15c CMakeFiles/tinyusb_host_msc_file_explorer.dir/home/vboxuser/pico/pico-sdk/lib/tinyusb/src/class/msc/msc_host.c.obj
 .text.tuh_msc_get_block_count
                0x1000c008       0x18 CMakeFiles/tinyusb_host_msc_file_explorer.dir/home/vboxuser/pico/pico-sdk/lib/tinyusb/src/class/msc/msc_host.c.obj
                0x1000c008                tuh_msc_get_block_count
 .text.tuh_msc_get_block_size
                0x1000c020       0x18 CMakeFiles/tinyusb_host_msc_file_explorer.dir/home/vboxuser/pico/pico-sdk/lib/tinyusb/src/class/msc/msc_host.c.obj
                0x1000c020                tuh_msc_get_block_size
 .text.tuh_msc_mounted
                0x1000c038       0x14 CMakeFiles/tinyusb_host_msc_file_explorer.dir/home/vboxuser/pico/pico-sdk/lib/tinyusb/src/class/msc/msc_host.c.obj
                0x1000c038                tuh_msc_mounted
 .text.tuh_msc_inquiry
                0x1000c04c       0xc8 CMakeFiles/tinyusb_host_msc_file_explorer.dir/home/vboxuser/pico/pico-sdk/lib/tinyusb/src/class/msc/msc_host.c.obj
                0x1000c04c                tuh_msc_inquiry
 .text.tuh_msc_read10
                0x1000c114      0x114 CMakeFiles/tinyusb_host_msc_file_explorer.dir/home/vboxuser/pico/pico-sdk/lib/tinyusb/src/class/msc/msc_host.c.obj
                0x1000c114                tuh_msc_read10
 .text.tuh_msc_write10
                0x1000c228      0x10c CMakeFiles/tinyusb_host_msc_file_explorer.dir/home/vboxuser/pico/pico-sdk/lib/tinyusb/src/class/msc/msc_host.c.obj
                0x1000c228                tuh_msc_write10
 .text.msch_init
                0x1000c334       0x14 CMakeFiles/tinyusb_host_msc_file_explorer.dir/home/vboxuser/pico/pico-sdk/lib/tinyusb/src/class/msc/msc_host.c.obj
                0x1000c334                msch_init
 .text.msch_close
                0x1000c348       0x38 CMakeFiles/tinyusb_host_msc_file_explorer.dir/home/vboxuser/pico/pico-sdk/lib/tinyusb/src/class/msc/msc_host.c.obj
                0x1000c348                msch_close
 .text.msch_xfer_cb
                0x1000c380       0xe0 CMakeFiles/tinyusb_host_msc_file_explorer.dir/home/vboxuser/pico/pico-sdk/lib/tinyusb/src/class/msc/msc_host.c.obj
                0x1000c380                msch_xfer_cb
 .text.msch_open
                0x1000c460       0xc0 CMakeFiles/tinyusb_host_msc_file_explorer.dir/home/vboxuser/pico/pico-sdk/lib/tinyusb/src/class/msc/msc_host.c.obj
                0x1000c460                msch_open
 .text.msch_set_config
                0x1000c520       0x5c CMakeFiles/tinyusb_host_msc_file_explorer.dir/home/vboxuser/pico/pico-sdk/lib/tinyusb/src/class/msc/msc_host.c.obj
                0x1000c520                msch_set_config
 .text.tusb_inited
                0x1000c57c        0x8 CMakeFiles/tinyusb_host_msc_file_explorer.dir/home/vboxuser/pico/pico-sdk/lib/tinyusb/src/tusb.c.obj
                0x1000c57c                tusb_inited
 .text.tu_edpt_validate
                0x1000c584       0x7c CMakeFiles/tinyusb_host_msc_file_explorer.dir/home/vboxuser/pico/pico-sdk/lib/tinyusb/src/tusb.c.obj
                0x1000c584                tu_edpt_validate
 .text.tu_edpt_bind_driver
                0x1000c600       0x34 CMakeFiles/tinyusb_host_msc_file_explorer.dir/home/vboxuser/pico/pico-sdk/lib/tinyusb/src/tusb.c.obj
                0x1000c600                tu_edpt_bind_driver
 .text.tu_desc_get_interface_total_len
                0x1000c634       0x4c CMakeFiles/tinyusb_host_msc_file_explorer.dir/home/vboxuser/pico/pico-sdk/lib/tinyusb/src/tusb.c.obj
                0x1000c634                tu_desc_get_interface_total_len
 .text.tu_fifo_read
                0x1000c680       0x9c CMakeFiles/tinyusb_host_msc_file_explorer.dir/home/vboxuser/pico/pico-sdk/lib/tinyusb/src/common/tusb_fifo.c.obj
                0x1000c680                tu_fifo_read
 .text.tu_fifo_write
                0x1000c71c       0x88 CMakeFiles/tinyusb_host_msc_file_explorer.dir/home/vboxuser/pico/pico-sdk/lib/tinyusb/src/common/tusb_fifo.c.obj
                0x1000c71c                tu_fifo_write
 .text.tu_fifo_clear
                0x1000c7a4       0x40 CMakeFiles/tinyusb_host_msc_file_explorer.dir/home/vboxuser/pico/pico-sdk/lib/tinyusb/src/common/tusb_fifo.c.obj
                0x1000c7a4                tu_fifo_clear
 .text          0x1000c7e4       0x28 /usr/lib/gcc/arm-none-eabi/12.2.1/../../../arm-none-eabi/lib/thumb/v6-m/nofp/libc.a(lib_a-malloc.o)
                0x1000c7e4                malloc
                0x1000c7f8                free
 .text          0x1000c80c      0x574 /usr/lib/gcc/arm-none-eabi/12.2.1/../../../arm-none-eabi/lib/thumb/v6-m/nofp/libc.a(lib_a-mallocr.o)
                0x1000c80c                _malloc_r
 .text          0x1000cd80        0x8 /usr/lib/gcc/arm-none-eabi/12.2.1/../../../arm-none-eabi/lib/thumb/v6-m/nofp/libc.a(lib_a-mlock.o)
                0x1000cd80                __malloc_lock
                0x1000cd84                __malloc_unlock
 .text          0x1000cd88       0x24 /usr/lib/gcc/arm-none-eabi/12.2.1/../../../arm-none-eabi/lib/thumb/v6-m/nofp/libc.a(lib_a-sbrkr.o)
                0x1000cd88                _sbrk_r
 .text          0x1000cdac       0x14 /usr/lib/gcc/arm-none-eabi/12.2.1/../../../arm-none-eabi/lib/thumb/v6-m/nofp/libc.a(lib_a-setbuf.o)
                0x1000cdac                setbuf
 .text          0x1000cdc0      0x174 /usr/lib/gcc/arm-none-eabi/12.2.1/../../../arm-none-eabi/lib/thumb/v6-m/nofp/libc.a(lib_a-setvbuf.o)
                0x1000cdc0                setvbuf
 .text          0x1000cf34       0xc0 /usr/lib/gcc/arm-none-eabi/12.2.1/../../../arm-none-eabi/lib/thumb/v6-m/nofp/libc.a(lib_a-strchr.o)
                0x1000cf34                strchr
 .text          0x1000cff4       0x88 /usr/lib/gcc/arm-none-eabi/12.2.1/../../../arm-none-eabi/lib/thumb/v6-m/nofp/libc.a(lib_a-strcmp.o)
                0x1000cff4                strcmp
 .text          0x1000d07c       0x5c /usr/lib/gcc/arm-none-eabi/12.2.1/../../../arm-none-eabi/lib/thumb/v6-m/nofp/libc.a(lib_a-strlen-stub.o)
                0x1000d07c                strlen
 .text          0x1000d0d8      0x1c0 /usr/lib/gcc/arm-none-eabi/12.2.1/../../../arm-none-eabi/lib/thumb/v6-m/nofp/libc.a(lib_a-fflush.o)
                0x1000d0d8                __sflush_r
                0x1000d218                _fflush_r
                0x1000d244                fflush
 .text          0x1000d298      0x248 /usr/lib/gcc/arm-none-eabi/12.2.1/../../../arm-none-eabi/lib/thumb/v6-m/nofp/libc.a(lib_a-findfp.o)
                0x1000d29c                _cleanup_r
                0x1000d398                __sfmoreglue
                0x1000d3c8                __sfp
                0x1000d478                _cleanup
                0x1000d490                __sinit
                0x1000d4a0                __sfp_lock_acquire
                0x1000d4a4                __sfp_lock_release
                0x1000d4a8                __sinit_lock_acquire
                0x1000d4ac                __sinit_lock_release
                0x1000d4b0                __fp_lock_all
                0x1000d4c8                __fp_unlock_all
 .text          0x1000d4e0      0x260 /usr/lib/gcc/arm-none-eabi/12.2.1/../../../arm-none-eabi/lib/thumb/v6-m/nofp/libc.a(lib_a-freer.o)
                0x1000d4e0                _malloc_trim_r
                0x1000d57c                _free_r
 .text          0x1000d740       0x88 /usr/lib/gcc/arm-none-eabi/12.2.1/../../../arm-none-eabi/lib/thumb/v6-m/nofp/libc.a(lib_a-fwalk.o)
                0x1000d740                _fwalk
                0x1000d780                _fwalk_reent
 .text          0x1000d7c8      0x144 /usr/lib/gcc/arm-none-eabi/12.2.1/../../../arm-none-eabi/lib/thumb/v6-m/nofp/libc.a(lib_a-makebuf.o)
                0x1000d7c8                __smakebuf_r
                0x1000d8ac                __swhatbuf_r
 .text          0x1000d90c       0xa4 /usr/lib/gcc/arm-none-eabi/12.2.1/../../../arm-none-eabi/lib/thumb/v6-m/nofp/libc.a(lib_a-stdio.o)
                0x1000d90c                __sread
                0x1000d934                __seofread
                0x1000d938                __swrite
                0x1000d978                __sseek
                0x1000d9a4                __sclose
 .text          0x1000d9b0       0x28 /usr/lib/gcc/arm-none-eabi/12.2.1/../../../arm-none-eabi/lib/thumb/v6-m/nofp/libc.a(lib_a-writer.o)
                0x1000d9b0                _write_r
 .text          0x1000d9d8       0x24 /usr/lib/gcc/arm-none-eabi/12.2.1/../../../arm-none-eabi/lib/thumb/v6-m/nofp/libc.a(lib_a-closer.o)
                0x1000d9d8                _close_r
 .text          0x1000d9fc       0xe8 /usr/lib/gcc/arm-none-eabi/12.2.1/../../../arm-none-eabi/lib/thumb/v6-m/nofp/libc.a(lib_a-fclose.o)
                0x1000da6c                _fclose_r
                0x1000daa4                fclose
 .text          0x1000dae4       0x28 /usr/lib/gcc/arm-none-eabi/12.2.1/../../../arm-none-eabi/lib/thumb/v6-m/nofp/libc.a(lib_a-fstatr.o)
                0x1000dae4                _fstat_r
 .text          0x1000db0c       0x24 /usr/lib/gcc/arm-none-eabi/12.2.1/../../../arm-none-eabi/lib/thumb/v6-m/nofp/libc.a(lib_a-isattyr.o)
                0x1000db0c                _isatty_r
 .text          0x1000db30       0x28 /usr/lib/gcc/arm-none-eabi/12.2.1/../../../arm-none-eabi/lib/thumb/v6-m/nofp/libc.a(lib_a-lseekr.o)
                0x1000db30                _lseek_r
 .text          0x1000db58       0x28 /usr/lib/gcc/arm-none-eabi/12.2.1/../../../arm-none-eabi/lib/thumb/v6-m/nofp/libc.a(lib_a-readr.o)
                0x1000db58                _read_r
 *(.fini)
 .fini          0x1000db80        0x4 /usr/lib/gcc/arm-none-eabi/12.2.1/thumb/v6-m/nofp/crti.o
                0x1000db80                _fini
 *fill*         0x1000db84        0x4 
 .fini.__stub   0x1000db88       0xc0 linker stubs
 *crtbegin.o(.ctors)
 *crtbegin?.o(.ctors)
 *(EXCLUDE_FILE(*crtend.o *crtend?.o) .ctors)
 *(SORT_BY_NAME(.ctors.*))
 *(.ctors)
 *crtbegin.o(.dtors)
 *crtbegin?.o(.dtors)
 *(EXCLUDE_FILE(*crtend.o *crtend?.o) .dtors)
 *(SORT_BY_NAME(.dtors.*))
 *(.dtors)
 *(.eh_frame*)
 .eh_frame      0x1000dc48        0x0 /usr/lib/gcc/arm-none-eabi/12.2.1/thumb/v6-m/nofp/crtbegin.o
                0x1000dc48                        . = ALIGN (0x4)

.glue_7         0x1000dc48        0x0
 .glue_7        0x1000dc48        0x0 linker stubs

.glue_7t        0x1000dc48        0x0
 .glue_7t       0x1000dc48        0x0 linker stubs

.vfp11_veneer   0x1000dc48        0x0
 .vfp11_veneer  0x1000dc48        0x0 linker stubs

.v4_bx          0x1000dc48        0x0
 .v4_bx         0x1000dc48        0x0 linker stubs

.iplt           0x1000dc48        0x0
 .iplt          0x1000dc48        0x0 /usr/lib/gcc/arm-none-eabi/12.2.1/thumb/v6-m/nofp/crtbegin.o

.rodata         0x1000dc48      0xfb0
 *(EXCLUDE_FILE(*libm.a: *libc.a:*lib_a-mem*.o *libgcc.a:) .rodata*)
 .rodata.main.str1.4
                0x1000dc48       0x2b CMakeFiles/tinyusb_host_msc_file_explorer.dir/src/main.c.obj
 *fill*         0x1000dc73        0x1 
 .rodata.inquiry_complete_cb.str1.4
                0x1000dc74       0x4f CMakeFiles/tinyusb_host_msc_file_explorer.dir/src/msc_app.c.obj
 *fill*         0x1000dcc3        0x1 
 .rodata.embeddedCliTokenizeArgs.part.0.str1.4
                0x1000dcc4        0x2 CMakeFiles/tinyusb_host_msc_file_explorer.dir/src/msc_app.c.obj
 *fill*         0x1000dcc6        0x2 
 .rodata.cli_cmd_cd.str1.4
                0x1000dcc8       0x34 CMakeFiles/tinyusb_host_msc_file_explorer.dir/src/msc_app.c.obj
 .rodata.cli_cmd_mkdir.str1.4
                0x1000dcfc       0x23 CMakeFiles/tinyusb_host_msc_file_explorer.dir/src/msc_app.c.obj
 *fill*         0x1000dd1f        0x1 
 .rodata.cli_cmd_pwd.str1.4
                0x1000dd20       0x26 CMakeFiles/tinyusb_host_msc_file_explorer.dir/src/msc_app.c.obj
 *fill*         0x1000dd46        0x2 
 .rodata.cli_cmd_rm.str1.4
                0x1000dd48       0x30 CMakeFiles/tinyusb_host_msc_file_explorer.dir/src/msc_app.c.obj
 .rodata.cli_cmd_ls.str1.4
                0x1000dd78       0x51 CMakeFiles/tinyusb_host_msc_file_explorer.dir/src/msc_app.c.obj
                                 0x55 (size before relaxing)
 *fill*         0x1000ddc9        0x3 
 .rodata.cli_cmd_mv.str1.4
                0x1000ddcc       0x15 CMakeFiles/tinyusb_host_msc_file_explorer.dir/src/msc_app.c.obj
 *fill*         0x1000dde1        0x3 
 .rodata.cli_cmd_cp.str1.4
                0x1000dde4       0x5f CMakeFiles/tinyusb_host_msc_file_explorer.dir/src/msc_app.c.obj
 *fill*         0x1000de43        0x1 
 .rodata.onHelp.str1.4
                0x1000de44       0x92 CMakeFiles/tinyusb_host_msc_file_explorer.dir/src/msc_app.c.obj
 *fill*         0x1000ded6        0x2 
 .rodata.embeddedCliNew.str1.4
                0x1000ded8        0x3 CMakeFiles/tinyusb_host_msc_file_explorer.dir/src/msc_app.c.obj
 .rodata.embeddedCliProcess.str1.4
                0x1000dedb        0x3 CMakeFiles/tinyusb_host_msc_file_explorer.dir/src/msc_app.c.obj
                                  0x1 (size before relaxing)
 *fill*         0x1000dedb        0x1 
 .rodata.tuh_msc_mount_cb.str1.4
                0x1000dedc       0x21 CMakeFiles/tinyusb_host_msc_file_explorer.dir/src/msc_app.c.obj
 *fill*         0x1000defd        0x3 
 .rodata.tuh_msc_umount_cb.str1.4
                0x1000df00       0x23 CMakeFiles/tinyusb_host_msc_file_explorer.dir/src/msc_app.c.obj
 *fill*         0x1000df23        0x1 
 .rodata.str1.4
                0x1000df24      0x243 CMakeFiles/tinyusb_host_msc_file_explorer.dir/src/msc_app.c.obj
 *fill*         0x1000e167        0x1 
 .rodata        0x1000e168       0xb4 CMakeFiles/tinyusb_host_msc_file_explorer.dir/src/msc_app.c.obj
 .rodata.check_fs.str1.4
                0x1000e21c        0x9 CMakeFiles/tinyusb_host_msc_file_explorer.dir/home/vboxuser/pico/pico-sdk/lib/tinyusb/lib/fatfs/source/ff.c.obj
 *fill*         0x1000e225        0x3 
 .rodata.follow_path.str1.4
                0x1000e228       0x13 CMakeFiles/tinyusb_host_msc_file_explorer.dir/home/vboxuser/pico/pico-sdk/lib/tinyusb/lib/fatfs/source/ff.c.obj
 *fill*         0x1000e23b        0x1 
 .rodata.ExCvt  0x1000e23c       0x80 CMakeFiles/tinyusb_host_msc_file_explorer.dir/home/vboxuser/pico/pico-sdk/lib/tinyusb/lib/fatfs/source/ff.c.obj
 .rodata.LfnOfs
                0x1000e2bc        0xd CMakeFiles/tinyusb_host_msc_file_explorer.dir/home/vboxuser/pico/pico-sdk/lib/tinyusb/lib/fatfs/source/ff.c.obj
 *fill*         0x1000e2c9        0x3 
 .rodata.ff_wtoupper
                0x1000e2cc       0x24 CMakeFiles/tinyusb_host_msc_file_explorer.dir/home/vboxuser/pico/pico-sdk/lib/tinyusb/lib/fatfs/source/ffunicode.c.obj
 .rodata.cvt2.0
                0x1000e2f0       0xbc CMakeFiles/tinyusb_host_msc_file_explorer.dir/home/vboxuser/pico/pico-sdk/lib/tinyusb/lib/fatfs/source/ffunicode.c.obj
 .rodata.cvt1.1
                0x1000e3ac      0x1f2 CMakeFiles/tinyusb_host_msc_file_explorer.dir/home/vboxuser/pico/pico-sdk/lib/tinyusb/lib/fatfs/source/ffunicode.c.obj
 *fill*         0x1000e59e        0x2 
 .rodata.uc437  0x1000e5a0      0x100 CMakeFiles/tinyusb_host_msc_file_explorer.dir/home/vboxuser/pico/pico-sdk/lib/tinyusb/lib/fatfs/source/ffunicode.c.obj
 .rodata.spin_lock_claim_unused.str1.4
                0x1000e6a0       0x1b CMakeFiles/tinyusb_host_msc_file_explorer.dir/home/vboxuser/pico/pico-sdk/src/rp2_common/hardware_sync/sync.c.obj
 *fill*         0x1000e6bb        0x5 
 .rodata.at_the_end_of_time
                0x1000e6c0        0x8 CMakeFiles/tinyusb_host_msc_file_explorer.dir/home/vboxuser/pico/pico-sdk/src/common/pico_time/time.c.obj
                0x1000e6c0                at_the_end_of_time
 .rodata.hardware_alarm_claim.str1.4
                0x1000e6c8       0x22 CMakeFiles/tinyusb_host_msc_file_explorer.dir/home/vboxuser/pico/pico-sdk/src/rp2_common/hardware_timer/timer.c.obj
 *fill*         0x1000e6ea        0x2 
 .rodata.panic.str1.4
                0x1000e6ec       0x10 CMakeFiles/tinyusb_host_msc_file_explorer.dir/home/vboxuser/pico/pico-sdk/src/rp2_common/pico_runtime/runtime.c.obj
                                 0x12 (size before relaxing)
 .rodata.hard_assertion_failure.str1.4
                0x1000e6fc        0xc CMakeFiles/tinyusb_host_msc_file_explorer.dir/home/vboxuser/pico/pico-sdk/src/rp2_common/pico_runtime/runtime.c.obj
 .rodata._ftoa.str1.4
                0x1000e708       0x15 CMakeFiles/tinyusb_host_msc_file_explorer.dir/home/vboxuser/pico/pico-sdk/src/rp2_common/pico_printf/printf.c.obj
 *fill*         0x1000e71d        0x3 
 .rodata._vsnprintf
                0x1000e720      0x19c CMakeFiles/tinyusb_host_msc_file_explorer.dir/home/vboxuser/pico/pico-sdk/src/rp2_common/pico_printf/printf.c.obj
 *fill*         0x1000e8bc        0x4 
 .rodata.pow10.0
                0x1000e8c0       0x50 CMakeFiles/tinyusb_host_msc_file_explorer.dir/home/vboxuser/pico/pico-sdk/src/rp2_common/pico_printf/printf.c.obj
 .rodata.missing_double_func_shim.str1.4
                0x1000e910       0x18 CMakeFiles/tinyusb_host_msc_file_explorer.dir/home/vboxuser/pico/pico-sdk/src/rp2_common/pico_double/double_init_rom.c.obj
 .rodata.missing_float_func_shim.str1.4
                0x1000e928        0x1 CMakeFiles/tinyusb_host_msc_file_explorer.dir/home/vboxuser/pico/pico-sdk/src/rp2_common/pico_float/float_init_rom.c.obj
 .rodata.__wrap_malloc.str1.4
                0x1000e928        0xe CMakeFiles/tinyusb_host_msc_file_explorer.dir/home/vboxuser/pico/pico-sdk/src/rp2_common/pico_malloc/pico_malloc.c.obj
 *fill*         0x1000e936        0x2 
 .rodata.str1.4
                0x1000e938       0x5c CMakeFiles/tinyusb_host_msc_file_explorer.dir/home/vboxuser/pico/pico-sdk/src/rp2_common/pico_standard_link/binary_info.c.obj
 .rodata.__bi_81
                0x1000e994        0xc CMakeFiles/tinyusb_host_msc_file_explorer.dir/home/vboxuser/pico/pico-sdk/src/rp2_common/pico_standard_link/binary_info.c.obj
 .rodata.__bi_75
                0x1000e9a0        0xc CMakeFiles/tinyusb_host_msc_file_explorer.dir/home/vboxuser/pico/pico-sdk/src/rp2_common/pico_standard_link/binary_info.c.obj
 .rodata.__bi_44
                0x1000e9ac        0xc CMakeFiles/tinyusb_host_msc_file_explorer.dir/home/vboxuser/pico/pico-sdk/src/rp2_common/pico_standard_link/binary_info.c.obj
 .rodata.crlf_str.0
                0x1000e9b8        0x2 CMakeFiles/tinyusb_host_msc_file_explorer.dir/home/vboxuser/pico/pico-sdk/src/rp2_common/pico_stdio/stdio.c.obj
 *fill*         0x1000e9ba        0x2 
 .rodata.str1.4
                0x1000e9bc       0x18 CMakeFiles/tinyusb_host_msc_file_explorer.dir/home/vboxuser/pico/pico-sdk/src/rp2_common/pico_bootsel_via_double_reset/pico_bootsel_via_double_reset.c.obj
 .rodata.__bi_35
                0x1000e9d4        0xc CMakeFiles/tinyusb_host_msc_file_explorer.dir/home/vboxuser/pico/pico-sdk/src/rp2_common/pico_bootsel_via_double_reset/pico_bootsel_via_double_reset.c.obj
 .rodata.__bi_152.0
                0x1000e9e0        0x8 CMakeFiles/tinyusb_host_msc_file_explorer.dir/home/vboxuser/pico/pico-sdk/lib/tinyusb/hw/bsp/rp2040/family.c.obj
 .rodata.str1.4
                0x1000e9e8       0x40 CMakeFiles/tinyusb_host_msc_file_explorer.dir/home/vboxuser/pico/pico-sdk/lib/tinyusb/src/portable/raspberrypi/rp2040/hcd_rp2040.c.obj
 .rodata.hcd_port_speed_get.str1.4
                0x1000ea28        0xf CMakeFiles/tinyusb_host_msc_file_explorer.dir/home/vboxuser/pico/pico-sdk/lib/tinyusb/src/portable/raspberrypi/rp2040/hcd_rp2040.c.obj
 *fill*         0x1000ea37        0x1 
 .rodata.str1.4
                0x1000ea38       0x53 CMakeFiles/tinyusb_host_msc_file_explorer.dir/home/vboxuser/pico/pico-sdk/lib/tinyusb/src/portable/raspberrypi/rp2040/rp2040_usb.c.obj
 *fill*         0x1000ea8b        0x1 
 .rodata.process_enumeration
                0x1000ea8c       0x34 CMakeFiles/tinyusb_host_msc_file_explorer.dir/home/vboxuser/pico/pico-sdk/lib/tinyusb/src/host/usbh.c.obj
 .rodata.usbh_class_drivers
                0x1000eac0       0x28 CMakeFiles/tinyusb_host_msc_file_explorer.dir/home/vboxuser/pico/pico-sdk/lib/tinyusb/src/host/usbh.c.obj
 .rodata        0x1000eae8        0x8 CMakeFiles/tinyusb_host_msc_file_explorer.dir/home/vboxuser/pico/pico-sdk/lib/tinyusb/src/host/hub.c.obj
 .rodata        0x1000eaf0      0x101 /usr/lib/gcc/arm-none-eabi/12.2.1/../../../arm-none-eabi/lib/thumb/v6-m/nofp/libc.a(lib_a-ctype_.o)
                0x1000eaf0                _ctype_
 *fill*         0x1000ebf1        0x3 
 .rodata        0x1000ebf4        0x4 /usr/lib/gcc/arm-none-eabi/12.2.1/../../../arm-none-eabi/lib/thumb/v6-m/nofp/libc.a(lib_a-impure.o)
                0x1000ebf4                _global_impure_ptr
                0x1000ebf8                        . = ALIGN (0x4)
 *(SORT_BY_ALIGNMENT(SORT_BY_NAME(.flashdata*)))
                0x1000ebf8                        . = ALIGN (0x4)

.ARM.extab
 *(.ARM.extab* .gnu.linkonce.armextab.*)
                0x1000ebf8                        __exidx_start = .

.ARM.exidx
 *(.ARM.exidx* .gnu.linkonce.armexidx.*)
                0x1000ebf8                        __exidx_end = .
                0x1000ebf8                        . = ALIGN (0x4)
                0x1000ebf8                        __binary_info_start = .

.binary_info    0x1000ebf8       0x24
 *(.binary_info.keep.*)
 .binary_info.keep.__bi_ptr81
                0x1000ebf8        0x4 CMakeFiles/tinyusb_host_msc_file_explorer.dir/home/vboxuser/pico/pico-sdk/src/rp2_common/pico_standard_link/binary_info.c.obj
 .binary_info.keep.__bi_ptr75
                0x1000ebfc        0x4 CMakeFiles/tinyusb_host_msc_file_explorer.dir/home/vboxuser/pico/pico-sdk/src/rp2_common/pico_standard_link/binary_info.c.obj
 .binary_info.keep.__bi_ptr50
                0x1000ec00        0x4 CMakeFiles/tinyusb_host_msc_file_explorer.dir/home/vboxuser/pico/pico-sdk/src/rp2_common/pico_standard_link/binary_info.c.obj
 .binary_info.keep.__bi_ptr44
                0x1000ec04        0x4 CMakeFiles/tinyusb_host_msc_file_explorer.dir/home/vboxuser/pico/pico-sdk/src/rp2_common/pico_standard_link/binary_info.c.obj
 .binary_info.keep.__bi_ptr38
                0x1000ec08        0x4 CMakeFiles/tinyusb_host_msc_file_explorer.dir/home/vboxuser/pico/pico-sdk/src/rp2_common/pico_standard_link/binary_info.c.obj
 .binary_info.keep.__bi_ptr30
                0x1000ec0c        0x4 CMakeFiles/tinyusb_host_msc_file_explorer.dir/home/vboxuser/pico/pico-sdk/src/rp2_common/pico_standard_link/binary_info.c.obj
 .binary_info.keep.__bi_ptr22
                0x1000ec10        0x4 CMakeFiles/tinyusb_host_msc_file_explorer.dir/home/vboxuser/pico/pico-sdk/src/rp2_common/pico_standard_link/binary_info.c.obj
 .binary_info.keep.__bi_ptr35
                0x1000ec14        0x4 CMakeFiles/tinyusb_host_msc_file_explorer.dir/home/vboxuser/pico/pico-sdk/src/rp2_common/pico_bootsel_via_double_reset/pico_bootsel_via_double_reset.c.obj
 .binary_info.keep.__bi_ptr152
                0x1000ec18        0x4 CMakeFiles/tinyusb_host_msc_file_explorer.dir/home/vboxuser/pico/pico-sdk/lib/tinyusb/hw/bsp/rp2040/family.c.obj
 *(.binary_info.*)
                0x1000ec1c                        __binary_info_end = .

.rel.dyn        0x1000ec1c        0x0
 .rel.iplt      0x1000ec1c        0x0 /usr/lib/gcc/arm-none-eabi/12.2.1/thumb/v6-m/nofp/crtbegin.o
                0x1000ec1c                        . = ALIGN (0x4)

.ram_vector_table
                0x20000000       0xc0
 *(.ram_vector_table)
 .ram_vector_table
                0x20000000       0xc0 CMakeFiles/tinyusb_host_msc_file_explorer.dir/home/vboxuser/pico/pico-sdk/src/rp2_common/pico_runtime/runtime.c.obj
                0x20000000                ram_vector_table

.data           0x200000c0     0x1110 load address 0x1000ec1c
                0x200000c0                        __data_start__ = .
 *(vtable)
 *(.time_critical*)
 .time_critical.mutex_try_enter_block_until
                0x200000c0       0x9c CMakeFiles/tinyusb_host_msc_file_explorer.dir/home/vboxuser/pico/pico-sdk/src/common/pico_sync/mutex.c.obj
                0x200000c0                mutex_try_enter_block_until
 .time_critical.mutex_enter_timeout_ms
                0x2000015c       0x90 CMakeFiles/tinyusb_host_msc_file_explorer.dir/home/vboxuser/pico/pico-sdk/src/common/pico_sync/mutex.c.obj
                0x2000015c                mutex_enter_timeout_ms
 .time_critical.mutex_exit
                0x200001ec       0x28 CMakeFiles/tinyusb_host_msc_file_explorer.dir/home/vboxuser/pico/pico-sdk/src/common/pico_sync/mutex.c.obj
                0x200001ec                mutex_exit
 .time_critical.hw_xfer_complete
                0x20000214       0x40 CMakeFiles/tinyusb_host_msc_file_explorer.dir/home/vboxuser/pico/pico-sdk/lib/tinyusb/src/portable/raspberrypi/rp2040/hcd_rp2040.c.obj
 .time_critical.hw_trans_complete
                0x20000254       0x20 CMakeFiles/tinyusb_host_msc_file_explorer.dir/home/vboxuser/pico/pico-sdk/lib/tinyusb/src/portable/raspberrypi/rp2040/hcd_rp2040.c.obj
 .time_critical._handle_buff_status_bit
                0x20000274       0x24 CMakeFiles/tinyusb_host_msc_file_explorer.dir/home/vboxuser/pico/pico-sdk/lib/tinyusb/src/portable/raspberrypi/rp2040/hcd_rp2040.c.obj
 .time_critical.hw_handle_buff_status
                0x20000298       0x80 CMakeFiles/tinyusb_host_msc_file_explorer.dir/home/vboxuser/pico/pico-sdk/lib/tinyusb/src/portable/raspberrypi/rp2040/hcd_rp2040.c.obj
 .time_critical.hcd_rp2040_irq
                0x20000318      0x190 CMakeFiles/tinyusb_host_msc_file_explorer.dir/home/vboxuser/pico/pico-sdk/lib/tinyusb/src/portable/raspberrypi/rp2040/hcd_rp2040.c.obj
 .time_critical.e15_is_bulkin_ep
                0x200004a8       0x28 CMakeFiles/tinyusb_host_msc_file_explorer.dir/home/vboxuser/pico/pico-sdk/lib/tinyusb/src/portable/raspberrypi/rp2040/rp2040_usb.c.obj
 .time_critical.e15_is_critical_frame_period
                0x200004d0       0x34 CMakeFiles/tinyusb_host_msc_file_explorer.dir/home/vboxuser/pico/pico-sdk/lib/tinyusb/src/portable/raspberrypi/rp2040/rp2040_usb.c.obj
 .time_critical.prepare_ep_buffer
                0x20000504       0x6c CMakeFiles/tinyusb_host_msc_file_explorer.dir/home/vboxuser/pico/pico-sdk/lib/tinyusb/src/portable/raspberrypi/rp2040/rp2040_usb.c.obj
 .time_critical.sync_ep_buffer
                0x20000570       0x48 CMakeFiles/tinyusb_host_msc_file_explorer.dir/home/vboxuser/pico/pico-sdk/lib/tinyusb/src/portable/raspberrypi/rp2040/rp2040_usb.c.obj
 .time_critical._hw_endpoint_xfer_sync
                0x200005b8       0x28 CMakeFiles/tinyusb_host_msc_file_explorer.dir/home/vboxuser/pico/pico-sdk/lib/tinyusb/src/portable/raspberrypi/rp2040/rp2040_usb.c.obj
 .time_critical.hw_endpoint_reset_transfer
                0x200005e0        0xc CMakeFiles/tinyusb_host_msc_file_explorer.dir/home/vboxuser/pico/pico-sdk/lib/tinyusb/src/portable/raspberrypi/rp2040/rp2040_usb.c.obj
                0x200005e0                hw_endpoint_reset_transfer
 .time_critical._hw_endpoint_buffer_control_update32
                0x200005ec       0x4c CMakeFiles/tinyusb_host_msc_file_explorer.dir/home/vboxuser/pico/pico-sdk/lib/tinyusb/src/portable/raspberrypi/rp2040/rp2040_usb.c.obj
                0x200005ec                _hw_endpoint_buffer_control_update32
 .time_critical.hw_endpoint_start_next_buffer
                0x20000638       0x6c CMakeFiles/tinyusb_host_msc_file_explorer.dir/home/vboxuser/pico/pico-sdk/lib/tinyusb/src/portable/raspberrypi/rp2040/rp2040_usb.c.obj
                0x20000638                hw_endpoint_start_next_buffer
 .time_critical.hw_endpoint_xfer_continue
                0x200006a4       0x50 CMakeFiles/tinyusb_host_msc_file_explorer.dir/home/vboxuser/pico/pico-sdk/lib/tinyusb/src/portable/raspberrypi/rp2040/rp2040_usb.c.obj
                0x200006a4                hw_endpoint_xfer_continue
 .time_critical.tinyusb
                0x200006f4       0x38 CMakeFiles/tinyusb_host_msc_file_explorer.dir/home/vboxuser/pico/pico-sdk/lib/tinyusb/src/host/usbh.c.obj
                0x200006f4                hcd_event_handler
 *(.text*)
 .text          0x2000072c        0x4 /usr/lib/gcc/arm-none-eabi/12.2.1/thumb/v6-m/nofp/libgcc.a(_dvmd_tls.o)
                0x2000072c                __aeabi_ldiv0
                0x2000072c                __aeabi_idiv0
 .text          0x20000730       0x48 /usr/lib/gcc/arm-none-eabi/12.2.1/../../../arm-none-eabi/lib/thumb/v6-m/nofp/libc.a(lib_a-memcmp.o)
                0x20000730                memcmp
 .text          0x20000778       0xac /usr/lib/gcc/arm-none-eabi/12.2.1/../../../arm-none-eabi/lib/thumb/v6-m/nofp/libc.a(lib_a-memmove.o)
                0x20000778                memmove
 *fill*         0x20000824        0x4 
 .text.__stub   0x20000828       0x70 linker stubs
                0x20000898                        . = ALIGN (0x4)
 *(.rodata*)
                0x20000898                        . = ALIGN (0x4)
 *(.data*)
 .data.striped_spin_lock_num
                0x20000898        0x1 CMakeFiles/tinyusb_host_msc_file_explorer.dir/home/vboxuser/pico/pico-sdk/src/rp2_common/hardware_sync/sync.c.obj
 *fill*         0x20000899        0x3 
 .data          0x2000089c       0x48 CMakeFiles/tinyusb_host_msc_file_explorer.dir/home/vboxuser/pico/pico-sdk/src/rp2_common/hardware_irq/irq_handler_chain.S.obj
                0x2000089c                irq_handler_chain_slots
                0x200008cc                irq_handler_chain_first_slot
                0x200008d6                irq_handler_chain_remove_tail
 .data.default_alarm_pool
                0x200008e4       0x18 CMakeFiles/tinyusb_host_msc_file_explorer.dir/home/vboxuser/pico/pico-sdk/src/common/pico_time/time.c.obj
 .data.default_alarm_pool_heap
                0x200008fc       0x10 CMakeFiles/tinyusb_host_msc_file_explorer.dir/home/vboxuser/pico/pico-sdk/src/common/pico_time/time.c.obj
 *fill*         0x2000090c        0x4 
 .data.aeabi_bits_funcs
                0x20000910       0x10 CMakeFiles/tinyusb_host_msc_file_explorer.dir/home/vboxuser/pico/pico-sdk/src/rp2_common/pico_bit_ops/bit_ops_aeabi.S.obj
                0x20000910                aeabi_bits_funcs
                0x20000920                aeabi_bits_funcs_end
 .data.aeabi_mem_funcs
                0x20000920       0x10 CMakeFiles/tinyusb_host_msc_file_explorer.dir/home/vboxuser/pico/pico-sdk/src/rp2_common/pico_mem_ops/mem_ops_aeabi.S.obj
                0x20000920                aeabi_mem_funcs
                0x20000930                aeabi_mem_funcs_end
 .data.stdio_uart
                0x20000930       0x18 CMakeFiles/tinyusb_host_msc_file_explorer.dir/home/vboxuser/pico/pico-sdk/src/rp2_common/pico_stdio_uart/stdio_uart.c.obj
                0x20000930                stdio_uart
 .data.ep_dir_string
                0x20000948        0x8 CMakeFiles/tinyusb_host_msc_file_explorer.dir/home/vboxuser/pico/pico-sdk/lib/tinyusb/src/portable/raspberrypi/rp2040/rp2040_usb.c.obj
                0x20000948                ep_dir_string
 .data._usbh_qdef
                0x20000950       0x1c CMakeFiles/tinyusb_host_msc_file_explorer.dir/home/vboxuser/pico/pico-sdk/lib/tinyusb/src/host/usbh.c.obj
                0x20000950                _usbh_qdef
 .data._usbh_controller
                0x2000096c        0x1 CMakeFiles/tinyusb_host_msc_file_explorer.dir/home/vboxuser/pico/pico-sdk/lib/tinyusb/src/host/usbh.c.obj
 *fill*         0x2000096d        0x3 
 .data          0x20000970      0x430 /usr/lib/gcc/arm-none-eabi/12.2.1/../../../arm-none-eabi/lib/thumb/v6-m/nofp/libc.a(lib_a-impure.o)
                0x20000970                _impure_ptr
 .data          0x20000da0      0x410 /usr/lib/gcc/arm-none-eabi/12.2.1/../../../arm-none-eabi/lib/thumb/v6-m/nofp/libc.a(lib_a-mallocr.o)
                0x20000da0                __malloc_sbrk_base
                0x20000da4                __malloc_trim_threshold
                0x20000da8                __malloc_av_
                0x200011b0                        . = ALIGN (0x4)
 *(.after_data.*)
                0x200011b0                        . = ALIGN (0x4)
                0x200011b0                        PROVIDE (__mutex_array_start = .)
 *(SORT_BY_NAME(.mutex_array.*))
 *(.mutex_array)
 .mutex_array   0x200011b0        0x8 CMakeFiles/tinyusb_host_msc_file_explorer.dir/home/vboxuser/pico/pico-sdk/src/rp2_common/pico_stdio/stdio.c.obj
                0x200011b8                        PROVIDE (__mutex_array_end = .)
                0x200011b8                        . = ALIGN (0x4)
                0x200011b8                        PROVIDE (__preinit_array_start = .)
 *(SORT_BY_NAME(.preinit_array.*))
 .preinit_array.00001
                0x200011b8        0x4 CMakeFiles/tinyusb_host_msc_file_explorer.dir/home/vboxuser/pico/pico-sdk/src/rp2_common/pico_mem_ops/mem_ops_aeabi.S.obj
 .preinit_array.00010
                0x200011bc        0x4 CMakeFiles/tinyusb_host_msc_file_explorer.dir/home/vboxuser/pico/pico-sdk/src/rp2_common/pico_bit_ops/bit_ops_aeabi.S.obj
 .preinit_array.00020
                0x200011c0        0x4 CMakeFiles/tinyusb_host_msc_file_explorer.dir/home/vboxuser/pico/pico-sdk/src/rp2_common/pico_double/double_aeabi.S.obj
 .preinit_array.00020
                0x200011c4        0x4 CMakeFiles/tinyusb_host_msc_file_explorer.dir/home/vboxuser/pico/pico-sdk/src/rp2_common/pico_float/float_aeabi.S.obj
 *(.preinit_array)
                0x200011c8                        PROVIDE (__preinit_array_end = .)
                0x200011c8                        . = ALIGN (0x4)
                0x200011c8                        PROVIDE (__init_array_start = .)
 *(SORT_BY_NAME(.init_array.*))
 *(.init_array)
 .init_array    0x200011c8        0x4 /usr/lib/gcc/arm-none-eabi/12.2.1/thumb/v6-m/nofp/crtbegin.o
 .init_array    0x200011cc        0x4 CMakeFiles/tinyusb_host_msc_file_explorer.dir/home/vboxuser/pico/pico-sdk/src/rp2_common/pico_bootsel_via_double_reset/pico_bootsel_via_double_reset.c.obj
                0x200011d0                        PROVIDE (__init_array_end = .)
                0x200011d0                        . = ALIGN (0x4)
                0x200011d0                        PROVIDE (__fini_array_start = .)
 *(SORT_BY_NAME(.fini_array.*))
 *(.fini_array)
                0x200011d0                        PROVIDE (__fini_array_end = .)
 *(.jcr)
                0x200011d0                        . = ALIGN (0x4)
                0x200011d0                        __data_end__ = .
                0x1000ec1c                        __etext = LOADADDR (.data)

.tm_clone_table
                0x200011d0        0x0 load address 0x1000fd2c
 .tm_clone_table
                0x200011d0        0x0 /usr/lib/gcc/arm-none-eabi/12.2.1/thumb/v6-m/nofp/crtbegin.o
 .tm_clone_table
                0x200011d0        0x0 /usr/lib/gcc/arm-none-eabi/12.2.1/thumb/v6-m/nofp/crtend.o

.igot.plt       0x200011d0        0x0 load address 0x1000fd2c
 .igot.plt      0x200011d0        0x0 /usr/lib/gcc/arm-none-eabi/12.2.1/thumb/v6-m/nofp/crtbegin.o

.uninitialized_data
                0x200011d0        0xc load address 0x1000fd2c
                0x200011d0                        . = ALIGN (0x4)
 *(.uninitialized_data*)
 .uninitialized_data.magic_location
                0x200011d0        0xc CMakeFiles/tinyusb_host_msc_file_explorer.dir/home/vboxuser/pico/pico-sdk/src/rp2_common/pico_bootsel_via_double_reset/pico_bootsel_via_double_reset.c.obj

.scratch_x      0x20040000        0x0 load address 0x1000fd2c
                0x20040000                        __scratch_x_start__ = .
 *(.scratch_x.*)
                0x20040000                        . = ALIGN (0x4)
                0x20040000                        __scratch_x_end__ = .
                0x1000fd2c                        __scratch_x_source__ = LOADADDR (.scratch_x)

.scratch_y      0x20041000        0x0 load address 0x1000fd2c
                0x20041000                        __scratch_y_start__ = .
 *(.scratch_y.*)
                0x20041000                        . = ALIGN (0x4)
                0x20041000                        __scratch_y_end__ = .
                0x1000fd2c                        __scratch_y_source__ = LOADADDR (.scratch_y)

.bss            0x200011e0     0x17c0
                0x200011e0                        . = ALIGN (0x4)
                0x200011e0                        __bss_start__ = .
 *(SORT_BY_ALIGNMENT(SORT_BY_NAME(.bss*)))
 .bss.configured_freq
                0x200011e0       0x28 CMakeFiles/tinyusb_host_msc_file_explorer.dir/home/vboxuser/pico/pico-sdk/src/rp2_common/hardware_clocks/clocks.c.obj
 .bss.default_alarm_pool_entries
                0x20001208      0x100 CMakeFiles/tinyusb_host_msc_file_explorer.dir/home/vboxuser/pico/pico-sdk/src/common/pico_time/time.c.obj
 .bss.sd_table  0x20001308      0x100 CMakeFiles/tinyusb_host_msc_file_explorer.dir/home/vboxuser/pico/pico-sdk/src/rp2_common/pico_double/double_init_rom.c.obj
                0x20001308                sd_table
 .bss           0x20001408       0x1c /usr/lib/gcc/arm-none-eabi/12.2.1/thumb/v6-m/nofp/crtbegin.o
 .bss           0x20001424       0x34 /usr/lib/gcc/arm-none-eabi/12.2.1/../../../arm-none-eabi/lib/thumb/v6-m/nofp/libc.a(lib_a-mallocr.o)
                0x20001424                __malloc_top_pad
                0x20001428                __malloc_current_mallinfo
                0x20001450                __malloc_max_sbrked_mem
                0x20001454                __malloc_max_total_mem
 .bss           0x20001458        0x4 /usr/lib/gcc/arm-none-eabi/12.2.1/../../../arm-none-eabi/lib/thumb/v6-m/nofp/libc.a(lib_a-reent.o)
                0x20001458                errno
 .bss.FatFs     0x2000145c       0x10 CMakeFiles/tinyusb_host_msc_file_explorer.dir/home/vboxuser/pico/pico-sdk/lib/tinyusb/lib/fatfs/source/ff.c.obj
 .bss.LfnBuf    0x2000146c      0x200 CMakeFiles/tinyusb_host_msc_file_explorer.dir/home/vboxuser/pico/pico-sdk/lib/tinyusb/lib/fatfs/source/ff.c.obj
 .bss._cli      0x2000166c        0x4 CMakeFiles/tinyusb_host_msc_file_explorer.dir/src/msc_app.c.obj
 .bss._ctrl_xfer
                0x20001670       0x18 CMakeFiles/tinyusb_host_msc_file_explorer.dir/home/vboxuser/pico/pico-sdk/lib/tinyusb/src/host/usbh.c.obj
                0x20001670                _ctrl_xfer
 .bss._dev0     0x20001688        0x5 CMakeFiles/tinyusb_host_msc_file_explorer.dir/home/vboxuser/pico/pico-sdk/lib/tinyusb/src/host/usbh.c.obj
 *fill*         0x2000168d        0x3 
 .bss._disk_busy
                0x20001690        0x4 CMakeFiles/tinyusb_host_msc_file_explorer.dir/src/msc_app.c.obj
 .bss._hub_buffer
                0x20001694        0x9 CMakeFiles/tinyusb_host_msc_file_explorer.dir/home/vboxuser/pico/pico-sdk/lib/tinyusb/src/host/hub.c.obj
 *fill*         0x2000169d        0x3 
 .bss._msch_buffer
                0x200016a0       0x24 CMakeFiles/tinyusb_host_msc_file_explorer.dir/home/vboxuser/pico/pico-sdk/lib/tinyusb/src/class/msc/msc_host.c.obj
 .bss._msch_itf
                0x200016c4      0x190 CMakeFiles/tinyusb_host_msc_file_explorer.dir/home/vboxuser/pico/pico-sdk/lib/tinyusb/src/class/msc/msc_host.c.obj
 .bss._usbh_ctrl_buf
                0x20001854      0x100 CMakeFiles/tinyusb_host_msc_file_explorer.dir/home/vboxuser/pico/pico-sdk/lib/tinyusb/src/host/usbh.c.obj
 .bss._usbh_devices
                0x20001954       0xaa CMakeFiles/tinyusb_host_msc_file_explorer.dir/home/vboxuser/pico/pico-sdk/lib/tinyusb/src/host/usbh.c.obj
                0x20001954                _usbh_devices
 *fill*         0x200019fe        0x2 
 .bss._usbh_mutex
                0x20001a00        0x4 CMakeFiles/tinyusb_host_msc_file_explorer.dir/home/vboxuser/pico/pico-sdk/lib/tinyusb/src/host/usbh.c.obj
 .bss._usbh_mutexdef
                0x20001a04        0x8 CMakeFiles/tinyusb_host_msc_file_explorer.dir/home/vboxuser/pico/pico-sdk/lib/tinyusb/src/host/usbh.c.obj
 .bss._usbh_q   0x20001a0c        0x4 CMakeFiles/tinyusb_host_msc_file_explorer.dir/home/vboxuser/pico/pico-sdk/lib/tinyusb/src/host/usbh.c.obj
 .bss._usbh_qdef_buf
                0x20001a10       0xc0 CMakeFiles/tinyusb_host_msc_file_explorer.dir/home/vboxuser/pico/pico-sdk/lib/tinyusb/src/host/usbh.c.obj
                0x20001a10                _usbh_qdef_buf
 .bss.alarm_callbacks
                0x20001ad0       0x10 CMakeFiles/tinyusb_host_msc_file_explorer.dir/home/vboxuser/pico/pico-sdk/src/rp2_common/hardware_timer/timer.c.obj
 .bss.chars_available_callback
                0x20001ae0        0x4 CMakeFiles/tinyusb_host_msc_file_explorer.dir/home/vboxuser/pico/pico-sdk/src/rp2_common/pico_stdio_uart/stdio_uart.c.obj
 .bss.chars_available_param
                0x20001ae4        0x4 CMakeFiles/tinyusb_host_msc_file_explorer.dir/home/vboxuser/pico/pico-sdk/src/rp2_common/pico_stdio_uart/stdio_uart.c.obj
 .bss.claimed   0x20001ae8        0x4 CMakeFiles/tinyusb_host_msc_file_explorer.dir/home/vboxuser/pico/pico-sdk/src/rp2_common/hardware_sync/sync.c.obj
 .bss.cli_buffer
                0x20001aec      0x200 CMakeFiles/tinyusb_host_msc_file_explorer.dir/src/msc_app.c.obj
 .bss.defaultConfig
                0x20001cec       0x10 CMakeFiles/tinyusb_host_msc_file_explorer.dir/src/msc_app.c.obj
 .bss.default_alarm_pool_entry_ids_high
                0x20001cfc       0x10 CMakeFiles/tinyusb_host_msc_file_explorer.dir/home/vboxuser/pico/pico-sdk/src/common/pico_time/time.c.obj
 .bss.default_alarm_pool_heap_nodes
                0x20001d0c       0x30 CMakeFiles/tinyusb_host_msc_file_explorer.dir/home/vboxuser/pico/pico-sdk/src/common/pico_time/time.c.obj
 .bss.drivers   0x20001d3c        0x4 CMakeFiles/tinyusb_host_msc_file_explorer.dir/home/vboxuser/pico/pico-sdk/src/rp2_common/pico_stdio/stdio.c.obj
 .bss.e15_last_sof
                0x20001d40        0x4 CMakeFiles/tinyusb_host_msc_file_explorer.dir/home/vboxuser/pico/pico-sdk/lib/tinyusb/src/portable/raspberrypi/rp2040/rp2040_usb.c.obj
                0x20001d40                e15_last_sof
 .bss.ep_pool   0x20001d44      0x200 CMakeFiles/tinyusb_host_msc_file_explorer.dir/home/vboxuser/pico/pico-sdk/lib/tinyusb/src/portable/raspberrypi/rp2040/hcd_rp2040.c.obj
 .bss.fatfs     0x20001f44      0x8e0 CMakeFiles/tinyusb_host_msc_file_explorer.dir/src/msc_app.c.obj