Archive member included to satisfy reference by file (symbol)

/usr/lib/gcc/arm-none-eabi/12.2.1/thumb/v6-m/nofp/libgcc.a(_dvmd_tls.o)
                              CMakeFiles/tinyusb_host_cdc_msc_hid.dir/home/vboxuser/pico/pico-sdk/src/rp2_common/pico_divider/divider.S.obj (__aeabi_idiv0)
/usr/lib/gcc/arm-none-eabi/12.2.1/../../../arm-none-eabi/lib/thumb/v6-m/nofp/libc.a(lib_a-atexit.o)
                              /usr/lib/gcc/arm-none-eabi/12.2.1/../../../arm-none-eabi/lib/thumb/v6-m/nofp/crt0.o (atexit)
/usr/lib/gcc/arm-none-eabi/12.2.1/../../../arm-none-eabi/lib/thumb/v6-m/nofp/libc.a(lib_a-calloc.o)
                              CMakeFiles/tinyusb_host_cdc_msc_hid.dir/home/vboxuser/pico/pico-sdk/src/rp2_common/pico_malloc/pico_malloc.c.obj (calloc)
/usr/lib/gcc/arm-none-eabi/12.2.1/../../../arm-none-eabi/lib/thumb/v6-m/nofp/libc.a(lib_a-callocr.o)
                              /usr/lib/gcc/arm-none-eabi/12.2.1/../../../arm-none-eabi/lib/thumb/v6-m/nofp/libc.a(lib_a-calloc.o) (_calloc_r)
/usr/lib/gcc/arm-none-eabi/12.2.1/../../../arm-none-eabi/lib/thumb/v6-m/nofp/libc.a(lib_a-fflush.o)
                              CMakeFiles/tinyusb_host_cdc_msc_hid.dir/src/hid_app.c.obj (fflush)
/usr/lib/gcc/arm-none-eabi/12.2.1/../../../arm-none-eabi/lib/thumb/v6-m/nofp/libc.a(lib_a-findfp.o)
                              /usr/lib/gcc/arm-none-eabi/12.2.1/../../../arm-none-eabi/lib/thumb/v6-m/nofp/libc.a(lib_a-fflush.o) (__sinit)
/usr/lib/gcc/arm-none-eabi/12.2.1/../../../arm-none-eabi/lib/thumb/v6-m/nofp/libc.a(lib_a-fini.o)
                              /usr/lib/gcc/arm-none-eabi/12.2.1/../../../arm-none-eabi/lib/thumb/v6-m/nofp/crt0.o (__libc_fini_array)
/usr/lib/gcc/arm-none-eabi/12.2.1/../../../arm-none-eabi/lib/thumb/v6-m/nofp/libc.a(lib_a-freer.o)
                              /usr/lib/gcc/arm-none-eabi/12.2.1/../../../arm-none-eabi/lib/thumb/v6-m/nofp/libc.a(lib_a-fflush.o) (_free_r)
/usr/lib/gcc/arm-none-eabi/12.2.1/../../../arm-none-eabi/lib/thumb/v6-m/nofp/libc.a(lib_a-fwalk.o)
                              /usr/lib/gcc/arm-none-eabi/12.2.1/../../../arm-none-eabi/lib/thumb/v6-m/nofp/libc.a(lib_a-findfp.o) (_fwalk)
/usr/lib/gcc/arm-none-eabi/12.2.1/../../../arm-none-eabi/lib/thumb/v6-m/nofp/libc.a(lib_a-impure.o)
                              /usr/lib/gcc/arm-none-eabi/12.2.1/../../../arm-none-eabi/lib/thumb/v6-m/nofp/libc.a(lib_a-fflush.o) (_global_impure_ptr)
/usr/lib/gcc/arm-none-eabi/12.2.1/../../../arm-none-eabi/lib/thumb/v6-m/nofp/libc.a(lib_a-init.o)
                              /usr/lib/gcc/arm-none-eabi/12.2.1/../../../arm-none-eabi/lib/thumb/v6-m/nofp/crt0.o (__libc_init_array)
/usr/lib/gcc/arm-none-eabi/12.2.1/../../../arm-none-eabi/lib/thumb/v6-m/nofp/libc.a(lib_a-malloc.o)
                              CMakeFiles/tinyusb_host_cdc_msc_hid.dir/home/vboxuser/pico/pico-sdk/src/rp2_common/pico_malloc/pico_malloc.c.obj (malloc)
/usr/lib/gcc/arm-none-eabi/12.2.1/../../../arm-none-eabi/lib/thumb/v6-m/nofp/libc.a(lib_a-mallocr.o)
                              /usr/lib/gcc/arm-none-eabi/12.2.1/../../../arm-none-eabi/lib/thumb/v6-m/nofp/libc.a(lib_a-callocr.o) (_malloc_r)
/usr/lib/gcc/arm-none-eabi/12.2.1/../../../arm-none-eabi/lib/thumb/v6-m/nofp/libc.a(lib_a-mlock.o)
                              /usr/lib/gcc/arm-none-eabi/12.2.1/../../../arm-none-eabi/lib/thumb/v6-m/nofp/libc.a(lib_a-freer.o) (__malloc_lock)
/usr/lib/gcc/arm-none-eabi/12.2.1/../../../arm-none-eabi/lib/thumb/v6-m/nofp/libc.a(lib_a-realloc.o)
                              CMakeFiles/tinyusb_host_cdc_msc_hid.dir/home/vboxuser/pico/pico-sdk/src/rp2_common/pico_malloc/pico_malloc.c.obj (realloc)
/usr/lib/gcc/arm-none-eabi/12.2.1/../../../arm-none-eabi/lib/thumb/v6-m/nofp/libc.a(lib_a-reallocr.o)
                              /usr/lib/gcc/arm-none-eabi/12.2.1/../../../arm-none-eabi/lib/thumb/v6-m/nofp/libc.a(lib_a-realloc.o) (_realloc_r)
/usr/lib/gcc/arm-none-eabi/12.2.1/../../../arm-none-eabi/lib/thumb/v6-m/nofp/libc.a(lib_a-sbrkr.o)
                              /usr/lib/gcc/arm-none-eabi/12.2.1/../../../arm-none-eabi/lib/thumb/v6-m/nofp/libc.a(lib_a-freer.o) (_sbrk_r)
/usr/lib/gcc/arm-none-eabi/12.2.1/../../../arm-none-eabi/lib/thumb/v6-m/nofp/libc.a(lib_a-stdio.o)
                              /usr/lib/gcc/arm-none-eabi/12.2.1/../../../arm-none-eabi/lib/thumb/v6-m/nofp/libc.a(lib_a-findfp.o) (__sread)
/usr/lib/gcc/arm-none-eabi/12.2.1/../../../arm-none-eabi/lib/thumb/v6-m/nofp/libc.a(lib_a-strlen-stub.o)
                              CMakeFiles/tinyusb_host_cdc_msc_hid.dir/home/vboxuser/pico/pico-sdk/src/rp2_common/pico_stdio/stdio.c.obj (strlen)
/usr/lib/gcc/arm-none-eabi/12.2.1/../../../arm-none-eabi/lib/thumb/v6-m/nofp/libc.a(lib_a-writer.o)
                              /usr/lib/gcc/arm-none-eabi/12.2.1/../../../arm-none-eabi/lib/thumb/v6-m/nofp/libc.a(lib_a-stdio.o) (_write_r)
/usr/lib/gcc/arm-none-eabi/12.2.1/../../../arm-none-eabi/lib/thumb/v6-m/nofp/libc.a(lib_a-__atexit.o)
[...]
Memory Configuration

Name             Origin             Length             Attributes
FLASH            0x10000000         0x00200000         xr
RAM              0x20000000         0x00040000         xrw
SCRATCH_X        0x20040000         0x00001000         xrw
SCRATCH_Y        0x20041000         0x00001000         xrw
*default*        0x00000000         0xffffffff

Linker script and memory map

LOAD /usr/lib/gcc/arm-none-eabi/12.2.1/thumb/v6-m/nofp/crti.o
LOAD /usr/lib/gcc/arm-none-eabi/12.2.1/thumb/v6-m/nofp/crtbegin.o
LOAD /usr/lib/gcc/arm-none-eabi/12.2.1/../../../arm-none-eabi/lib/thumb/v6-m/nofp/crt0.o

.flash_begin    0x10000000        0x0
                0x10000000                        __flash_binary_start = .

.boot2          0x10000000      0x100
                0x10000000                        __boot2_start__ = .
 *(.boot2)
 .boot2         0x10000000      0x100 /tmp/cc31GBqr.o
                0x10000100                        __boot2_end__ = .
                0x00000001                        ASSERT (((__boot2_end__ - __boot2_start__) == 0x100), ERROR: Pico second stage bootloader must be 256 bytes in size)

.text           0x10000100     0x9740
                0x10000100                        __logical_binary_start = .
 *(.vectors)
 .vectors       0x10000100       0xd4 CMakeFiles/tinyusb_host_cdc_msc_hid.dir/home/vboxuser/pico/pico-sdk/src/rp2_common/pico_standard_link/crt0.S.obj
                0x10000100                __vectors
                0x10000100                __VECTOR_TABLE
                0x100001c0                isr_invalid
                0x100001c0                __default_isrs_start
                0x100001c2                isr_nmi
                0x100001c4                isr_hardfault
                0x100001c6                isr_svcall
                0x100001c8                isr_pendsv
                0x100001ca                isr_systick
                0x100001cc                isr_irq30
                0x100001cc                __unhandled_user_irq
                0x100001cc                isr_irq13
                0x100001cc                isr_irq27
                0x100001cc                isr_irq31
                0x100001cc                isr_irq5
                0x100001cc                isr_irq11
                0x100001cc                isr_irq23
                0x100001cc                isr_irq18
                0x100001cc                isr_irq28
                0x100001cc                isr_irq19
                0x100001cc                isr_irq0
                0x100001cc                isr_irq6
                0x100001cc                isr_irq22
                0x100001cc                isr_irq17
                0x100001cc                isr_irq14
                0x100001cc                isr_irq2
                0x100001cc                isr_irq10
                0x100001cc                isr_irq8
                0x100001cc                isr_irq24
                0x100001cc                isr_irq1
                0x100001cc                isr_irq7
                0x100001cc                isr_irq21
                0x100001cc                isr_irq20
                0x100001cc                isr_irq15
                0x100001cc                isr_irq25
                0x100001cc                isr_irq4
                0x100001cc                isr_irq16
                0x100001cc                isr_irq29
                0x100001cc                isr_irq26
                0x100001cc                __default_isrs_end
                0x100001cc                isr_irq3
                0x100001cc                isr_irq12
                0x100001cc                isr_irq9
                0x100001d2                unhandled_user_irq_num_in_r0
 *(.binary_info_header)
 .binary_info_header
                0x100001d4       0x14 CMakeFiles/tinyusb_host_cdc_msc_hid.dir/home/vboxuser/pico/pico-sdk/src/rp2_common/pico_standard_link/crt0.S.obj
                0x100001e8                        __binary_info_header_end = .
 *(.reset)
 .reset         0x100001e8       0xa0 CMakeFiles/tinyusb_host_cdc_msc_hid.dir/home/vboxuser/pico/pico-sdk/src/rp2_common/pico_standard_link/crt0.S.obj
                0x100001e8                _entry_point
 .reset         0x10000288       0x30 CMakeFiles/tinyusb_host_cdc_msc_hid.dir/home/vboxuser/pico/pico-sdk/src/rp2_common/pico_standard_link/binary_info.c.obj
 *(.init)
 .init          0x100002b8        0x4 /usr/lib/gcc/arm-none-eabi/12.2.1/thumb/v6-m/nofp/crti.o
                0x100002b8                _init
 *(EXCLUDE_FILE(*libm.a: *libc.a:*lib_a-mem*.o *libgcc.a:) .text*)
 .text          0x100002bc       0x98 /usr/lib/gcc/arm-none-eabi/12.2.1/thumb/v6-m/nofp/crtbegin.o
 .text.cdc_app_task
                0x10000354       0x5c CMakeFiles/tinyusb_host_cdc_msc_hid.dir/src/cdc_app.c.obj
                0x10000354                cdc_app_task
 .text.tuh_cdc_rx_cb
                0x100003b0       0x1c CMakeFiles/tinyusb_host_cdc_msc_hid.dir/src/cdc_app.c.obj
                0x100003b0                tuh_cdc_rx_cb
 .text.tuh_cdc_mount_cb
                0x100003cc       0x5c CMakeFiles/tinyusb_host_cdc_msc_hid.dir/src/cdc_app.c.obj
                0x100003cc                tuh_cdc_mount_cb
 .text.tuh_cdc_umount_cb
                0x10000428       0x24 CMakeFiles/tinyusb_host_cdc_msc_hid.dir/src/cdc_app.c.obj
                0x10000428                tuh_cdc_umount_cb
 .text.process_kbd_report
                0x1000044c      0x26c CMakeFiles/tinyusb_host_cdc_msc_hid.dir/src/hid_app.c.obj
 .text.hid_app_task
                0x100006b8        0x4 CMakeFiles/tinyusb_host_cdc_msc_hid.dir/src/hid_app.c.obj
                0x100006b8                hid_app_task
 .text.tuh_hid_mount_cb
                0x100006bc       0xa0 CMakeFiles/tinyusb_host_cdc_msc_hid.dir/src/hid_app.c.obj
                0x100006bc                tuh_hid_mount_cb
 .text.tuh_hid_umount_cb
                0x1000075c       0x14 CMakeFiles/tinyusb_host_cdc_msc_hid.dir/src/hid_app.c.obj
                0x1000075c                tuh_hid_umount_cb
 .text.tuh_hid_report_received_cb
                0x10000770      0x114 CMakeFiles/tinyusb_host_cdc_msc_hid.dir/src/hid_app.c.obj
                0x10000770                tuh_hid_report_received_cb
 .text.startup.main
                0x10000884       0x78 CMakeFiles/tinyusb_host_cdc_msc_hid.dir/src/main.c.obj
                0x10000884                main
 .text.tuh_mount_cb
                0x100008fc       0x14 CMakeFiles/tinyusb_host_cdc_msc_hid.dir/src/main.c.obj
                0x100008fc                tuh_mount_cb
 .text.tuh_umount_cb
                0x10000910       0x14 CMakeFiles/tinyusb_host_cdc_msc_hid.dir/src/main.c.obj
                0x10000910                tuh_umount_cb
 .text.inquiry_complete_cb
                0x10000924       0x7c CMakeFiles/tinyusb_host_cdc_msc_hid.dir/src/msc_app.c.obj
                0x10000924                inquiry_complete_cb
 .text.tuh_msc_mount_cb
                0x100009a0       0x2c CMakeFiles/tinyusb_host_cdc_msc_hid.dir/src/msc_app.c.obj
                0x100009a0                tuh_msc_mount_cb
 .text.tuh_msc_umount_cb
                0x100009cc       0x10 CMakeFiles/tinyusb_host_cdc_msc_hid.dir/src/msc_app.c.obj
                0x100009cc                tuh_msc_umount_cb
 .text.gpio_set_function
                0x100009dc       0x30 CMakeFiles/tinyusb_host_cdc_msc_hid.dir/home/vboxuser/pico/pico-sdk/src/rp2_common/hardware_gpio/gpio.c.obj
                0x100009dc                gpio_set_function
 .text.running_on_fpga
                0x10000a0c       0x10 CMakeFiles/tinyusb_host_cdc_msc_hid.dir/home/vboxuser/pico/pico-sdk/src/rp2_common/pico_platform/platform.c.obj
                0x10000a0c                running_on_fpga
 .text.hw_claim_or_assert
                0x10000a1c       0x44 CMakeFiles/tinyusb_host_cdc_msc_hid.dir/home/vboxuser/pico/pico-sdk/src/rp2_common/hardware_claim/claim.c.obj
                0x10000a1c                hw_claim_or_assert
 .text.hw_claim_unused_from_range
                0x10000a60       0x9c CMakeFiles/tinyusb_host_cdc_msc_hid.dir/home/vboxuser/pico/pico-sdk/src/rp2_common/hardware_claim/claim.c.obj
                0x10000a60                hw_claim_unused_from_range
 .text.spin_locks_reset
                0x10000afc       0x1c CMakeFiles/tinyusb_host_cdc_msc_hid.dir/home/vboxuser/pico/pico-sdk/src/rp2_common/hardware_sync/sync.c.obj
                0x10000afc                spin_locks_reset
 .text.next_striped_spin_lock_num
                0x10000b18       0x18 CMakeFiles/tinyusb_host_cdc_msc_hid.dir/home/vboxuser/pico/pico-sdk/src/rp2_common/hardware_sync/sync.c.obj
                0x10000b18                next_striped_spin_lock_num
 .text.spin_lock_claim_unused
                0x10000b30       0x24 CMakeFiles/tinyusb_host_cdc_msc_hid.dir/home/vboxuser/pico/pico-sdk/src/rp2_common/hardware_sync/sync.c.obj
                0x10000b30                spin_lock_claim_unused
 .text.irq_set_enabled
                0x10000b54       0x24 CMakeFiles/tinyusb_host_cdc_msc_hid.dir/home/vboxuser/pico/pico-sdk/src/rp2_common/hardware_irq/irq.c.obj
                0x10000b54                irq_set_enabled
 .text.irq_get_vtable_handler
                0x10000b78       0x10 CMakeFiles/tinyusb_host_cdc_msc_hid.dir/home/vboxuser/pico/pico-sdk/src/rp2_common/hardware_irq/irq.c.obj
                0x10000b78                irq_get_vtable_handler
 .text.irq_set_exclusive_handler
                0x10000b88       0x54 CMakeFiles/tinyusb_host_cdc_msc_hid.dir/home/vboxuser/pico/pico-sdk/src/rp2_common/hardware_irq/irq.c.obj
                0x10000b88                irq_set_exclusive_handler
 .text.irq_add_shared_handler
                0x10000bdc      0x1f4 CMakeFiles/tinyusb_host_cdc_msc_hid.dir/home/vboxuser/pico/pico-sdk/src/rp2_common/hardware_irq/irq.c.obj
                0x10000bdc                irq_add_shared_handler
 .text.irq_remove_handler
                0x10000dd0      0x1c4 CMakeFiles/tinyusb_host_cdc_msc_hid.dir/home/vboxuser/pico/pico-sdk/src/rp2_common/hardware_irq/irq.c.obj
                0x10000dd0                irq_remove_handler
 .text.irq_add_tail_to_free_list
                0x10000f94       0xb4 CMakeFiles/tinyusb_host_cdc_msc_hid.dir/home/vboxuser/pico/pico-sdk/src/rp2_common/hardware_irq/irq.c.obj
                0x10000f94                irq_add_tail_to_free_list
 .text.irq_init_priorities
                0x10001048       0x24 CMakeFiles/tinyusb_host_cdc_msc_hid.dir/home/vboxuser/pico/pico-sdk/src/rp2_common/hardware_irq/irq.c.obj
                0x10001048                irq_init_priorities
 .text.lock_init
                0x1000106c       0x10 CMakeFiles/tinyusb_host_cdc_msc_hid.dir/home/vboxuser/pico/pico-sdk/src/common/pico_sync/lock_core.c.obj
                0x1000106c                lock_init
 .text.mutex_init
                0x1000107c       0x1c CMakeFiles/tinyusb_host_cdc_msc_hid.dir/home/vboxuser/pico/pico-sdk/src/common/pico_sync/mutex.c.obj
                0x1000107c                mutex_init
 .text.recursive_mutex_init
                0x10001098       0x1c CMakeFiles/tinyusb_host_cdc_msc_hid.dir/home/vboxuser/pico/pico-sdk/src/common/pico_sync/mutex.c.obj
                0x10001098                recursive_mutex_init
 .text.critical_section_init
                0x100010b4       0x1c CMakeFiles/tinyusb_host_cdc_msc_hid.dir/home/vboxuser/pico/pico-sdk/src/common/pico_sync/critical_section.c.obj
                0x100010b4                critical_section_init
 .text.timer_pool_entry_comparator
                0x100010d0       0x34 CMakeFiles/tinyusb_host_cdc_msc_hid.dir/home/vboxuser/pico/pico-sdk/src/common/pico_time/time.c.obj
                0x100010d0                timer_pool_entry_comparator
 .text.sleep_until_callback
                0x10001104       0x30 CMakeFiles/tinyusb_host_cdc_msc_hid.dir/home/vboxuser/pico/pico-sdk/src/common/pico_time/time.c.obj
 .text.add_alarm_under_lock.isra.0
                0x10001134      0x100 CMakeFiles/tinyusb_host_cdc_msc_hid.dir/home/vboxuser/pico/pico-sdk/src/common/pico_time/time.c.obj
 .text.alarm_pool_alarm_callback
                0x10001234      0x1c0 CMakeFiles/tinyusb_host_cdc_msc_hid.dir/home/vboxuser/pico/pico-sdk/src/common/pico_time/time.c.obj
 .text.alarm_pool_init_default
                0x100013f4       0x6c CMakeFiles/tinyusb_host_cdc_msc_hid.dir/home/vboxuser/pico/pico-sdk/src/common/pico_time/time.c.obj
                0x100013f4                alarm_pool_init_default
 .text.alarm_pool_add_alarm_at
                0x10001460      0x188 CMakeFiles/tinyusb_host_cdc_msc_hid.dir/home/vboxuser/pico/pico-sdk/src/common/pico_time/time.c.obj
                0x10001460                alarm_pool_add_alarm_at
 .text.sleep_until
                0x100015e8       0xc4 CMakeFiles/tinyusb_host_cdc_msc_hid.dir/home/vboxuser/pico/pico-sdk/src/common/pico_time/time.c.obj
                0x100015e8                sleep_until
 .text.sleep_ms
                0x100016ac       0x38 CMakeFiles/tinyusb_host_cdc_msc_hid.dir/home/vboxuser/pico/pico-sdk/src/common/pico_time/time.c.obj
                0x100016ac                sleep_ms
 .text.best_effort_wfe_or_timeout
                0x100016e4       0xec CMakeFiles/tinyusb_host_cdc_msc_hid.dir/home/vboxuser/pico/pico-sdk/src/common/pico_time/time.c.obj
                0x100016e4                best_effort_wfe_or_timeout
 .text.hardware_alarm_irq_handler
                0x100017d0       0xbc CMakeFiles/tinyusb_host_cdc_msc_hid.dir/home/vboxuser/pico/pico-sdk/src/rp2_common/hardware_timer/timer.c.obj
 .text.hardware_alarm_claim
                0x1000188c       0x18 CMakeFiles/tinyusb_host_cdc_msc_hid.dir/home/vboxuser/pico/pico-sdk/src/rp2_common/hardware_timer/timer.c.obj
                0x1000188c                hardware_alarm_claim
 .text.time_us_64
                0x100018a4       0x14 CMakeFiles/tinyusb_host_cdc_msc_hid.dir/home/vboxuser/pico/pico-sdk/src/rp2_common/hardware_timer/timer.c.obj
                0x100018a4                time_us_64
 .text.busy_wait_us
                0x100018b8       0x68 CMakeFiles/tinyusb_host_cdc_msc_hid.dir/home/vboxuser/pico/pico-sdk/src/rp2_common/hardware_timer/timer.c.obj
                0x100018b8                busy_wait_us
 .text.busy_wait_until
                0x10001920       0x20 CMakeFiles/tinyusb_host_cdc_msc_hid.dir/home/vboxuser/pico/pico-sdk/src/rp2_common/hardware_timer/timer.c.obj
                0x10001920                busy_wait_until
 .text.hardware_alarm_set_callback
                0x10001940       0x8c CMakeFiles/tinyusb_host_cdc_msc_hid.dir/home/vboxuser/pico/pico-sdk/src/rp2_common/hardware_timer/timer.c.obj
                0x10001940                hardware_alarm_set_callback
 .text.hardware_alarm_set_target
                0x100019cc       0xd0 CMakeFiles/tinyusb_host_cdc_msc_hid.dir/home/vboxuser/pico/pico-sdk/src/rp2_common/hardware_timer/timer.c.obj
                0x100019cc                hardware_alarm_set_target
 .text.hardware_alarm_cancel
                0x10001a9c       0x3c CMakeFiles/tinyusb_host_cdc_msc_hid.dir/home/vboxuser/pico/pico-sdk/src/rp2_common/hardware_timer/timer.c.obj
                0x10001a9c                hardware_alarm_cancel
 .text.ph_merge_nodes
                0x10001ad8       0x64 CMakeFiles/tinyusb_host_cdc_msc_hid.dir/home/vboxuser/pico/pico-sdk/src/common/pico_util/pheap.c.obj
 .text.ph_post_alloc_init
                0x10001b3c       0x3c CMakeFiles/tinyusb_host_cdc_msc_hid.dir/home/vboxuser/pico/pico-sdk/src/common/pico_util/pheap.c.obj
                0x10001b3c                ph_post_alloc_init
 .text.ph_merge_two_pass
                0x10001b78       0x98 CMakeFiles/tinyusb_host_cdc_msc_hid.dir/home/vboxuser/pico/pico-sdk/src/common/pico_util/pheap.c.obj
                0x10001b78                ph_merge_two_pass
 .text.ph_remove_any_head
                0x10001c10      0x100 CMakeFiles/tinyusb_host_cdc_msc_hid.dir/home/vboxuser/pico/pico-sdk/src/common/pico_util/pheap.c.obj
 .text.ph_remove_head
                0x10001d10      0x104 CMakeFiles/tinyusb_host_cdc_msc_hid.dir/home/vboxuser/pico/pico-sdk/src/common/pico_util/pheap.c.obj
                0x10001d10                ph_remove_head
 .text.ph_remove_and_free_node
                0x10001e14       0x78 CMakeFiles/tinyusb_host_cdc_msc_hid.dir/home/vboxuser/pico/pico-sdk/src/common/pico_util/pheap.c.obj
                0x10001e14                ph_remove_and_free_node
 .text.uart_init
                0x10001e8c      0x188 CMakeFiles/tinyusb_host_cdc_msc_hid.dir/home/vboxuser/pico/pico-sdk/src/rp2_common/hardware_uart/uart.c.obj
                0x10001e8c                uart_init
 .text.clocks_init
                0x10002014      0x2c8 CMakeFiles/tinyusb_host_cdc_msc_hid.dir/home/vboxuser/pico/pico-sdk/src/rp2_common/hardware_clocks/clocks.c.obj
                0x10002014                clocks_init
 .text.clock_get_hz
                0x100022dc        0xc CMakeFiles/tinyusb_host_cdc_msc_hid.dir/home/vboxuser/pico/pico-sdk/src/rp2_common/hardware_clocks/clocks.c.obj
                0x100022dc                clock_get_hz
 .text.pll_init
                0x100022e8       0xa0 CMakeFiles/tinyusb_host_cdc_msc_hid.dir/home/vboxuser/pico/pico-sdk/src/rp2_common/hardware_pll/pll.c.obj
                0x100022e8                pll_init
 .text.watchdog_start_tick
                0x10002388       0x10 CMakeFiles/tinyusb_host_cdc_msc_hid.dir/home/vboxuser/pico/pico-sdk/src/rp2_common/hardware_watchdog/watchdog.c.obj
                0x10002388                watchdog_start_tick
 .text.xosc_init
                0x10002398       0x28 CMakeFiles/tinyusb_host_cdc_msc_hid.dir/home/vboxuser/pico/pico-sdk/src/rp2_common/hardware_xosc/xosc.c.obj
                0x10002398                xosc_init
 .text.runtime_init
                0x100023c0       0xf0 CMakeFiles/tinyusb_host_cdc_msc_hid.dir/home/vboxuser/pico/pico-sdk/src/rp2_common/pico_runtime/runtime.c.obj
                0x100023c0                runtime_init
 .text._exit    0x100024b0        0x4 CMakeFiles/tinyusb_host_cdc_msc_hid.dir/home/vboxuser/pico/pico-sdk/src/rp2_common/pico_runtime/runtime.c.obj
                0x100024b0                _exit
 .text._sbrk    0x100024b4       0x34 CMakeFiles/tinyusb_host_cdc_msc_hid.dir/home/vboxuser/pico/pico-sdk/src/rp2_common/pico_runtime/runtime.c.obj
                0x100024b4                _sbrk
 .text.exit     0x100024e8        0x8 CMakeFiles/tinyusb_host_cdc_msc_hid.dir/home/vboxuser/pico/pico-sdk/src/rp2_common/pico_runtime/runtime.c.obj
                0x100024e8                exit
 .text.panic    0x100024f0       0x30 CMakeFiles/tinyusb_host_cdc_msc_hid.dir/home/vboxuser/pico/pico-sdk/src/rp2_common/pico_runtime/runtime.c.obj
                0x100024f0                panic
 .text.hard_assertion_failure
                0x10002520        0xc CMakeFiles/tinyusb_host_cdc_msc_hid.dir/home/vboxuser/pico/pico-sdk/src/rp2_common/pico_runtime/runtime.c.obj
                0x10002520                hard_assertion_failure
 .text._out_null
                0x1000252c        0x4 CMakeFiles/tinyusb_host_cdc_msc_hid.dir/home/vboxuser/pico/pico-sdk/src/rp2_common/pico_printf/printf.c.obj
 .text._out_rev
                0x10002530       0x90 CMakeFiles/tinyusb_host_cdc_msc_hid.dir/home/vboxuser/pico/pico-sdk/src/rp2_common/pico_printf/printf.c.obj
 .text._ntoa_format
                0x100025c0      0x1f4 CMakeFiles/tinyusb_host_cdc_msc_hid.dir/home/vboxuser/pico/pico-sdk/src/rp2_common/pico_printf/printf.c.obj
 .text._out_char
                0x100027b4       0x10 CMakeFiles/tinyusb_host_cdc_msc_hid.dir/home/vboxuser/pico/pico-sdk/src/rp2_common/pico_printf/printf.c.obj
 .text._out_fct
                0x100027c4       0x10 CMakeFiles/tinyusb_host_cdc_msc_hid.dir/home/vboxuser/pico/pico-sdk/src/rp2_common/pico_printf/printf.c.obj
 .text._etoa    0x100027d4      0x454 CMakeFiles/tinyusb_host_cdc_msc_hid.dir/home/vboxuser/pico/pico-sdk/src/rp2_common/pico_printf/printf.c.obj
 .text._ftoa    0x10002c28      0x3c4 CMakeFiles/tinyusb_host_cdc_msc_hid.dir/home/vboxuser/pico/pico-sdk/src/rp2_common/pico_printf/printf.c.obj
 .text._vsnprintf
                0x10002fec      0xb24 CMakeFiles/tinyusb_host_cdc_msc_hid.dir/home/vboxuser/pico/pico-sdk/src/rp2_common/pico_printf/printf.c.obj
 .text.vfctprintf
                0x10003b10       0x20 CMakeFiles/tinyusb_host_cdc_msc_hid.dir/home/vboxuser/pico/pico-sdk/src/rp2_common/pico_printf/printf.c.obj
                0x10003b10                vfctprintf
 .text.weak_raw_vprintf
                0x10003b30       0x30 CMakeFiles/tinyusb_host_cdc_msc_hid.dir/home/vboxuser/pico/pico-sdk/src/rp2_common/pico_printf/printf.c.obj
                0x10003b30                weak_raw_vprintf
 .text          0x10003b60       0x10 CMakeFiles/tinyusb_host_cdc_msc_hid.dir/home/vboxuser/pico/pico-sdk/src/rp2_common/pico_bit_ops/bit_ops_aeabi.S.obj
 .text.rom_func_lookup
                0x10003b70       0x10 CMakeFiles/tinyusb_host_cdc_msc_hid.dir/home/vboxuser/pico/pico-sdk/src/rp2_common/pico_bootrom/bootrom.c.obj
                0x10003b70                rom_func_lookup
 .text.rom_data_lookup
                0x10003b80       0x10 CMakeFiles/tinyusb_host_cdc_msc_hid.dir/home/vboxuser/pico/pico-sdk/src/rp2_common/pico_bootrom/bootrom.c.obj
                0x10003b80                rom_data_lookup
 .text.rom_funcs_lookup
                0x10003b90       0x44 CMakeFiles/tinyusb_host_cdc_msc_hid.dir/home/vboxuser/pico/pico-sdk/src/rp2_common/pico_bootrom/bootrom.c.obj
                0x10003b90                rom_funcs_lookup
 .text.__wrap___aeabi_idiv
                0x10003bd4       0x50 CMakeFiles/tinyusb_host_cdc_msc_hid.dir/home/vboxuser/pico/pico-sdk/src/rp2_common/pico_divider/divider.S.obj
                0x10003bd4                __wrap___aeabi_idivmod
                0x10003bd4                divmod_s32s32
                0x10003bd4                div_s32s32
                0x10003bd4                __wrap___aeabi_idiv
                0x10003bdc                divmod_s32s32_unsafe
                0x10003c08                divmod_s32s32_savestate
 .text.__wrap___aeabi_uidiv
                0x10003c24       0x4c CMakeFiles/tinyusb_host_cdc_msc_hid.dir/home/vboxuser/pico/pico-sdk/src/rp2_common/pico_divider/divider.S.obj
                0x10003c24                __wrap___aeabi_uidiv
                0x10003c24                __wrap___aeabi_uidivmod
                0x10003c24                div_u32u32
                0x10003c24                divmod_u32u32
                0x10003c2c                divmod_u32u32_unsafe
                0x10003c54                divmod_u32u32_savestate
 .text.__wrap___aeabi_ldiv
                0x10003c70      0x424 CMakeFiles/tinyusb_host_cdc_msc_hid.dir/home/vboxuser/pico/pico-sdk/src/rp2_common/pico_divider/divider.S.obj
                0x10003c70                div_s64s64
                0x10003c70                divmod_s64s64
                0x10003c70                __wrap___aeabi_ldivmod
                0x10003ca0                div_u64u64
                0x10003ca0                divmod_u64u64
                0x10003ca0                __wrap___aeabi_uldivmod
                0x10003cb0                divmod_u64u64_savestate
                0x10003cd0                divmod_s64s64_unsafe
                0x10003d58                divmod_u64u64_unsafe
 .text.__wrap___aeabi_darithmetic
                0x10004094       0x60 CMakeFiles/tinyusb_host_cdc_msc_hid.dir/home/vboxuser/pico/pico-sdk/src/rp2_common/pico_double/double_aeabi.S.obj
                0x10004094                __wrap___aeabi_drsub
                0x1000409a                __wrap___aeabi_dsub
                0x100040a4                __wrap___aeabi_dadd
                0x100040ae                __wrap___aeabi_ddiv
                0x100040e2                __wrap___aeabi_dmul
 .text.__wrap___aeabi_cdcmple
                0x100040f4       0x6c CMakeFiles/tinyusb_host_cdc_msc_hid.dir/home/vboxuser/pico/pico-sdk/src/rp2_common/pico_double/double_aeabi.S.obj
                0x100040f4                __wrap___aeabi_cdrcmple
                0x10004104                __wrap___aeabi_cdcmple
                0x10004104                __wrap___aeabi_cdcmpeq
 .text.__wrap___aeabi_dcmplt
                0x10004160        0xc CMakeFiles/tinyusb_host_cdc_msc_hid.dir/home/vboxuser/pico/pico-sdk/src/rp2_common/pico_double/double_aeabi.S.obj
                0x10004160                __wrap___aeabi_dcmplt
 .text.__wrap___aeabi_dcmpge
                0x1000416c       0x10 CMakeFiles/tinyusb_host_cdc_msc_hid.dir/home/vboxuser/pico/pico-sdk/src/rp2_common/pico_double/double_aeabi.S.obj
                0x1000416c                __wrap___aeabi_dcmpge
 .text.__wrap___aeabi_dcmpgt
                0x1000417c        0xa CMakeFiles/tinyusb_host_cdc_msc_hid.dir/home/vboxuser/pico/pico-sdk/src/rp2_common/pico_double/double_aeabi.S.obj
                0x1000417c                __wrap___aeabi_dcmpgt
 .text.__wrap___aeabi_dcmpun
                0x10004186       0x1c CMakeFiles/tinyusb_host_cdc_msc_hid.dir/home/vboxuser/pico/pico-sdk/src/rp2_common/pico_double/double_aeabi.S.obj
                0x10004186                __wrap___aeabi_dcmpun
 *fill*         0x100041a2        0x2 
 .text.__wrap___aeabi_i2d
                0x100041a4       0x38 CMakeFiles/tinyusb_host_cdc_msc_hid.dir/home/vboxuser/pico/pico-sdk/src/rp2_common/pico_double/double_aeabi.S.obj
                0x100041a4                __wrap___aeabi_ui2d
                0x100041ac                __wrap___aeabi_i2d
 .text.__wrap___aeabi_d2iz
                0x100041dc       0x48 CMakeFiles/tinyusb_host_cdc_msc_hid.dir/home/vboxuser/pico/pico-sdk/src/rp2_common/pico_double/double_aeabi.S.obj
                0x100041dc                __wrap___aeabi_d2iz
                0x100041dc                double2int_z
 .text.__wrap___aeabi_d2uiz
                0x10004224       0x10 CMakeFiles/tinyusb_host_cdc_msc_hid.dir/home/vboxuser/pico/pico-sdk/src/rp2_common/pico_double/double_aeabi.S.obj
                0x10004224                double2uint
                0x10004224                __wrap___aeabi_d2uiz
 .text.missing_double_func_shim
                0x10004234        0xc CMakeFiles/tinyusb_host_cdc_msc_hid.dir/home/vboxuser/pico/pico-sdk/src/rp2_common/pico_double/double_init_rom.c.obj
 .text.__aeabi_double_init
                0x10004240       0x94 CMakeFiles/tinyusb_host_cdc_msc_hid.dir/home/vboxuser/pico/pico-sdk/src/rp2_common/pico_double/double_init_rom.c.obj
                0x10004240                __aeabi_double_init
 .text.double_table_shim_on_use_helper
                0x100042d4       0x2c CMakeFiles/tinyusb_host_cdc_msc_hid.dir/home/vboxuser/pico/pico-sdk/src/rp2_common/pico_double/double_v1_rom_shim.S.obj
                0x100042d4                double_table_shim_on_use_helper
 .text.__aeabi_lmul
                0x10004300       0x32 CMakeFiles/tinyusb_host_cdc_msc_hid.dir/home/vboxuser/pico/pico-sdk/src/rp2_common/pico_int64_ops/pico_int64_ops_aeabi.S.obj
                0x10004300                __wrap___aeabi_lmul
 *fill*         0x10004332        0x2 
 .text.missing_float_func_shim
                0x10004334        0xc CMakeFiles/tinyusb_host_cdc_msc_hid.dir/home/vboxuser/pico/pico-sdk/src/rp2_common/pico_float/float_init_rom.c.obj
 .text.__aeabi_float_init
                0x10004340       0x5c CMakeFiles/tinyusb_host_cdc_msc_hid.dir/home/vboxuser/pico/pico-sdk/src/rp2_common/pico_float/float_init_rom.c.obj
                0x10004340                __aeabi_float_init
 .text          0x1000439c       0x10 CMakeFiles/tinyusb_host_cdc_msc_hid.dir/home/vboxuser/pico/pico-sdk/src/rp2_common/pico_mem_ops/mem_ops_aeabi.S.obj
                0x1000439c                __aeabi_mem_init
 .text.memset   0x100043ac        0xc CMakeFiles/tinyusb_host_cdc_msc_hid.dir/home/vboxuser/pico/pico-sdk/src/rp2_common/pico_mem_ops/mem_ops_aeabi.S.obj
                0x100043ac                __wrap_memset
 .text.memcpy   0x100043b8        0xc CMakeFiles/tinyusb_host_cdc_msc_hid.dir/home/vboxuser/pico/pico-sdk/src/rp2_common/pico_mem_ops/mem_ops_aeabi.S.obj
                0x100043b8                __wrap___aeabi_memcpy
                0x100043b8                __wrap_memcpy
 .text.stdio_out_chars_crlf
                0x100043c4       0xbc CMakeFiles/tinyusb_host_cdc_msc_hid.dir/home/vboxuser/pico/pico-sdk/src/rp2_common/pico_stdio/stdio.c.obj
 .text.stdio_buffered_printer
                0x10004480       0x64 CMakeFiles/tinyusb_host_cdc_msc_hid.dir/home/vboxuser/pico/pico-sdk/src/rp2_common/pico_stdio/stdio.c.obj
 .text.__wrap_putchar
                0x100044e4       0x98 CMakeFiles/tinyusb_host_cdc_msc_hid.dir/home/vboxuser/pico/pico-sdk/src/rp2_common/pico_stdio/stdio.c.obj
                0x100044e4                __wrap_putchar
 .text.__wrap_puts
                0x1000457c       0xe0 CMakeFiles/tinyusb_host_cdc_msc_hid.dir/home/vboxuser/pico/pico-sdk/src/rp2_common/pico_stdio/stdio.c.obj
                0x1000457c                __wrap_puts
 .text._read    0x1000465c       0x94 CMakeFiles/tinyusb_host_cdc_msc_hid.dir/home/vboxuser/pico/pico-sdk/src/rp2_common/pico_stdio/stdio.c.obj
                0x1000465c                _read
 .text._write   0x100046f0       0xb4 CMakeFiles/tinyusb_host_cdc_msc_hid.dir/home/vboxuser/pico/pico-sdk/src/rp2_common/pico_stdio/stdio.c.obj
                0x100046f0                _write
 .text._close   0x100047a4        0x8 CMakeFiles/tinyusb_host_cdc_msc_hid.dir/home/vboxuser/pico/pico-sdk/src/rp2_common/pico_stdio/stdio.c.obj
                0x100047a4                _close
 .text._lseek   0x100047ac        0x8 CMakeFiles/tinyusb_host_cdc_msc_hid.dir/home/vboxuser/pico/pico-sdk/src/rp2_common/pico_stdio/stdio.c.obj
                0x100047ac                _lseek
 .text.stdio_set_driver_enabled
                0x100047b4       0x30 CMakeFiles/tinyusb_host_cdc_msc_hid.dir/home/vboxuser/pico/pico-sdk/src/rp2_common/pico_stdio/stdio.c.obj
                0x100047b4                stdio_set_driver_enabled
 .text.__wrap_vprintf
                0x100047e4       0xd4 CMakeFiles/tinyusb_host_cdc_msc_hid.dir/home/vboxuser/pico/pico-sdk/src/rp2_common/pico_stdio/stdio.c.obj
                0x100047e4                __wrap_vprintf
 .text.__wrap_printf
                0x100048b8       0x18 CMakeFiles/tinyusb_host_cdc_msc_hid.dir/home/vboxuser/pico/pico-sdk/src/rp2_common/pico_stdio/stdio.c.obj
                0x100048b8                __wrap_printf
 .text.getchar_timeout_us
                0x100048d0       0x98 CMakeFiles/tinyusb_host_cdc_msc_hid.dir/home/vboxuser/pico/pico-sdk/src/rp2_common/pico_stdio/stdio.c.obj
                0x100048d0                getchar_timeout_us
 .text.stdio_uart_out_chars
                0x10004968       0x4c CMakeFiles/tinyusb_host_cdc_msc_hid.dir/home/vboxuser/pico/pico-sdk/src/rp2_common/pico_stdio_uart/stdio_uart.c.obj
 .text.stdio_uart_in_chars
                0x100049b4       0x98 CMakeFiles/tinyusb_host_cdc_msc_hid.dir/home/vboxuser/pico/pico-sdk/src/rp2_common/pico_stdio_uart/stdio_uart.c.obj
                0x100049b4                stdio_uart_in_chars
 .text.on_uart_rx
                0x10004a4c       0x28 CMakeFiles/tinyusb_host_cdc_msc_hid.dir/home/vboxuser/pico/pico-sdk/src/rp2_common/pico_stdio_uart/stdio_uart.c.obj
 .text.stdio_uart_set_chars_available_callback
                0x10004a74       0x8c CMakeFiles/tinyusb_host_cdc_msc_hid.dir/home/vboxuser/pico/pico-sdk/src/rp2_common/pico_stdio_uart/stdio_uart.c.obj
 .text.stdio_uart_init_full
                0x10004b00       0x3c CMakeFiles/tinyusb_host_cdc_msc_hid.dir/home/vboxuser/pico/pico-sdk/src/rp2_common/pico_stdio_uart/stdio_uart.c.obj
                0x10004b00                stdio_uart_init_full
 .text.startup.boot_double_tap_check
                0x10004b3c       0x60 CMakeFiles/tinyusb_host_cdc_msc_hid.dir/home/vboxuser/pico/pico-sdk/src/rp2_common/pico_bootsel_via_double_reset/pico_bootsel_via_double_reset.c.obj
 .text.board_init
                0x10004b9c       0x20 CMakeFiles/tinyusb_host_cdc_msc_hid.dir/home/vboxuser/pico/pico-sdk/lib/tinyusb/hw/bsp/rp2040/family.c.obj
                0x10004b9c                board_init
 .text.board_led_write
                0x10004bbc        0x4 CMakeFiles/tinyusb_host_cdc_msc_hid.dir/home/vboxuser/pico/pico-sdk/lib/tinyusb/hw/bsp/rp2040/family.c.obj
                0x10004bbc                board_led_write
 .text.board_getchar
                0x10004bc0        0xc CMakeFiles/tinyusb_host_cdc_msc_hid.dir/home/vboxuser/pico/pico-sdk/lib/tinyusb/hw/bsp/rp2040/family.c.obj
                0x10004bc0                board_getchar
 .text.hcd_init
                0x10004bcc       0x54 CMakeFiles/tinyusb_host_cdc_msc_hid.dir/home/vboxuser/pico/pico-sdk/lib/tinyusb/src/portable/raspberrypi/rp2040/hcd_rp2040.c.obj
                0x10004bcc                hcd_init
 .text.hcd_port_reset
                0x10004c20        0x4 CMakeFiles/tinyusb_host_cdc_msc_hid.dir/home/vboxuser/pico/pico-sdk/lib/tinyusb/src/portable/raspberrypi/rp2040/hcd_rp2040.c.obj
                0x10004c20                hcd_port_reset
 .text.hcd_port_reset_end
                0x10004c24        0x4 CMakeFiles/tinyusb_host_cdc_msc_hid.dir/home/vboxuser/pico/pico-sdk/lib/tinyusb/src/portable/raspberrypi/rp2040/hcd_rp2040.c.obj
                0x10004c24                hcd_port_reset_end
 .text.hcd_port_connect_status
                0x10004c28       0x18 CMakeFiles/tinyusb_host_cdc_msc_hid.dir/home/vboxuser/pico/pico-sdk/lib/tinyusb/src/portable/raspberrypi/rp2040/hcd_rp2040.c.obj
                0x10004c28                hcd_port_connect_status
 .text.hcd_port_speed_get
                0x10004c40       0x24 CMakeFiles/tinyusb_host_cdc_msc_hid.dir/home/vboxuser/pico/pico-sdk/lib/tinyusb/src/portable/raspberrypi/rp2040/hcd_rp2040.c.obj
                0x10004c40                hcd_port_speed_get
 .text.hcd_device_close
                0x10004c64      0x470 CMakeFiles/tinyusb_host_cdc_msc_hid.dir/home/vboxuser/pico/pico-sdk/lib/tinyusb/src/portable/raspberrypi/rp2040/hcd_rp2040.c.obj
                0x10004c64                hcd_device_close
 .text.hcd_int_enable
                0x100050d4        0xc CMakeFiles/tinyusb_host_cdc_msc_hid.dir/home/vboxuser/pico/pico-sdk/lib/tinyusb/src/portable/raspberrypi/rp2040/hcd_rp2040.c.obj
                0x100050d4                hcd_int_enable
 .text.hcd_edpt_open
                0x100050e0      0x234 CMakeFiles/tinyusb_host_cdc_msc_hid.dir/home/vboxuser/pico/pico-sdk/lib/tinyusb/src/portable/raspberrypi/rp2040/hcd_rp2040.c.obj
                0x100050e0                hcd_edpt_open
 .text.hcd_edpt_xfer
                0x10005314      0x340 CMakeFiles/tinyusb_host_cdc_msc_hid.dir/home/vboxuser/pico/pico-sdk/lib/tinyusb/src/portable/raspberrypi/rp2040/hcd_rp2040.c.obj
                0x10005314                hcd_edpt_xfer
 .text.hcd_setup_send
                0x10005654       0xac CMakeFiles/tinyusb_host_cdc_msc_hid.dir/home/vboxuser/pico/pico-sdk/lib/tinyusb/src/portable/raspberrypi/rp2040/hcd_rp2040.c.obj
                0x10005654                hcd_setup_send
 .text.rp2040_usb_init
                0x10005700       0x4c CMakeFiles/tinyusb_host_cdc_msc_hid.dir/home/vboxuser/pico/pico-sdk/lib/tinyusb/src/portable/raspberrypi/rp2040/rp2040_usb.c.obj
                0x10005700                rp2040_usb_init
 .text.hw_endpoint_xfer_start
                0x1000574c       0x40 CMakeFiles/tinyusb_host_cdc_msc_hid.dir/home/vboxuser/pico/pico-sdk/lib/tinyusb/src/portable/raspberrypi/rp2040/rp2040_usb.c.obj
                0x1000574c                hw_endpoint_xfer_start
 .text._control_blocking_complete_cb
                0x1000578c        0x8 CMakeFiles/tinyusb_host_cdc_msc_hid.dir/home/vboxuser/pico/pico-sdk/lib/tinyusb/src/host/usbh.c.obj
 .text.process_device_unplugged
                0x10005794       0xfc CMakeFiles/tinyusb_host_cdc_msc_hid.dir/home/vboxuser/pico/pico-sdk/lib/tinyusb/src/host/usbh.c.obj
 .text.usbh_control_xfer_cb.constprop.0.isra.0
                0x10005890      0x14c CMakeFiles/tinyusb_host_cdc_msc_hid.dir/home/vboxuser/pico/pico-sdk/lib/tinyusb/src/host/usbh.c.obj
 .text._get_descriptor
                0x100059dc      0x114 CMakeFiles/tinyusb_host_cdc_msc_hid.dir/home/vboxuser/pico/pico-sdk/lib/tinyusb/src/host/usbh.c.obj
 .text.tuh_task_ext.part.0
                0x10005af0      0x1c8 CMakeFiles/tinyusb_host_cdc_msc_hid.dir/home/vboxuser/pico/pico-sdk/lib/tinyusb/src/host/usbh.c.obj
 .text.tuh_speed_get
                0x10005cb8       0x24 CMakeFiles/tinyusb_host_cdc_msc_hid.dir/home/vboxuser/pico/pico-sdk/lib/tinyusb/src/host/usbh.c.obj
                0x10005cb8                tuh_speed_get
 .text.tuh_inited
                0x10005cdc       0x14 CMakeFiles/tinyusb_host_cdc_msc_hid.dir/home/vboxuser/pico/pico-sdk/lib/tinyusb/src/host/usbh.c.obj
                0x10005cdc                tuh_inited
 .text.tuh_init
                0x10005cf0       0xc8 CMakeFiles/tinyusb_host_cdc_msc_hid.dir/home/vboxuser/pico/pico-sdk/lib/tinyusb/src/host/usbh.c.obj
                0x10005cf0                tuh_init
 .text.tuh_task_ext
                0x10005db8       0x10 CMakeFiles/tinyusb_host_cdc_msc_hid.dir/home/vboxuser/pico/pico-sdk/lib/tinyusb/src/host/usbh.c.obj
                0x10005db8                tuh_task_ext
 .text.tuh_control_xfer
                0x10005dc8       0xec CMakeFiles/tinyusb_host_cdc_msc_hid.dir/home/vboxuser/pico/pico-sdk/lib/tinyusb/src/host/usbh.c.obj
                0x10005dc8                tuh_control_xfer
 .text.process_enumeration
                0x10005eb4      0x464 CMakeFiles/tinyusb_host_cdc_msc_hid.dir/home/vboxuser/pico/pico-sdk/lib/tinyusb/src/host/usbh.c.obj
 .text.usbh_get_rhport
                0x10006318       0x20 CMakeFiles/tinyusb_host_cdc_msc_hid.dir/home/vboxuser/pico/pico-sdk/lib/tinyusb/src/host/usbh.c.obj
                0x10006318                usbh_get_rhport
 .text.usbh_get_enum_buf
                0x10006338        0x8 CMakeFiles/tinyusb_host_cdc_msc_hid.dir/home/vboxuser/pico/pico-sdk/lib/tinyusb/src/host/usbh.c.obj
                0x10006338                usbh_get_enum_buf
 .text.usbh_edpt_claim
                0x10006340       0x38 CMakeFiles/tinyusb_host_cdc_msc_hid.dir/home/vboxuser/pico/pico-sdk/lib/tinyusb/src/host/usbh.c.obj
                0x10006340                usbh_edpt_claim
 .text.usbh_edpt_release
                0x10006378       0x38 CMakeFiles/tinyusb_host_cdc_msc_hid.dir/home/vboxuser/pico/pico-sdk/lib/tinyusb/src/host/usbh.c.obj
                0x10006378                usbh_edpt_release
 .text.usbh_edpt_xfer_with_callback
                0x100063b0       0x70 CMakeFiles/tinyusb_host_cdc_msc_hid.dir/home/vboxuser/pico/pico-sdk/lib/tinyusb/src/host/usbh.c.obj
                0x100063b0                usbh_edpt_xfer_with_callback
 .text.tuh_edpt_open
                0x10006420       0x4c CMakeFiles/tinyusb_host_cdc_msc_hid.dir/home/vboxuser/pico/pico-sdk/lib/tinyusb/src/host/usbh.c.obj
                0x10006420                tuh_edpt_open
 .text.tuh_descriptor_get_hid_report
                0x1000646c      0x114 CMakeFiles/tinyusb_host_cdc_msc_hid.dir/home/vboxuser/pico/pico-sdk/lib/tinyusb/src/host/usbh.c.obj
                0x1000646c                tuh_descriptor_get_hid_report
 .text.usbh_driver_set_config_complete
                0x10006580       0xe0 CMakeFiles/tinyusb_host_cdc_msc_hid.dir/home/vboxuser/pico/pico-sdk/lib/tinyusb/src/host/usbh.c.obj
                0x10006580                usbh_driver_set_config_complete
 .text.connection_port_reset_complete
                0x10006660       0x34 CMakeFiles/tinyusb_host_cdc_msc_hid.dir/home/vboxuser/pico/pico-sdk/lib/tinyusb/src/host/hub.c.obj
 .text.hub_clear_feature_complete_stub
                0x10006694       0x30 CMakeFiles/tinyusb_host_cdc_msc_hid.dir/home/vboxuser/pico/pico-sdk/lib/tinyusb/src/host/hub.c.obj
 .text.config_set_port_power
                0x100066c4       0x58 CMakeFiles/tinyusb_host_cdc_msc_hid.dir/home/vboxuser/pico/pico-sdk/lib/tinyusb/src/host/hub.c.obj
 .text.config_port_power_complete
                0x1000671c       0x90 CMakeFiles/tinyusb_host_cdc_msc_hid.dir/home/vboxuser/pico/pico-sdk/lib/tinyusb/src/host/hub.c.obj
 .text.connection_clear_conn_change_complete
                0x100067ac       0x98 CMakeFiles/tinyusb_host_cdc_msc_hid.dir/home/vboxuser/pico/pico-sdk/lib/tinyusb/src/host/hub.c.obj
 .text.hub_get_status_complete
                0x10006844       0x90 CMakeFiles/tinyusb_host_cdc_msc_hid.dir/home/vboxuser/pico/pico-sdk/lib/tinyusb/src/host/hub.c.obj
 .text.hub_port_get_status_complete
                0x100068d4      0x19c CMakeFiles/tinyusb_host_cdc_msc_hid.dir/home/vboxuser/pico/pico-sdk/lib/tinyusb/src/host/hub.c.obj
 .text.hub_port_clear_feature
                0x10006a70       0x48 CMakeFiles/tinyusb_host_cdc_msc_hid.dir/home/vboxuser/pico/pico-sdk/lib/tinyusb/src/host/hub.c.obj
                0x10006a70                hub_port_clear_feature
 .text.hub_port_get_status
                0x10006ab8       0x4c CMakeFiles/tinyusb_host_cdc_msc_hid.dir/home/vboxuser/pico/pico-sdk/lib/tinyusb/src/host/hub.c.obj
                0x10006ab8                hub_port_get_status
 .text.hub_init
                0x10006b04       0x14 CMakeFiles/tinyusb_host_cdc_msc_hid.dir/home/vboxuser/pico/pico-sdk/lib/tinyusb/src/host/hub.c.obj
                0x10006b04                hub_init
 .text.hub_open
                0x10006b18       0x58 CMakeFiles/tinyusb_host_cdc_msc_hid.dir/home/vboxuser/pico/pico-sdk/lib/tinyusb/src/host/hub.c.obj
                0x10006b18                hub_open
 .text.hub_close
                0x10006b70       0x28 CMakeFiles/tinyusb_host_cdc_msc_hid.dir/home/vboxuser/pico/pico-sdk/lib/tinyusb/src/host/hub.c.obj
                0x10006b70                hub_close
 .text.hub_edpt_status_xfer
                0x10006b98       0x2c CMakeFiles/tinyusb_host_cdc_msc_hid.dir/home/vboxuser/pico/pico-sdk/lib/tinyusb/src/host/hub.c.obj
                0x10006b98                hub_edpt_status_xfer
 .text.hub_set_config
                0x10006bc4       0x58 CMakeFiles/tinyusb_host_cdc_msc_hid.dir/home/vboxuser/pico/pico-sdk/lib/tinyusb/src/host/hub.c.obj
                0x10006bc4                hub_set_config
 .text.hub_xfer_cb
                0x10006c1c      0x130 CMakeFiles/tinyusb_host_cdc_msc_hid.dir/home/vboxuser/pico/pico-sdk/lib/tinyusb/src/host/hub.c.obj
                0x10006c1c                hub_xfer_cb
 .text.cdch_internal_control_complete
                0x10006d4c       0x60 CMakeFiles/tinyusb_host_cdc_msc_hid.dir/home/vboxuser/pico/pico-sdk/lib/tinyusb/src/class/cdc/cdc_host.c.obj
 .text.process_cdc_config
                0x10006dac      0x10c CMakeFiles/tinyusb_host_cdc_msc_hid.dir/home/vboxuser/pico/pico-sdk/lib/tinyusb/src/class/cdc/cdc_host.c.obj
 .text.tuh_cdc_itf_get_info
                0x10006eb8       0x2c CMakeFiles/tinyusb_host_cdc_msc_hid.dir/home/vboxuser/pico/pico-sdk/lib/tinyusb/src/class/cdc/cdc_host.c.obj
                0x10006eb8                tuh_cdc_itf_get_info
 .text.tuh_cdc_mounted
                0x10006ee4       0x18 CMakeFiles/tinyusb_host_cdc_msc_hid.dir/home/vboxuser/pico/pico-sdk/lib/tinyusb/src/class/cdc/cdc_host.c.obj
                0x10006ee4                tuh_cdc_mounted
 .text.tuh_cdc_get_local_line_coding
                0x10006efc       0x28 CMakeFiles/tinyusb_host_cdc_msc_hid.dir/home/vboxuser/pico/pico-sdk/lib/tinyusb/src/class/cdc/cdc_host.c.obj
                0x10006efc                tuh_cdc_get_local_line_coding
 .text.tuh_cdc_write
                0x10006f24       0x20 CMakeFiles/tinyusb_host_cdc_msc_hid.dir/home/vboxuser/pico/pico-sdk/lib/tinyusb/src/class/cdc/cdc_host.c.obj
                0x10006f24                tuh_cdc_write
 .text.tuh_cdc_write_flush
                0x10006f44       0x20 CMakeFiles/tinyusb_host_cdc_msc_hid.dir/home/vboxuser/pico/pico-sdk/lib/tinyusb/src/class/cdc/cdc_host.c.obj
                0x10006f44                tuh_cdc_write_flush
 .text.tuh_cdc_read
                0x10006f64       0x20 CMakeFiles/tinyusb_host_cdc_msc_hid.dir/home/vboxuser/pico/pico-sdk/lib/tinyusb/src/class/cdc/cdc_host.c.obj
                0x10006f64                tuh_cdc_read
 .text.cdch_init
                0x10006f84       0x58 CMakeFiles/tinyusb_host_cdc_msc_hid.dir/home/vboxuser/pico/pico-sdk/lib/tinyusb/src/class/cdc/cdc_host.c.obj
                0x10006f84                cdch_init
 .text.cdch_close
                0x10006fdc       0x34 CMakeFiles/tinyusb_host_cdc_msc_hid.dir/home/vboxuser/pico/pico-sdk/lib/tinyusb/src/class/cdc/cdc_host.c.obj
                0x10006fdc                cdch_close
 .text.cdch_xfer_cb
                0x10007010       0xa4 CMakeFiles/tinyusb_host_cdc_msc_hid.dir/home/vboxuser/pico/pico-sdk/lib/tinyusb/src/class/cdc/cdc_host.c.obj
                0x10007010                cdch_xfer_cb
 .text.cdch_open
                0x100070b4      0x13c CMakeFiles/tinyusb_host_cdc_msc_hid.dir/home/vboxuser/pico/pico-sdk/lib/tinyusb/src/class/cdc/cdc_host.c.obj
                0x100070b4                cdch_open
 .text.cdch_set_config
                0x100071f0       0x68 CMakeFiles/tinyusb_host_cdc_msc_hid.dir/home/vboxuser/pico/pico-sdk/lib/tinyusb/src/class/cdc/cdc_host.c.obj
                0x100071f0                cdch_set_config
 .text.process_set_config
                0x10007258      0x248 CMakeFiles/tinyusb_host_cdc_msc_hid.dir/home/vboxuser/pico/pico-sdk/lib/tinyusb/src/class/hid/hid_host.c.obj
 .text.tuh_hid_interface_protocol
                0x100074a0       0x20 CMakeFiles/tinyusb_host_cdc_msc_hid.dir/home/vboxuser/pico/pico-sdk/lib/tinyusb/src/class/hid/hid_host.c.obj
                0x100074a0                tuh_hid_interface_protocol
 .text.tuh_hid_receive_report
                0x100074c0       0x6c CMakeFiles/tinyusb_host_cdc_msc_hid.dir/home/vboxuser/pico/pico-sdk/lib/tinyusb/src/class/hid/hid_host.c.obj
                0x100074c0                tuh_hid_receive_report
 .text.hidh_init
                0x1000752c       0x18 CMakeFiles/tinyusb_host_cdc_msc_hid.dir/home/vboxuser/pico/pico-sdk/lib/tinyusb/src/class/hid/hid_host.c.obj
                0x1000752c                hidh_init
 .text.hidh_xfer_cb
                0x10007544       0xe4 CMakeFiles/tinyusb_host_cdc_msc_hid.dir/home/vboxuser/pico/pico-sdk/lib/tinyusb/src/class/hid/hid_host.c.obj
                0x10007544                hidh_xfer_cb
 .text.hidh_close
                0x10007628       0x5c CMakeFiles/tinyusb_host_cdc_msc_hid.dir/home/vboxuser/pico/pico-sdk/lib/tinyusb/src/class/hid/hid_host.c.obj
                0x10007628                hidh_close
 .text.hidh_open
                0x10007684      0x138 CMakeFiles/tinyusb_host_cdc_msc_hid.dir/home/vboxuser/pico/pico-sdk/lib/tinyusb/src/class/hid/hid_host.c.obj
                0x10007684                hidh_open
 .text.hidh_set_config
                0x100077bc      0x118 CMakeFiles/tinyusb_host_cdc_msc_hid.dir/home/vboxuser/pico/pico-sdk/lib/tinyusb/src/class/hid/hid_host.c.obj
                0x100077bc                hidh_set_config
 .text.tuh_hid_parse_report_descriptor
                0x100078d4       0xcc CMakeFiles/tinyusb_host_cdc_msc_hid.dir/home/vboxuser/pico/pico-sdk/lib/tinyusb/src/class/hid/hid_host.c.obj
                0x100078d4                tuh_hid_parse_report_descriptor
 .text.config_read_capacity_complete
                0x100079a0       0x6c CMakeFiles/tinyusb_host_cdc_msc_hid.dir/home/vboxuser/pico/pico-sdk/lib/tinyusb/src/class/msc/msc_host.c.obj
 .text.config_get_maxlun_complete
                0x10007a0c       0xb0 CMakeFiles/tinyusb_host_cdc_msc_hid.dir/home/vboxuser/pico/pico-sdk/lib/tinyusb/src/class/msc/msc_host.c.obj
 .text.config_request_sense_complete
                0x10007abc       0xc0 CMakeFiles/tinyusb_host_cdc_msc_hid.dir/home/vboxuser/pico/pico-sdk/lib/tinyusb/src/class/msc/msc_host.c.obj
 .text.config_test_unit_ready_complete
                0x10007b7c      0x15c CMakeFiles/tinyusb_host_cdc_msc_hid.dir/home/vboxuser/pico/pico-sdk/lib/tinyusb/src/class/msc/msc_host.c.obj
 .text.tuh_msc_get_block_count
                0x10007cd8       0x18 CMakeFiles/tinyusb_host_cdc_msc_hid.dir/home/vboxuser/pico/pico-sdk/lib/tinyusb/src/class/msc/msc_host.c.obj
                0x10007cd8                tuh_msc_get_block_count
 .text.tuh_msc_get_block_size
                0x10007cf0       0x18 CMakeFiles/tinyusb_host_cdc_msc_hid.dir/home/vboxuser/pico/pico-sdk/lib/tinyusb/src/class/msc/msc_host.c.obj
                0x10007cf0                tuh_msc_get_block_size
 .text.tuh_msc_inquiry
                0x10007d08       0xc8 CMakeFiles/tinyusb_host_cdc_msc_hid.dir/home/vboxuser/pico/pico-sdk/lib/tinyusb/src/class/msc/msc_host.c.obj
                0x10007d08                tuh_msc_inquiry
 .text.msch_init
                0x10007dd0       0x14 CMakeFiles/tinyusb_host_cdc_msc_hid.dir/home/vboxuser/pico/pico-sdk/lib/tinyusb/src/class/msc/msc_host.c.obj
                0x10007dd0                msch_init
 .text.msch_close
                0x10007de4       0x38 CMakeFiles/tinyusb_host_cdc_msc_hid.dir/home/vboxuser/pico/pico-sdk/lib/tinyusb/src/class/msc/msc_host.c.obj
                0x10007de4                msch_close
 .text.msch_xfer_cb
                0x10007e1c       0xe0 CMakeFiles/tinyusb_host_cdc_msc_hid.dir/home/vboxuser/pico/pico-sdk/lib/tinyusb/src/class/msc/msc_host.c.obj
                0x10007e1c                msch_xfer_cb
 .text.msch_open
                0x10007efc       0xc0 CMakeFiles/tinyusb_host_cdc_msc_hid.dir/home/vboxuser/pico/pico-sdk/lib/tinyusb/src/class/msc/msc_host.c.obj
                0x10007efc                msch_open
 .text.msch_set_config
                0x10007fbc       0x5c CMakeFiles/tinyusb_host_cdc_msc_hid.dir/home/vboxuser/pico/pico-sdk/lib/tinyusb/src/class/msc/msc_host.c.obj
                0x10007fbc                msch_set_config
 .text.tusb_inited
                0x10008018        0x8 CMakeFiles/tinyusb_host_cdc_msc_hid.dir/home/vboxuser/pico/pico-sdk/lib/tinyusb/src/tusb.c.obj
                0x10008018                tusb_inited
 .text.tu_edpt_claim
                0x10008020       0x50 CMakeFiles/tinyusb_host_cdc_msc_hid.dir/home/vboxuser/pico/pico-sdk/lib/tinyusb/src/tusb.c.obj
                0x10008020                tu_edpt_claim
 .text.tu_edpt_release
                0x10008070       0x38 CMakeFiles/tinyusb_host_cdc_msc_hid.dir/home/vboxuser/pico/pico-sdk/lib/tinyusb/src/tusb.c.obj
                0x10008070                tu_edpt_release
 .text.tu_edpt_validate
                0x100080a8       0x7c CMakeFiles/tinyusb_host_cdc_msc_hid.dir/home/vboxuser/pico/pico-sdk/lib/tinyusb/src/tusb.c.obj
                0x100080a8                tu_edpt_validate
 .text.tu_edpt_bind_driver
                0x10008124       0x34 CMakeFiles/tinyusb_host_cdc_msc_hid.dir/home/vboxuser/pico/pico-sdk/lib/tinyusb/src/tusb.c.obj
                0x10008124                tu_edpt_bind_driver
 .text.tu_desc_get_interface_total_len
                0x10008158       0x4c CMakeFiles/tinyusb_host_cdc_msc_hid.dir/home/vboxuser/pico/pico-sdk/lib/tinyusb/src/tusb.c.obj
                0x10008158                tu_desc_get_interface_total_len
 .text.tu_edpt_stream_init
                0x100081a4       0x6c CMakeFiles/tinyusb_host_cdc_msc_hid.dir/home/vboxuser/pico/pico-sdk/lib/tinyusb/src/tusb.c.obj
                0x100081a4                tu_edpt_stream_init
 .text.tu_edpt_stream_write_zlp_if_needed
                0x10008210       0x54 CMakeFiles/tinyusb_host_cdc_msc_hid.dir/home/vboxuser/pico/pico-sdk/lib/tinyusb/src/tusb.c.obj
                0x10008210                tu_edpt_stream_write_zlp_if_needed
 .text.tu_edpt_stream_write_xfer
                0x10008264       0x68 CMakeFiles/tinyusb_host_cdc_msc_hid.dir/home/vboxuser/pico/pico-sdk/lib/tinyusb/src/tusb.c.obj
                0x10008264                tu_edpt_stream_write_xfer
 .text.tu_edpt_stream_write
                0x100082cc       0x34 CMakeFiles/tinyusb_host_cdc_msc_hid.dir/home/vboxuser/pico/pico-sdk/lib/tinyusb/src/tusb.c.obj
                0x100082cc                tu_edpt_stream_write
 .text.tu_edpt_stream_read_xfer
                0x10008300       0x84 CMakeFiles/tinyusb_host_cdc_msc_hid.dir/home/vboxuser/pico/pico-sdk/lib/tinyusb/src/tusb.c.obj
                0x10008300                tu_edpt_stream_read_xfer
 .text.tu_edpt_stream_read
                0x10008384       0x84 CMakeFiles/tinyusb_host_cdc_msc_hid.dir/home/vboxuser/pico/pico-sdk/lib/tinyusb/src/tusb.c.obj
                0x10008384                tu_edpt_stream_read
 .text.tu_fifo_config
                0x10008408       0x6c CMakeFiles/tinyusb_host_cdc_msc_hid.dir/home/vboxuser/pico/pico-sdk/lib/tinyusb/src/common/tusb_fifo.c.obj
                0x10008408                tu_fifo_config
 .text.tu_fifo_count
                0x10008474       0x2c CMakeFiles/tinyusb_host_cdc_msc_hid.dir/home/vboxuser/pico/pico-sdk/lib/tinyusb/src/common/tusb_fifo.c.obj
                0x10008474                tu_fifo_count
 .text.tu_fifo_remaining
                0x100084a0       0x2c CMakeFiles/tinyusb_host_cdc_msc_hid.dir/home/vboxuser/pico/pico-sdk/lib/tinyusb/src/common/tusb_fifo.c.obj
                0x100084a0                tu_fifo_remaining
 .text.tu_fifo_read
                0x100084cc       0x9c CMakeFiles/tinyusb_host_cdc_msc_hid.dir/home/vboxuser/pico/pico-sdk/lib/tinyusb/src/common/tusb_fifo.c.obj
                0x100084cc                tu_fifo_read
 .text.tu_fifo_read_n
                0x10008568       0xe8 CMakeFiles/tinyusb_host_cdc_msc_hid.dir/home/vboxuser/pico/pico-sdk/lib/tinyusb/src/common/tusb_fifo.c.obj
                0x10008568                tu_fifo_read_n
 .text.tu_fifo_write
                0x10008650       0x88 CMakeFiles/tinyusb_host_cdc_msc_hid.dir/home/vboxuser/pico/pico-sdk/lib/tinyusb/src/common/tusb_fifo.c.obj
                0x10008650                tu_fifo_write
 .text.tu_fifo_write_n
                0x100086d8      0x170 CMakeFiles/tinyusb_host_cdc_msc_hid.dir/home/vboxuser/pico/pico-sdk/lib/tinyusb/src/common/tusb_fifo.c.obj
                0x100086d8                tu_fifo_write_n
 .text.tu_fifo_clear
                0x10008848       0x40 CMakeFiles/tinyusb_host_cdc_msc_hid.dir/home/vboxuser/pico/pico-sdk/lib/tinyusb/src/common/tusb_fifo.c.obj
                0x10008848                tu_fifo_clear
 .text          0x10008888      0x1c0 /usr/lib/gcc/arm-none-eabi/12.2.1/../../../arm-none-eabi/lib/thumb/v6-m/nofp/libc.a(lib_a-fflush.o)
                0x10008888                __sflush_r
                0x100089c8                _fflush_r
                0x100089f4                fflush
 .text          0x10008a48      0x248 /usr/lib/gcc/arm-none-eabi/12.2.1/../../../arm-none-eabi/lib/thumb/v6-m/nofp/libc.a(lib_a-findfp.o)
                0x10008a4c                _cleanup_r
                0x10008b48                __sfmoreglue
                0x10008b78                __sfp
                0x10008c28                _cleanup
                0x10008c40                __sinit
                0x10008c50                __sfp_lock_acquire
                0x10008c54                __sfp_lock_release
                0x10008c58                __sinit_lock_acquire
                0x10008c5c                __sinit_lock_release
                0x10008c60                __fp_lock_all
                0x10008c78                __fp_unlock_all
 .text          0x10008c90      0x260 /usr/lib/gcc/arm-none-eabi/12.2.1/../../../arm-none-eabi/lib/thumb/v6-m/nofp/libc.a(lib_a-freer.o)
                0x10008c90                _malloc_trim_r
                0x10008d2c                _free_r
 .text          0x10008ef0       0x88 /usr/lib/gcc/arm-none-eabi/12.2.1/../../../arm-none-eabi/lib/thumb/v6-m/nofp/libc.a(lib_a-fwalk.o)
                0x10008ef0                _fwalk
                0x10008f30                _fwalk_reent
 .text          0x10008f78      0x574 /usr/lib/gcc/arm-none-eabi/12.2.1/../../../arm-none-eabi/lib/thumb/v6-m/nofp/libc.a(lib_a-mallocr.o)
                0x10008f78                _malloc_r
 .text          0x100094ec        0x8 /usr/lib/gcc/arm-none-eabi/12.2.1/../../../arm-none-eabi/lib/thumb/v6-m/nofp/libc.a(lib_a-mlock.o)
                0x100094ec                __malloc_lock
                0x100094f0                __malloc_unlock
 .text          0x100094f4       0x24 /usr/lib/gcc/arm-none-eabi/12.2.1/../../../arm-none-eabi/lib/thumb/v6-m/nofp/libc.a(lib_a-sbrkr.o)
                0x100094f4                _sbrk_r
 .text          0x10009518       0xa4 /usr/lib/gcc/arm-none-eabi/12.2.1/../../../arm-none-eabi/lib/thumb/v6-m/nofp/libc.a(lib_a-stdio.o)
                0x10009518                __sread
                0x10009540                __seofread
                0x10009544                __swrite
                0x10009584                __sseek
                0x100095b0                __sclose
 .text          0x100095bc       0x5c /usr/lib/gcc/arm-none-eabi/12.2.1/../../../arm-none-eabi/lib/thumb/v6-m/nofp/libc.a(lib_a-strlen-stub.o)
                0x100095bc                strlen
 .text          0x10009618       0x28 /usr/lib/gcc/arm-none-eabi/12.2.1/../../../arm-none-eabi/lib/thumb/v6-m/nofp/libc.a(lib_a-writer.o)
                0x10009618                _write_r
 .text          0x10009640       0x24 /usr/lib/gcc/arm-none-eabi/12.2.1/../../../arm-none-eabi/lib/thumb/v6-m/nofp/libc.a(lib_a-closer.o)
                0x10009640                _close_r
 .text          0x10009664       0xe8 /usr/lib/gcc/arm-none-eabi/12.2.1/../../../arm-none-eabi/lib/thumb/v6-m/nofp/libc.a(lib_a-fclose.o)
                0x100096d4                _fclose_r
                0x1000970c                fclose
 .text          0x1000974c       0x28 /usr/lib/gcc/arm-none-eabi/12.2.1/../../../arm-none-eabi/lib/thumb/v6-m/nofp/libc.a(lib_a-lseekr.o)
                0x1000974c                _lseek_r
 .text          0x10009774       0x28 /usr/lib/gcc/arm-none-eabi/12.2.1/../../../arm-none-eabi/lib/thumb/v6-m/nofp/libc.a(lib_a-readr.o)
                0x10009774                _read_r
 *(.fini)
 .fini          0x1000979c        0x4 /usr/lib/gcc/arm-none-eabi/12.2.1/thumb/v6-m/nofp/crti.o
                0x1000979c                _fini
 .fini.__stub   0x100097a0       0xa0 linker stubs
 *crtbegin.o(.ctors)
 *crtbegin?.o(.ctors)
 *(EXCLUDE_FILE(*crtend.o *crtend?.o) .ctors)
 *(SORT_BY_NAME(.ctors.*))
 *(.ctors)
 *crtbegin.o(.dtors)
 *crtbegin?.o(.dtors)
 *(EXCLUDE_FILE(*crtend.o *crtend?.o) .dtors)
 *(SORT_BY_NAME(.dtors.*))
 *(.dtors)
 *(.eh_frame*)
 .eh_frame      0x10009840        0x0 /usr/lib/gcc/arm-none-eabi/12.2.1/thumb/v6-m/nofp/crtbegin.o
                0x10009840                        . = ALIGN (0x4)

.glue_7         0x10009840        0x0
 .glue_7        0x10009840        0x0 linker stubs

.glue_7t        0x10009840        0x0
 .glue_7t       0x10009840        0x0 linker stubs

.vfp11_veneer   0x10009840        0x0
 .vfp11_veneer  0x10009840        0x0 linker stubs

.v4_bx          0x10009840        0x0
 .v4_bx         0x10009840        0x0 linker stubs

.iplt           0x10009840        0x0
 .iplt          0x10009840        0x0 /usr/lib/gcc/arm-none-eabi/12.2.1/thumb/v6-m/nofp/crtbegin.o

.rodata         0x10009840      0x890
 *(EXCLUDE_FILE(*libm.a: *libc.a:*lib_a-mem*.o *libgcc.a:) .rodata*)
 .rodata.tuh_cdc_mount_cb.str1.4
                0x10009840       0x7d CMakeFiles/tinyusb_host_cdc_msc_hid.dir/src/cdc_app.c.obj
 *fill*         0x100098bd        0x3 
 .rodata.tuh_cdc_umount_cb.str1.4
                0x100098c0       0x39 CMakeFiles/tinyusb_host_cdc_msc_hid.dir/src/cdc_app.c.obj
 *fill*         0x100098f9        0x3 
 .rodata.tuh_hid_mount_cb.str1.4
                0x100098fc       0x95 CMakeFiles/tinyusb_host_cdc_msc_hid.dir/src/hid_app.c.obj
 *fill*         0x10009991        0x3 
 .rodata.tuh_hid_umount_cb.str1.4
                0x10009994       0x36 CMakeFiles/tinyusb_host_cdc_msc_hid.dir/src/hid_app.c.obj
 *fill*         0x100099ca        0x2 
 .rodata.tuh_hid_report_received_cb.str1.4
                0x100099cc       0x4d CMakeFiles/tinyusb_host_cdc_msc_hid.dir/src/hid_app.c.obj
 *fill*         0x10009a19        0x3 
 .rodata.str1.4
                0x10009a1c       0x1a CMakeFiles/tinyusb_host_cdc_msc_hid.dir/src/hid_app.c.obj
 *fill*         0x10009a36        0x2 
 .rodata.keycode2ascii
                0x10009a38      0x100 CMakeFiles/tinyusb_host_cdc_msc_hid.dir/src/hid_app.c.obj
 .rodata        0x10009b38        0xc CMakeFiles/tinyusb_host_cdc_msc_hid.dir/src/hid_app.c.obj
 .rodata.main.str1.4
                0x10009b44       0x22 CMakeFiles/tinyusb_host_cdc_msc_hid.dir/src/main.c.obj
 *fill*         0x10009b66        0x2 
 .rodata.tuh_mount_cb.str1.4
                0x10009b68       0x26 CMakeFiles/tinyusb_host_cdc_msc_hid.dir/src/main.c.obj
 *fill*         0x10009b8e        0x2 
 .rodata.tuh_umount_cb.str1.4
                0x10009b90       0x29 CMakeFiles/tinyusb_host_cdc_msc_hid.dir/src/main.c.obj
 *fill*         0x10009bb9        0x3 
 .rodata.inquiry_complete_cb.str1.4
                0x10009bbc       0x61 CMakeFiles/tinyusb_host_cdc_msc_hid.dir/src/msc_app.c.obj
 *fill*         0x10009c1d        0x3 
 .rodata.tuh_msc_mount_cb.str1.4
                0x10009c20       0x21 CMakeFiles/tinyusb_host_cdc_msc_hid.dir/src/msc_app.c.obj
 *fill*         0x10009c41        0x3 
 .rodata.tuh_msc_umount_cb.str1.4
                0x10009c44       0x23 CMakeFiles/tinyusb_host_cdc_msc_hid.dir/src/msc_app.c.obj
 *fill*         0x10009c67        0x1 
 .rodata.spin_lock_claim_unused.str1.4
                0x10009c68       0x1b CMakeFiles/tinyusb_host_cdc_msc_hid.dir/home/vboxuser/pico/pico-sdk/src/rp2_common/hardware_sync/sync.c.obj
 *fill*         0x10009c83        0x5 
 .rodata.at_the_end_of_time
                0x10009c88        0x8 CMakeFiles/tinyusb_host_cdc_msc_hid.dir/home/vboxuser/pico/pico-sdk/src/common/pico_time/time.c.obj
                0x10009c88                at_the_end_of_time
 .rodata.hardware_alarm_claim.str1.4
                0x10009c90       0x22 CMakeFiles/tinyusb_host_cdc_msc_hid.dir/home/vboxuser/pico/pico-sdk/src/rp2_common/hardware_timer/timer.c.obj
 *fill*         0x10009cb2        0x2 
 .rodata.panic.str1.4
                0x10009cb4       0x10 CMakeFiles/tinyusb_host_cdc_msc_hid.dir/home/vboxuser/pico/pico-sdk/src/rp2_common/pico_runtime/runtime.c.obj
                                 0x12 (size before relaxing)
 .rodata.hard_assertion_failure.str1.4
                0x10009cc4        0xc CMakeFiles/tinyusb_host_cdc_msc_hid.dir/home/vboxuser/pico/pico-sdk/src/rp2_common/pico_runtime/runtime.c.obj
 .rodata._ftoa.str1.4
                0x10009cd0       0x15 CMakeFiles/tinyusb_host_cdc_msc_hid.dir/home/vboxuser/pico/pico-sdk/src/rp2_common/pico_printf/printf.c.obj
 *fill*         0x10009ce5        0x3 
 .rodata._vsnprintf
                0x10009ce8      0x19c CMakeFiles/tinyusb_host_cdc_msc_hid.dir/home/vboxuser/pico/pico-sdk/src/rp2_common/pico_printf/printf.c.obj
 *fill*         0x10009e84        0x4 
 .rodata.pow10.0
                0x10009e88       0x50 CMakeFiles/tinyusb_host_cdc_msc_hid.dir/home/vboxuser/pico/pico-sdk/src/rp2_common/pico_printf/printf.c.obj
 .rodata.missing_double_func_shim.str1.4
                0x10009ed8       0x18 CMakeFiles/tinyusb_host_cdc_msc_hid.dir/home/vboxuser/pico/pico-sdk/src/rp2_common/pico_double/double_init_rom.c.obj
 .rodata.missing_float_func_shim.str1.4
                0x10009ef0       0x18 CMakeFiles/tinyusb_host_cdc_msc_hid.dir/home/vboxuser/pico/pico-sdk/src/rp2_common/pico_float/float_init_rom.c.obj
                                  0x1 (size before relaxing)
 .rodata.str1.4
                0x10009ef0       0x58 CMakeFiles/tinyusb_host_cdc_msc_hid.dir/home/vboxuser/pico/pico-sdk/src/rp2_common/pico_standard_link/binary_info.c.obj
 .rodata.__bi_81
                0x10009f48        0xc CMakeFiles/tinyusb_host_cdc_msc_hid.dir/home/vboxuser/pico/pico-sdk/src/rp2_common/pico_standard_link/binary_info.c.obj
 .rodata.__bi_75
                0x10009f54        0xc CMakeFiles/tinyusb_host_cdc_msc_hid.dir/home/vboxuser/pico/pico-sdk/src/rp2_common/pico_standard_link/binary_info.c.obj
 .rodata.__bi_44
                0x10009f60        0xc CMakeFiles/tinyusb_host_cdc_msc_hid.dir/home/vboxuser/pico/pico-sdk/src/rp2_common/pico_standard_link/binary_info.c.obj
 .rodata.crlf_str.0
                0x10009f6c        0x2 CMakeFiles/tinyusb_host_cdc_msc_hid.dir/home/vboxuser/pico/pico-sdk/src/rp2_common/pico_stdio/stdio.c.obj
 *fill*         0x10009f6e        0x2 
 .rodata.str1.4
                0x10009f70       0x18 CMakeFiles/tinyusb_host_cdc_msc_hid.dir/home/vboxuser/pico/pico-sdk/src/rp2_common/pico_bootsel_via_double_reset/pico_bootsel_via_double_reset.c.obj
 .rodata.__bi_35
                0x10009f88        0xc CMakeFiles/tinyusb_host_cdc_msc_hid.dir/home/vboxuser/pico/pico-sdk/src/rp2_common/pico_bootsel_via_double_reset/pico_bootsel_via_double_reset.c.obj
 .rodata.__bi_152.0
                0x10009f94        0x8 CMakeFiles/tinyusb_host_cdc_msc_hid.dir/home/vboxuser/pico/pico-sdk/lib/tinyusb/hw/bsp/rp2040/family.c.obj
 .rodata.str1.4
                0x10009f9c       0x40 CMakeFiles/tinyusb_host_cdc_msc_hid.dir/home/vboxuser/pico/pico-sdk/lib/tinyusb/src/portable/raspberrypi/rp2040/hcd_rp2040.c.obj
 .rodata.hcd_port_speed_get.str1.4
                0x10009fdc        0xf CMakeFiles/tinyusb_host_cdc_msc_hid.dir/home/vboxuser/pico/pico-sdk/lib/tinyusb/src/portable/raspberrypi/rp2040/hcd_rp2040.c.obj
 *fill*         0x10009feb        0x1 
 .rodata.str1.4
                0x10009fec       0x53 CMakeFiles/tinyusb_host_cdc_msc_hid.dir/home/vboxuser/pico/pico-sdk/lib/tinyusb/src/portable/raspberrypi/rp2040/rp2040_usb.c.obj
 *fill*         0x1000a03f        0x1 
 .rodata.process_enumeration
                0x1000a040       0x34 CMakeFiles/tinyusb_host_cdc_msc_hid.dir/home/vboxuser/pico/pico-sdk/lib/tinyusb/src/host/usbh.c.obj
 .rodata.usbh_class_drivers
                0x1000a074       0x50 CMakeFiles/tinyusb_host_cdc_msc_hid.dir/home/vboxuser/pico/pico-sdk/lib/tinyusb/src/host/usbh.c.obj
 .rodata        0x1000a0c4        0x8 CMakeFiles/tinyusb_host_cdc_msc_hid.dir/home/vboxuser/pico/pico-sdk/lib/tinyusb/src/host/hub.c.obj
 .rodata        0x1000a0cc        0x4 /usr/lib/gcc/arm-none-eabi/12.2.1/../../../arm-none-eabi/lib/thumb/v6-m/nofp/libc.a(lib_a-impure.o)
                0x1000a0cc                _global_impure_ptr
                0x1000a0d0                        . = ALIGN (0x4)
 *(SORT_BY_ALIGNMENT(SORT_BY_NAME(.flashdata*)))
                0x1000a0d0                        . = ALIGN (0x4)

.ARM.extab
 *(.ARM.extab* .gnu.linkonce.armextab.*)
                0x1000a0d0                        __exidx_start = .

.ARM.exidx
 *(.ARM.exidx* .gnu.linkonce.armexidx.*)
                0x1000a0d0                        __exidx_end = .
                0x1000a0d0                        . = ALIGN (0x4)
                0x1000a0d0                        __binary_info_start = .

.binary_info    0x1000a0d0       0x24
 *(.binary_info.keep.*)
 .binary_info.keep.__bi_ptr81
                0x1000a0d0        0x4 CMakeFiles/tinyusb_host_cdc_msc_hid.dir/home/vboxuser/pico/pico-sdk/src/rp2_common/pico_standard_link/binary_info.c.obj
 .binary_info.keep.__bi_ptr75
                0x1000a0d4        0x4 CMakeFiles/tinyusb_host_cdc_msc_hid.dir/home/vboxuser/pico/pico-sdk/src/rp2_common/pico_standard_link/binary_info.c.obj
 .binary_info.keep.__bi_ptr50
                0x1000a0d8        0x4 CMakeFiles/tinyusb_host_cdc_msc_hid.dir/home/vboxuser/pico/pico-sdk/src/rp2_common/pico_standard_link/binary_info.c.obj
 .binary_info.keep.__bi_ptr44
                0x1000a0dc        0x4 CMakeFiles/tinyusb_host_cdc_msc_hid.dir/home/vboxuser/pico/pico-sdk/src/rp2_common/pico_standard_link/binary_info.c.obj
 .binary_info.keep.__bi_ptr38
                0x1000a0e0        0x4 CMakeFiles/tinyusb_host_cdc_msc_hid.dir/home/vboxuser/pico/pico-sdk/src/rp2_common/pico_standard_link/binary_info.c.obj
 .binary_info.keep.__bi_ptr30
                0x1000a0e4        0x4 CMakeFiles/tinyusb_host_cdc_msc_hid.dir/home/vboxuser/pico/pico-sdk/src/rp2_common/pico_standard_link/binary_info.c.obj
 .binary_info.keep.__bi_ptr22
                0x1000a0e8        0x4 CMakeFiles/tinyusb_host_cdc_msc_hid.dir/home/vboxuser/pico/pico-sdk/src/rp2_common/pico_standard_link/binary_info.c.obj
 .binary_info.keep.__bi_ptr35
                0x1000a0ec        0x4 CMakeFiles/tinyusb_host_cdc_msc_hid.dir/home/vboxuser/pico/pico-sdk/src/rp2_common/pico_bootsel_via_double_reset/pico_bootsel_via_double_reset.c.obj
 .binary_info.keep.__bi_ptr152
                0x1000a0f0        0x4 CMakeFiles/tinyusb_host_cdc_msc_hid.dir/home/vboxuser/pico/pico-sdk/lib/tinyusb/hw/bsp/rp2040/family.c.obj
 *(.binary_info.*)
                0x1000a0f4                        __binary_info_end = .

.rel.dyn        0x1000a0f4        0x0
 .rel.iplt      0x1000a0f4        0x0 /usr/lib/gcc/arm-none-eabi/12.2.1/thumb/v6-m/nofp/crtbegin.o
                0x1000a0f4                        . = ALIGN (0x4)

.ram_vector_table
                0x20000000       0xc0
 *(.ram_vector_table)
 .ram_vector_table
                0x20000000       0xc0 CMakeFiles/tinyusb_host_cdc_msc_hid.dir/home/vboxuser/pico/pico-sdk/src/rp2_common/pico_runtime/runtime.c.obj
                0x20000000                ram_vector_table

.data           0x200000c0     0x1020 load address 0x1000a0f4
                0x200000c0                        __data_start__ = .
 *(vtable)
 *(.time_critical*)
 .time_critical.mutex_try_enter_block_until
                0x200000c0       0x9c CMakeFiles/tinyusb_host_cdc_msc_hid.dir/home/vboxuser/pico/pico-sdk/src/common/pico_sync/mutex.c.obj
                0x200000c0                mutex_try_enter_block_until
 .time_critical.mutex_enter_timeout_ms
                0x2000015c       0x90 CMakeFiles/tinyusb_host_cdc_msc_hid.dir/home/vboxuser/pico/pico-sdk/src/common/pico_sync/mutex.c.obj
                0x2000015c                mutex_enter_timeout_ms
 .time_critical.mutex_exit
                0x200001ec       0x28 CMakeFiles/tinyusb_host_cdc_msc_hid.dir/home/vboxuser/pico/pico-sdk/src/common/pico_sync/mutex.c.obj
                0x200001ec                mutex_exit
 .time_critical.hw_xfer_complete
                0x20000214       0x40 CMakeFiles/tinyusb_host_cdc_msc_hid.dir/home/vboxuser/pico/pico-sdk/lib/tinyusb/src/portable/raspberrypi/rp2040/hcd_rp2040.c.obj
 .time_critical.hw_trans_complete
                0x20000254       0x20 CMakeFiles/tinyusb_host_cdc_msc_hid.dir/home/vboxuser/pico/pico-sdk/lib/tinyusb/src/portable/raspberrypi/rp2040/hcd_rp2040.c.obj
 .time_critical._handle_buff_status_bit
                0x20000274       0x24 CMakeFiles/tinyusb_host_cdc_msc_hid.dir/home/vboxuser/pico/pico-sdk/lib/tinyusb/src/portable/raspberrypi/rp2040/hcd_rp2040.c.obj
 .time_critical.hw_handle_buff_status
                0x20000298       0x80 CMakeFiles/tinyusb_host_cdc_msc_hid.dir/home/vboxuser/pico/pico-sdk/lib/tinyusb/src/portable/raspberrypi/rp2040/hcd_rp2040.c.obj
 .time_critical.hcd_rp2040_irq
                0x20000318      0x190 CMakeFiles/tinyusb_host_cdc_msc_hid.dir/home/vboxuser/pico/pico-sdk/lib/tinyusb/src/portable/raspberrypi/rp2040/hcd_rp2040.c.obj
 .time_critical.e15_is_bulkin_ep
                0x200004a8       0x28 CMakeFiles/tinyusb_host_cdc_msc_hid.dir/home/vboxuser/pico/pico-sdk/lib/tinyusb/src/portable/raspberrypi/rp2040/rp2040_usb.c.obj
 .time_critical.e15_is_critical_frame_period
                0x200004d0       0x34 CMakeFiles/tinyusb_host_cdc_msc_hid.dir/home/vboxuser/pico/pico-sdk/lib/tinyusb/src/portable/raspberrypi/rp2040/rp2040_usb.c.obj
 .time_critical.prepare_ep_buffer
                0x20000504       0x6c CMakeFiles/tinyusb_host_cdc_msc_hid.dir/home/vboxuser/pico/pico-sdk/lib/tinyusb/src/portable/raspberrypi/rp2040/rp2040_usb.c.obj
 .time_critical.sync_ep_buffer
                0x20000570       0x48 CMakeFiles/tinyusb_host_cdc_msc_hid.dir/home/vboxuser/pico/pico-sdk/lib/tinyusb/src/portable/raspberrypi/rp2040/rp2040_usb.c.obj
 .time_critical._hw_endpoint_xfer_sync
                0x200005b8       0x28 CMakeFiles/tinyusb_host_cdc_msc_hid.dir/home/vboxuser/pico/pico-sdk/lib/tinyusb/src/portable/raspberrypi/rp2040/rp2040_usb.c.obj
 .time_critical.hw_endpoint_reset_transfer
                0x200005e0        0xc CMakeFiles/tinyusb_host_cdc_msc_hid.dir/home/vboxuser/pico/pico-sdk/lib/tinyusb/src/portable/raspberrypi/rp2040/rp2040_usb.c.obj
                0x200005e0                hw_endpoint_reset_transfer
 .time_critical._hw_endpoint_buffer_control_update32
                0x200005ec       0x4c CMakeFiles/tinyusb_host_cdc_msc_hid.dir/home/vboxuser/pico/pico-sdk/lib/tinyusb/src/portable/raspberrypi/rp2040/rp2040_usb.c.obj
                0x200005ec                _hw_endpoint_buffer_control_update32
 .time_critical.hw_endpoint_start_next_buffer
                0x20000638       0x6c CMakeFiles/tinyusb_host_cdc_msc_hid.dir/home/vboxuser/pico/pico-sdk/lib/tinyusb/src/portable/raspberrypi/rp2040/rp2040_usb.c.obj
                0x20000638                hw_endpoint_start_next_buffer
 .time_critical.hw_endpoint_xfer_continue
                0x200006a4       0x50 CMakeFiles/tinyusb_host_cdc_msc_hid.dir/home/vboxuser/pico/pico-sdk/lib/tinyusb/src/portable/raspberrypi/rp2040/rp2040_usb.c.obj
                0x200006a4                hw_endpoint_xfer_continue
 .time_critical.tinyusb
                0x200006f4       0x38 CMakeFiles/tinyusb_host_cdc_msc_hid.dir/home/vboxuser/pico/pico-sdk/lib/tinyusb/src/host/usbh.c.obj
                0x200006f4                hcd_event_handler
 *(.text*)
 .text          0x2000072c        0x4 /usr/lib/gcc/arm-none-eabi/12.2.1/thumb/v6-m/nofp/libgcc.a(_dvmd_tls.o)
                0x2000072c                __aeabi_ldiv0
                0x2000072c                __aeabi_idiv0
 .text.__stub   0x20000730       0x70 linker stubs
                0x200007a0                        . = ALIGN (0x4)
 *(.rodata*)
                0x200007a0                        . = ALIGN (0x4)
 *(.data*)
 .data.striped_spin_lock_num
                0x200007a0        0x1 CMakeFiles/tinyusb_host_cdc_msc_hid.dir/home/vboxuser/pico/pico-sdk/src/rp2_common/hardware_sync/sync.c.obj
 *fill*         0x200007a1        0x3 
 .data          0x200007a4       0x48 CMakeFiles/tinyusb_host_cdc_msc_hid.dir/home/vboxuser/pico/pico-sdk/src/rp2_common/hardware_irq/irq_handler_chain.S.obj
                0x200007a4                irq_handler_chain_slots
                0x200007d4                irq_handler_chain_first_slot
                0x200007de                irq_handler_chain_remove_tail
 .data.default_alarm_pool
                0x200007ec       0x18 CMakeFiles/tinyusb_host_cdc_msc_hid.dir/home/vboxuser/pico/pico-sdk/src/common/pico_time/time.c.obj
 .data.default_alarm_pool_heap
                0x20000804       0x10 CMakeFiles/tinyusb_host_cdc_msc_hid.dir/home/vboxuser/pico/pico-sdk/src/common/pico_time/time.c.obj
 *fill*         0x20000814        0xc 
 .data.aeabi_bits_funcs
                0x20000820       0x10 CMakeFiles/tinyusb_host_cdc_msc_hid.dir/home/vboxuser/pico/pico-sdk/src/rp2_common/pico_bit_ops/bit_ops_aeabi.S.obj
                0x20000820                aeabi_bits_funcs
                0x20000830                aeabi_bits_funcs_end
 .data.aeabi_mem_funcs
                0x20000830       0x10 CMakeFiles/tinyusb_host_cdc_msc_hid.dir/home/vboxuser/pico/pico-sdk/src/rp2_common/pico_mem_ops/mem_ops_aeabi.S.obj
                0x20000830                aeabi_mem_funcs
                0x20000840                aeabi_mem_funcs_end
 .data.stdio_uart
                0x20000840       0x18 CMakeFiles/tinyusb_host_cdc_msc_hid.dir/home/vboxuser/pico/pico-sdk/src/rp2_common/pico_stdio_uart/stdio_uart.c.obj
                0x20000840                stdio_uart
 .data.ep_dir_string
                0x20000858        0x8 CMakeFiles/tinyusb_host_cdc_msc_hid.dir/home/vboxuser/pico/pico-sdk/lib/tinyusb/src/portable/raspberrypi/rp2040/rp2040_usb.c.obj
                0x20000858                ep_dir_string
 .data._usbh_qdef
                0x20000860       0x1c CMakeFiles/tinyusb_host_cdc_msc_hid.dir/home/vboxuser/pico/pico-sdk/lib/tinyusb/src/host/usbh.c.obj
                0x20000860                _usbh_qdef
 .data._usbh_controller
                0x2000087c        0x1 CMakeFiles/tinyusb_host_cdc_msc_hid.dir/home/vboxuser/pico/pico-sdk/lib/tinyusb/src/host/usbh.c.obj
 *fill*         0x2000087d        0x3 
 .data          0x20000880      0x430 /usr/lib/gcc/arm-none-eabi/12.2.1/../../../arm-none-eabi/lib/thumb/v6-m/nofp/libc.a(lib_a-impure.o)
                0x20000880                _impure_ptr
 .data          0x20000cb0      0x410 /usr/lib/gcc/arm-none-eabi/12.2.1/../../../arm-none-eabi/lib/thumb/v6-m/nofp/libc.a(lib_a-mallocr.o)
                0x20000cb0                __malloc_sbrk_base
                0x20000cb4                __malloc_trim_threshold
                0x20000cb8                __malloc_av_
                0x200010c0                        . = ALIGN (0x4)
 *(.after_data.*)
                0x200010c0                        . = ALIGN (0x4)
                0x200010c0                        PROVIDE (__mutex_array_start = .)
 *(SORT_BY_NAME(.mutex_array.*))
 *(.mutex_array)
 .mutex_array   0x200010c0        0x8 CMakeFiles/tinyusb_host_cdc_msc_hid.dir/home/vboxuser/pico/pico-sdk/src/rp2_common/pico_stdio/stdio.c.obj
                0x200010c8                        PROVIDE (__mutex_array_end = .)
                0x200010c8                        . = ALIGN (0x4)
                0x200010c8                        PROVIDE (__preinit_array_start = .)
 *(SORT_BY_NAME(.preinit_array.*))
 .preinit_array.00001
                0x200010c8        0x4 CMakeFiles/tinyusb_host_cdc_msc_hid.dir/home/vboxuser/pico/pico-sdk/src/rp2_common/pico_mem_ops/mem_ops_aeabi.S.obj
 .preinit_array.00010
                0x200010cc        0x4 CMakeFiles/tinyusb_host_cdc_msc_hid.dir/home/vboxuser/pico/pico-sdk/src/rp2_common/pico_bit_ops/bit_ops_aeabi.S.obj
 .preinit_array.00020
                0x200010d0        0x4 CMakeFiles/tinyusb_host_cdc_msc_hid.dir/home/vboxuser/pico/pico-sdk/src/rp2_common/pico_double/double_aeabi.S.obj
 .preinit_array.00020
                0x200010d4        0x4 CMakeFiles/tinyusb_host_cdc_msc_hid.dir/home/vboxuser/pico/pico-sdk/src/rp2_common/pico_float/float_aeabi.S.obj
 *(.preinit_array)
                0x200010d8                        PROVIDE (__preinit_array_end = .)
                0x200010d8                        . = ALIGN (0x4)
                0x200010d8                        PROVIDE (__init_array_start = .)
 *(SORT_BY_NAME(.init_array.*))
 *(.init_array)
 .init_array    0x200010d8        0x4 /usr/lib/gcc/arm-none-eabi/12.2.1/thumb/v6-m/nofp/crtbegin.o
 .init_array    0x200010dc        0x4 CMakeFiles/tinyusb_host_cdc_msc_hid.dir/home/vboxuser/pico/pico-sdk/src/rp2_common/pico_bootsel_via_double_reset/pico_bootsel_via_double_reset.c.obj
                0x200010e0                        PROVIDE (__init_array_end = .)
                0x200010e0                        . = ALIGN (0x4)
                0x200010e0                        PROVIDE (__fini_array_start = .)
 *(SORT_BY_NAME(.fini_array.*))
 *(.fini_array)
                0x200010e0                        PROVIDE (__fini_array_end = .)
 *(.jcr)
                0x200010e0                        . = ALIGN (0x4)
                0x200010e0                        __data_end__ = .
                0x1000a0f4                        __etext = LOADADDR (.data)

.tm_clone_table
                0x200010e0        0x0 load address 0x1000b114
 .tm_clone_table
                0x200010e0        0x0 /usr/lib/gcc/arm-none-eabi/12.2.1/thumb/v6-m/nofp/crtbegin.o
 .tm_clone_table
                0x200010e0        0x0 /usr/lib/gcc/arm-none-eabi/12.2.1/thumb/v6-m/nofp/crtend.o

.igot.plt       0x200010e0        0x0 load address 0x1000b114
 .igot.plt      0x200010e0        0x0 /usr/lib/gcc/arm-none-eabi/12.2.1/thumb/v6-m/nofp/crtbegin.o

.uninitialized_data
                0x200010e0        0xc load address 0x1000b114
                0x200010e0                        . = ALIGN (0x4)
 *(.uninitialized_data*)
 .uninitialized_data.magic_location
                0x200010e0        0xc CMakeFiles/tinyusb_host_cdc_msc_hid.dir/home/vboxuser/pico/pico-sdk/src/rp2_common/pico_bootsel_via_double_reset/pico_bootsel_via_double_reset.c.obj

.scratch_x      0x20040000        0x0 load address 0x1000b114
                0x20040000                        __scratch_x_start__ = .
 *(.scratch_x.*)
                0x20040000                        . = ALIGN (0x4)
                0x20040000                        __scratch_x_end__ = .
                0x1000b114                        __scratch_x_source__ = LOADADDR (.scratch_x)

.scratch_y      0x20041000        0x0 load address 0x1000b114
                0x20041000                        __scratch_y_start__ = .
 *(.scratch_y.*)
                0x20041000                        . = ALIGN (0x4)
                0x20041000                        __scratch_y_end__ = .
                0x1000b114                        __scratch_y_source__ = LOADADDR (.scratch_y)

.bss            0x200010f0     0x1610
                0x200010f0                        . = ALIGN (0x4)
                0x200010f0                        __bss_start__ = .
 *(SORT_BY_ALIGNMENT(SORT_BY_NAME(.bss*)))
 .bss.configured_freq
                0x200010f0       0x28 CMakeFiles/tinyusb_host_cdc_msc_hid.dir/home/vboxuser/pico/pico-sdk/src/rp2_common/hardware_clocks/clocks.c.obj
 .bss.default_alarm_pool_entries
                0x20001118      0x100 CMakeFiles/tinyusb_host_cdc_msc_hid.dir/home/vboxuser/pico/pico-sdk/src/common/pico_time/time.c.obj
 .bss.sd_table  0x20001218      0x100 CMakeFiles/tinyusb_host_cdc_msc_hid.dir/home/vboxuser/pico/pico-sdk/src/rp2_common/pico_double/double_init_rom.c.obj
                0x20001218                sd_table
 .bss           0x20001318       0x1c /usr/lib/gcc/arm-none-eabi/12.2.1/thumb/v6-m/nofp/crtbegin.o
 .bss           0x20001334       0x34 /usr/lib/gcc/arm-none-eabi/12.2.1/../../../arm-none-eabi/lib/thumb/v6-m/nofp/libc.a(lib_a-mallocr.o)
                0x20001334                __malloc_top_pad
                0x20001338                __malloc_current_mallinfo
                0x20001360                __malloc_max_sbrked_mem
                0x20001364                __malloc_max_total_mem
 .bss           0x20001368        0x4 /usr/lib/gcc/arm-none-eabi/12.2.1/../../../arm-none-eabi/lib/thumb/v6-m/nofp/libc.a(lib_a-reent.o)
                0x20001368                errno
 .bss._ctrl_xfer
                0x2000136c       0x18 CMakeFiles/tinyusb_host_cdc_msc_hid.dir/home/vboxuser/pico/pico-sdk/lib/tinyusb/src/host/usbh.c.obj
                0x2000136c                _ctrl_xfer
 .bss._dev0     0x20001384        0x5 CMakeFiles/tinyusb_host_cdc_msc_hid.dir/home/vboxuser/pico/pico-sdk/lib/tinyusb/src/host/usbh.c.obj
 *fill*         0x20001389        0x3 
 .bss._hidh_dev
                0x2000138c      0x8c8 CMakeFiles/tinyusb_host_cdc_msc_hid.dir/home/vboxuser/pico/pico-sdk/lib/tinyusb/src/class/hid/hid_host.c.obj
 .bss._hub_buffer
                0x20001c54        0x9 CMakeFiles/tinyusb_host_cdc_msc_hid.dir/home/vboxuser/pico/pico-sdk/lib/tinyusb/src/host/hub.c.obj
 *fill*         0x20001c5d        0x3 
 .bss._msch_buffer
                0x20001c60       0x24 CMakeFiles/tinyusb_host_cdc_msc_hid.dir/home/vboxuser/pico/pico-sdk/lib/tinyusb/src/class/msc/msc_host.c.obj
 .bss._msch_itf
                0x20001c84      0x190 CMakeFiles/tinyusb_host_cdc_msc_hid.dir/home/vboxuser/pico/pico-sdk/lib/tinyusb/src/class/msc/msc_host.c.obj
 .bss._usbh_ctrl_buf
                0x20001e14      0x100 CMakeFiles/tinyusb_host_cdc_msc_hid.dir/home/vboxuser/pico/pico-sdk/lib/tinyusb/src/host/usbh.c.obj
 .bss._usbh_devices
                0x20001f14      0x186 CMakeFiles/tinyusb_host_cdc_msc_hid.dir/home/vboxuser/pico/pico-sdk/lib/tinyusb/src/host/usbh.c.obj
                0x20001f14                _usbh_devices
 *fill*         0x2000209a        0x2 
 .bss._usbh_mutex
                0x2000209c        0x4 CMakeFiles/tinyusb_host_cdc_msc_hid.dir/home/vboxuser/pico/pico-sdk/lib/tinyusb/src/host/usbh.c.obj
 .bss._usbh_mutexdef
                0x200020a0        0x8 CMakeFiles/tinyusb_host_cdc_msc_hid.dir/home/vboxuser/pico/pico-sdk/lib/tinyusb/src/host/usbh.c.obj
 .bss._usbh_q   0x200020a8        0x4 CMakeFiles/tinyusb_host_cdc_msc_hid.dir/home/vboxuser/pico/pico-sdk/lib/tinyusb/src/host/usbh.c.obj
 .bss._usbh_qdef_buf
                0x200020ac       0xc0 CMakeFiles/tinyusb_host_cdc_msc_hid.dir/home/vboxuser/pico/pico-sdk/lib/tinyusb/src/host/usbh.c.obj
                0x200020ac                _usbh_qdef_buf
 .bss.alarm_callbacks
                0x2000216c       0x10 CMakeFiles/tinyusb_host_cdc_msc_hid.dir/home/vboxuser/pico/pico-sdk/src/rp2_common/hardware_timer/timer.c.obj
 .bss.cdch_data
                0x2000217c      0x164 CMakeFiles/tinyusb_host_cdc_msc_hid.dir/home/vboxuser/pico/pico-sdk/lib/tinyusb/src/class/cdc/cdc_host.c.obj
 .bss.chars_available_callback
                0x200022e0        0x4 CMakeFiles/tinyusb_host_cdc_msc_hid.dir/home/vboxuser/pico/pico-sdk/src/rp2_common/pico_stdio_uart/stdio_uart.c.obj
 .bss.chars_available_param
                0x200022e4        0x4 CMakeFiles/tinyusb_host_cdc_msc_hid.dir/home/vboxuser/pico/pico-sdk/src/rp2_common/pico_stdio_uart/stdio_uart.c.obj
 .bss.claimed   0x200022e8        0x4 CMakeFiles/tinyusb_host_cdc_msc_hid.dir/home/vboxuser/pico/pico-sdk/src/rp2_common/hardware_sync/sync.c.obj
 .bss.default_alarm_pool_entry_ids_high
                0x200022ec       0x10 CMakeFiles/tinyusb_host_cdc_msc_hid.dir/home/vboxuser/pico/pico-sdk/src/common/pico_time/time.c.obj
 .bss.default_alarm_pool_heap_nodes
                0x200022fc       0x30 CMakeFiles/tinyusb_host_cdc_msc_hid.dir/home/vboxuser/pico/pico-sdk/src/common/pico_time/time.c.obj
 .bss.drivers   0x2000232c        0x4 CMakeFiles/tinyusb_host_cdc_msc_hid.dir/home/vboxuser/pico/pico-sdk/src/rp2_common/pico_stdio/stdio.c.obj
 .bss.e15_last_sof
                0x20002330        0x4 CMakeFiles/tinyusb_host_cdc_msc_hid.dir/home/vboxuser/pico/pico-sdk/lib/tinyusb/src/portable/raspberrypi/rp2040/rp2040_usb.c.obj
                0x20002330                e15_last_sof
 .bss.ep_pool   0x20002334      0x200 CMakeFiles/tinyusb_host_cdc_msc_hid.dir/home/vboxuser/pico/pico-sdk/lib/tinyusb/src/portable/raspberrypi/rp2040/hcd_rp2040.c.obj
 .bss.filter    0x20002534        0x4 CMakeFiles/tinyusb_host_cdc_msc_hid.dir/home/vboxuser/pico/pico-sdk/src/rp2_common/pico_stdio/stdio.c.obj
 .bss.heap_end.0
                0x20002538        0x4 CMakeFiles/tinyusb_host_cdc_msc_hid.dir/home/vboxuser/pico/pico-sdk/src/rp2_common/pico_runtime/runtime.c.obj
 .bss.hid_info  0x2000253c       0x48 CMakeFiles/tinyusb_host_cdc_msc_hid.dir/src/hid_app.c.obj
 .bss.hub_data  0x20002584        0xc CMakeFiles/tinyusb_host_cdc_msc_hid.dir/home/vboxuser/pico/pico-sdk/lib/tinyusb/src/host/hub.c.obj
 .bss.inquiry_resp
                0x20002590       0x24 CMakeFiles/tinyusb_host_cdc_msc_hid.dir/src/msc_app.c.obj
 .bss.lazy_vsnprintf
                0x200025b4        0x4 CMakeFiles/tinyusb_host_cdc_msc_hid.dir/home/vboxuser/pico/pico-sdk/src/rp2_common/pico_printf/printf.c.obj
 .bss.pools     0x200025b8       0x10 CMakeFiles/tinyusb_host_cdc_msc_hid.dir/home/vboxuser/pico/pico-sdk/src/common/pico_time/time.c.obj
 .bss.prev_report.1
                0x200025c8        0x8 CMakeFiles/tinyusb_host_cdc_msc_hid.dir/src/hid_app.c.obj
 .bss.sf_clz_func
                0x200025d0        0x4 CMakeFiles/tinyusb_host_cdc_msc_hid.dir/home/vboxuser/pico/pico-sdk/src/rp2_common/pico_double/double_init_rom.c.obj
                0x200025d0                sf_clz_func
 .bss.sf_table  0x200025d4      0x100 CMakeFiles/tinyusb_host_cdc_msc_hid.dir/home/vboxuser/pico/pico-sdk/src/rp2_common/pico_float/float_init_rom.c.obj
                0x200025d4                sf_table
 .bss.sleep_notifier
                0x200026d4        0x4 CMakeFiles/tinyusb_host_cdc_msc_hid.dir/home/vboxuser/pico/pico-sdk/src/common/pico_time/time.c.obj
 .bss.start_ms.1
                0x200026d8        0x4 CMakeFiles/tinyusb_host_cdc_msc_hid.dir/src/main.c.obj
 .bss.target_hi
                0x200026dc       0x10 CMakeFiles/tinyusb_host_cdc_msc_hid.dir/home/vboxuser/pico/pico-sdk/src/rp2_common/hardware_timer/timer.c.obj
 .bss.uart_char_to_line_feed
                0x200026ec        0x4 CMakeFiles/tinyusb_host_cdc_msc_hid.dir/home/vboxuser/pico/pico-sdk/src/rp2_common/hardware_uart/uart.c.obj
                0x200026ec                uart_char_to_line_feed
 .bss.uart_inst
                0x200026f0        0x4 CMakeFiles/tinyusb_host_cdc_msc_hid.dir/home/vboxuser/pico/pico-sdk/lib/tinyusb/hw/bsp/rp2040/family.c.obj
 .bss.uart_instance
                0x200026f4        0x4 CMakeFiles/tinyusb_host_cdc_msc_hid.dir/home/vboxuser/pico/pico-sdk/src/rp2_common/pico_stdio_uart/stdio_uart.c.obj
 .bss.claimed   0x200026f8        0x1 CMakeFiles/tinyusb_host_cdc_msc_hid.dir/home/vboxuser/pico/pico-sdk/src/rp2_common/hardware_timer/timer.c.obj
 .bss.failed_count.0
                0x200026f9        0x1 CMakeFiles/tinyusb_host_cdc_msc_hid.dir/home/vboxuser/pico/pico-sdk/lib/tinyusb/src/host/usbh.c.obj
 .bss.irq_hander_chain_free_slot_head
                0x200026fa        0x1 CMakeFiles/tinyusb_host_cdc_msc_hid.dir/home/vboxuser/pico/pico-sdk/src/rp2_common/hardware_irq/irq.c.obj
 .bss.led_state.0
                0x200026fb        0x1 CMakeFiles/tinyusb_host_cdc_msc_hid.dir/src/main.c.obj
 .bss.timer_callbacks_pending
                0x200026fc        0x1 CMakeFiles/tinyusb_host_cdc_msc_hid.dir/home/vboxuser/pico/pico-sdk/src/rp2_common/hardware_timer/timer.c.obj
 *(COMMON)
                0x20002700                        . = ALIGN (0x4)
 *fill*         0x200026fd        0x3 
                0x20002700                        __bss_end__ = .

.heap           0x20002700      0x800
                0x20002700                        __end__ = .
                0x20002700                        end = __end__
 *(.heap*)
 .heap          0x20002700      0x800 CMakeFiles/tinyusb_host_cdc_msc_hid.dir/home/vboxuser/pico/pico-sdk/src/rp2_common/pico_standard_link/crt0.S.obj
                0x20002f00                        __HeapLimit = .

.stack1_dummy
 *(.stack1*)

.stack_dummy    0x20041000      0x800
 *(.stack*)
 .stack         0x20041000      0x800 CMakeFiles/tinyusb_host_cdc_msc_hid.dir/home/vboxuser/pico/pico-sdk/src/rp2_common/pico_standard_link/crt0.S.obj

.flash_end      0x1000b114        0x0
                0x1000b114                        PROVIDE (__flash_binary_end = .)
                0x20040000                        __StackLimit = (ORIGIN (RAM) + LENGTH (RAM))
                0x20041000                        __StackOneTop = (ORIGIN (SCRATCH_X) + LENGTH (SCRATCH_X))
                0x20042000                        __StackTop = (ORIGIN (SCRATCH_Y) + LENGTH (SCRATCH_Y))
                0x20041000                        __StackOneBottom = (__StackOneTop - SIZEOF (.stack1_dummy))
                0x20041800                        __StackBottom = (__StackTop - SIZEOF (.stack_dummy))
                0x20042000                        PROVIDE (__stack = __StackTop)
                0x00000001                        ASSERT ((__StackLimit >= __HeapLimit), region RAM overflowed)
                0x00000001                        ASSERT (((__binary_info_header_end - __logical_binary_start) <= 0x100), Binary info must be in first 256 bytes of the binary)
LOAD CMakeFiles/tinyusb_host_cdc_msc_hid.dir/src/cdc_app.c.obj
LOAD CMakeFiles/tinyusb_host_cdc_msc_hid.dir/src/hid_app.c.obj
LOAD CMakeFiles/tinyusb_host_cdc_msc_hid.dir/src/main.c.obj
LOAD CMakeFiles/tinyusb_host_cdc_msc_hid.dir/src/msc_app.c.obj
LOAD CMakeFiles/tinyusb_host_cdc_msc_hid.dir/home/vboxuser/pico/pico-sdk/src/rp2_common/pico_stdlib/stdlib.c.obj
LOAD CMakeFiles/tinyusb_host_cdc_msc_hid.dir/home/vboxuser/pico/pico-sdk/src/rp2_common/hardware_gpio/gpio.c.obj
LOAD CMakeFiles/tinyusb_host_cdc_msc_hid.dir/home/vboxuser/pico/pico-sdk/src/rp2_common/pico_platform/platform.c.obj
LOAD CMakeFiles/tinyusb_host_cdc_msc_hid.dir/home/vboxuser/pico/pico-sdk/src/rp2_common/hardware_claim/claim.c.obj
LOAD CMakeFiles/tinyusb_host_cdc_msc_hid.dir/home/vboxuser/pico/pico-sdk/src/rp2_common/hardware_sync/sync.c.obj
LOAD CMakeFiles/tinyusb_host_cdc_msc_hid.dir/home/vboxuser/pico/pico-sdk/src/rp2_common/hardware_irq/irq.c.obj
LOAD CMakeFiles/tinyusb_host_cdc_msc_hid.dir/home/vboxuser/pico/pico-sdk/src/rp2_common/hardware_irq/irq_handler_chain.S.obj
LOAD CMakeFiles/tinyusb_host_cdc_msc_hid.dir/home/vboxuser/pico/pico-sdk/src/common/pico_sync/sem.c.obj
LOAD CMakeFiles/tinyusb_host_cdc_msc_hid.dir/home/vboxuser/pico/pico-sdk/src/common/pico_sync/lock_core.c.obj
LOAD CMakeFiles/tinyusb_host_cdc_msc_hid.dir/home/vboxuser/pico/pico-sdk/src/common/pico_sync/mutex.c.obj
LOAD CMakeFiles/tinyusb_host_cdc_msc_hid.dir/home/vboxuser/pico/pico-sdk/src/common/pico_sync/critical_section.c.obj
LOAD CMakeFiles/tinyusb_host_cdc_msc_hid.dir/home/vboxuser/pico/pico-sdk/src/common/pico_time/time.c.obj
LOAD CMakeFiles/tinyusb_host_cdc_msc_hid.dir/home/vboxuser/pico/pico-sdk/src/common/pico_time/timeout_helper.c.obj
LOAD CMakeFiles/tinyusb_host_cdc_msc_hid.dir/home/vboxuser/pico/pico-sdk/src/rp2_common/hardware_timer/timer.c.obj
LOAD CMakeFiles/tinyusb_host_cdc_msc_hid.dir/home/vboxuser/pico/pico-sdk/src/common/pico_util/datetime.c.obj
LOAD CMakeFiles/tinyusb_host_cdc_msc_hid.dir/home/vboxuser/pico/pico-sdk/src/common/pico_util/pheap.c.obj
LOAD CMakeFiles/tinyusb_host_cdc_msc_hid.dir/home/vboxuser/pico/pico-sdk/src/common/pico_util/queue.c.obj
LOAD CMakeFiles/tinyusb_host_cdc_msc_hid.dir/home/vboxuser/pico/pico-sdk/src/rp2_common/hardware_uart/uart.c.obj
LOAD CMakeFiles/tinyusb_host_cdc_msc_hid.dir/home/vboxuser/pico/pico-sdk/src/rp2_common/hardware_clocks/clocks.c.obj
LOAD CMakeFiles/tinyusb_host_cdc_msc_hid.dir/home/vboxuser/pico/pico-sdk/src/rp2_common/hardware_pll/pll.c.obj
LOAD CMakeFiles/tinyusb_host_cdc_msc_hid.dir/home/vboxuser/pico/pico-sdk/src/rp2_common/hardware_vreg/vreg.c.obj
LOAD CMakeFiles/tinyusb_host_cdc_msc_hid.dir/home/vboxuser/pico/pico-sdk/src/rp2_common/hardware_watchdog/watchdog.c.obj
LOAD CMakeFiles/tinyusb_host_cdc_msc_hid.dir/home/vboxuser/pico/pico-sdk/src/rp2_common/hardware_xosc/xosc.c.obj
LOAD CMakeFiles/tinyusb_host_cdc_msc_hid.dir/home/vboxuser/pico/pico-sdk/src/rp2_common/hardware_divider/divider.S.obj
LOAD CMakeFiles/tinyusb_host_cdc_msc_hid.dir/home/vboxuser/pico/pico-sdk/src/rp2_common/pico_runtime/runtime.c.obj